Archive member included to satisfy reference by file (symbol)

d:/ac6/systemworkbench/plugins/fr.ac6.mcu.externaltools.arm-none.win32_1.15.0.201708311556/tools/compiler/bin/../lib/gcc/arm-none-eabi/6.3.1/../../../../arm-none-eabi/lib/thumb/v7e-m/fpv5/hard\libc_nano.a(lib_a-exit.o)
                              d:/ac6/systemworkbench/plugins/fr.ac6.mcu.externaltools.arm-none.win32_1.15.0.201708311556/tools/compiler/bin/../lib/gcc/arm-none-eabi/6.3.1/../../../../arm-none-eabi/lib/thumb/v7e-m/fpv5/hard/crt0.o (exit)
d:/ac6/systemworkbench/plugins/fr.ac6.mcu.externaltools.arm-none.win32_1.15.0.201708311556/tools/compiler/bin/../lib/gcc/arm-none-eabi/6.3.1/../../../../arm-none-eabi/lib/thumb/v7e-m/fpv5/hard\libc_nano.a(lib_a-impure.o)
                              d:/ac6/systemworkbench/plugins/fr.ac6.mcu.externaltools.arm-none.win32_1.15.0.201708311556/tools/compiler/bin/../lib/gcc/arm-none-eabi/6.3.1/../../../../arm-none-eabi/lib/thumb/v7e-m/fpv5/hard\libc_nano.a(lib_a-exit.o) (_global_impure_ptr)
d:/ac6/systemworkbench/plugins/fr.ac6.mcu.externaltools.arm-none.win32_1.15.0.201708311556/tools/compiler/bin/../lib/gcc/arm-none-eabi/6.3.1/../../../../arm-none-eabi/lib/thumb/v7e-m/fpv5/hard\libc_nano.a(lib_a-init.o)
                              d:/ac6/systemworkbench/plugins/fr.ac6.mcu.externaltools.arm-none.win32_1.15.0.201708311556/tools/compiler/bin/../lib/gcc/arm-none-eabi/6.3.1/../../../../arm-none-eabi/lib/thumb/v7e-m/fpv5/hard/crt0.o (__libc_init_array)
d:/ac6/systemworkbench/plugins/fr.ac6.mcu.externaltools.arm-none.win32_1.15.0.201708311556/tools/compiler/bin/../lib/gcc/arm-none-eabi/6.3.1/../../../../arm-none-eabi/lib/thumb/v7e-m/fpv5/hard\libc_nano.a(lib_a-memset.o)
                              d:/ac6/systemworkbench/plugins/fr.ac6.mcu.externaltools.arm-none.win32_1.15.0.201708311556/tools/compiler/bin/../lib/gcc/arm-none-eabi/6.3.1/../../../../arm-none-eabi/lib/thumb/v7e-m/fpv5/hard/crt0.o (memset)
d:/ac6/systemworkbench/plugins/fr.ac6.mcu.externaltools.arm-none.win32_1.15.0.201708311556/tools/compiler/bin/../lib/gcc/arm-none-eabi/6.3.1/../../../../arm-none-eabi/lib/thumb/v7e-m/fpv5/hard\libnosys.a(_exit.o)
                              d:/ac6/systemworkbench/plugins/fr.ac6.mcu.externaltools.arm-none.win32_1.15.0.201708311556/tools/compiler/bin/../lib/gcc/arm-none-eabi/6.3.1/../../../../arm-none-eabi/lib/thumb/v7e-m/fpv5/hard\libc_nano.a(lib_a-exit.o) (_exit)

Allocating common symbols
Common symbol       size              file

pFlash              0x1c              Drivers/STM32H7xx_HAL_Driver/Src/stm32h7xx_hal_flash.o
hltdc               0xa8              Src/main.o

Discarded input sections

 .text          0x00000000        0x0 d:/ac6/systemworkbench/plugins/fr.ac6.mcu.externaltools.arm-none.win32_1.15.0.201708311556/tools/compiler/bin/../lib/gcc/arm-none-eabi/6.3.1/thumb/v7e-m/fpv5/hard/crti.o
 .data          0x00000000        0x0 d:/ac6/systemworkbench/plugins/fr.ac6.mcu.externaltools.arm-none.win32_1.15.0.201708311556/tools/compiler/bin/../lib/gcc/arm-none-eabi/6.3.1/thumb/v7e-m/fpv5/hard/crti.o
 .bss           0x00000000        0x0 d:/ac6/systemworkbench/plugins/fr.ac6.mcu.externaltools.arm-none.win32_1.15.0.201708311556/tools/compiler/bin/../lib/gcc/arm-none-eabi/6.3.1/thumb/v7e-m/fpv5/hard/crti.o
 .data          0x00000000        0x4 d:/ac6/systemworkbench/plugins/fr.ac6.mcu.externaltools.arm-none.win32_1.15.0.201708311556/tools/compiler/bin/../lib/gcc/arm-none-eabi/6.3.1/thumb/v7e-m/fpv5/hard/crtbegin.o
 .text          0x00000000       0x74 d:/ac6/systemworkbench/plugins/fr.ac6.mcu.externaltools.arm-none.win32_1.15.0.201708311556/tools/compiler/bin/../lib/gcc/arm-none-eabi/6.3.1/../../../../arm-none-eabi/lib/thumb/v7e-m/fpv5/hard/crt0.o
 .data          0x00000000        0x0 d:/ac6/systemworkbench/plugins/fr.ac6.mcu.externaltools.arm-none.win32_1.15.0.201708311556/tools/compiler/bin/../lib/gcc/arm-none-eabi/6.3.1/../../../../arm-none-eabi/lib/thumb/v7e-m/fpv5/hard/crt0.o
 .bss           0x00000000        0x0 d:/ac6/systemworkbench/plugins/fr.ac6.mcu.externaltools.arm-none.win32_1.15.0.201708311556/tools/compiler/bin/../lib/gcc/arm-none-eabi/6.3.1/../../../../arm-none-eabi/lib/thumb/v7e-m/fpv5/hard/crt0.o
 .ARM.extab     0x00000000        0x0 d:/ac6/systemworkbench/plugins/fr.ac6.mcu.externaltools.arm-none.win32_1.15.0.201708311556/tools/compiler/bin/../lib/gcc/arm-none-eabi/6.3.1/../../../../arm-none-eabi/lib/thumb/v7e-m/fpv5/hard/crt0.o
 .ARM.exidx     0x00000000        0x8 d:/ac6/systemworkbench/plugins/fr.ac6.mcu.externaltools.arm-none.win32_1.15.0.201708311556/tools/compiler/bin/../lib/gcc/arm-none-eabi/6.3.1/../../../../arm-none-eabi/lib/thumb/v7e-m/fpv5/hard/crt0.o
 .ARM.attributes
                0x00000000       0x1e d:/ac6/systemworkbench/plugins/fr.ac6.mcu.externaltools.arm-none.win32_1.15.0.201708311556/tools/compiler/bin/../lib/gcc/arm-none-eabi/6.3.1/../../../../arm-none-eabi/lib/thumb/v7e-m/fpv5/hard/crt0.o
[...]
Memory Configuration

Name             Origin             Length             Attributes
DTCMRAM          0x20000000         0x00020000         xrw
RAM_D1           0x24000000         0x00080000         xrw
RAM_D2           0x30000000         0x00048000         xrw
RAM_D3           0x38000000         0x00010000         xrw
ITCMRAM          0x00000000         0x00010000         xrw
FLASH            0x08000000         0x00200000         xr
*default*        0x00000000         0xffffffff

Linker script and memory map

LOAD d:/ac6/systemworkbench/plugins/fr.ac6.mcu.externaltools.arm-none.win32_1.15.0.201708311556/tools/compiler/bin/../lib/gcc/arm-none-eabi/6.3.1/thumb/v7e-m/fpv5/hard/crti.o
LOAD d:/ac6/systemworkbench/plugins/fr.ac6.mcu.externaltools.arm-none.win32_1.15.0.201708311556/tools/compiler/bin/../lib/gcc/arm-none-eabi/6.3.1/thumb/v7e-m/fpv5/hard/crtbegin.o
LOAD d:/ac6/systemworkbench/plugins/fr.ac6.mcu.externaltools.arm-none.win32_1.15.0.201708311556/tools/compiler/bin/../lib/gcc/arm-none-eabi/6.3.1/../../../../arm-none-eabi/lib/thumb/v7e-m/fpv5/hard/crt0.o
LOAD Drivers/STM32H7xx_HAL_Driver/Src/stm32h7xx_hal.o
LOAD Drivers/STM32H7xx_HAL_Driver/Src/stm32h7xx_hal_cortex.o
LOAD Drivers/STM32H7xx_HAL_Driver/Src/stm32h7xx_hal_dma.o
LOAD Drivers/STM32H7xx_HAL_Driver/Src/stm32h7xx_hal_dma_ex.o
LOAD Drivers/STM32H7xx_HAL_Driver/Src/stm32h7xx_hal_flash.o
LOAD Drivers/STM32H7xx_HAL_Driver/Src/stm32h7xx_hal_flash_ex.o
LOAD Drivers/STM32H7xx_HAL_Driver/Src/stm32h7xx_hal_gpio.o
LOAD Drivers/STM32H7xx_HAL_Driver/Src/stm32h7xx_hal_hsem.o
LOAD Drivers/STM32H7xx_HAL_Driver/Src/stm32h7xx_hal_i2c.o
LOAD Drivers/STM32H7xx_HAL_Driver/Src/stm32h7xx_hal_i2c_ex.o
LOAD Drivers/STM32H7xx_HAL_Driver/Src/stm32h7xx_hal_ltdc.o
LOAD Drivers/STM32H7xx_HAL_Driver/Src/stm32h7xx_hal_mdma.o
LOAD Drivers/STM32H7xx_HAL_Driver/Src/stm32h7xx_hal_pwr.o
LOAD Drivers/STM32H7xx_HAL_Driver/Src/stm32h7xx_hal_pwr_ex.o
LOAD Drivers/STM32H7xx_HAL_Driver/Src/stm32h7xx_hal_rcc.o
LOAD Drivers/STM32H7xx_HAL_Driver/Src/stm32h7xx_hal_rcc_ex.o
LOAD Drivers/STM32H7xx_HAL_Driver/Src/stm32h7xx_hal_tim.o
LOAD Drivers/STM32H7xx_HAL_Driver/Src/stm32h7xx_hal_tim_ex.o
LOAD Src/main.o
LOAD Src/stm32h7xx_hal_msp.o
LOAD Src/stm32h7xx_it.o
LOAD Src/system_stm32h7xx.o
LOAD startup/startup_stm32h743xx.o
LOAD d:/ac6/systemworkbench/plugins/fr.ac6.mcu.externaltools.arm-none.win32_1.15.0.201708311556/tools/compiler/bin/../lib/gcc/arm-none-eabi/6.3.1/../../../../arm-none-eabi/lib/thumb/v7e-m/fpv5/hard\libm.a
START GROUP
LOAD d:/ac6/systemworkbench/plugins/fr.ac6.mcu.externaltools.arm-none.win32_1.15.0.201708311556/tools/compiler/bin/../lib/gcc/arm-none-eabi/6.3.1/thumb/v7e-m/fpv5/hard\libgcc.a
LOAD d:/ac6/systemworkbench/plugins/fr.ac6.mcu.externaltools.arm-none.win32_1.15.0.201708311556/tools/compiler/bin/../lib/gcc/arm-none-eabi/6.3.1/../../../../arm-none-eabi/lib/thumb/v7e-m/fpv5/hard\libc_nano.a
END GROUP
START GROUP
LOAD d:/ac6/systemworkbench/plugins/fr.ac6.mcu.externaltools.arm-none.win32_1.15.0.201708311556/tools/compiler/bin/../lib/gcc/arm-none-eabi/6.3.1/thumb/v7e-m/fpv5/hard\libgcc.a
LOAD d:/ac6/systemworkbench/plugins/fr.ac6.mcu.externaltools.arm-none.win32_1.15.0.201708311556/tools/compiler/bin/../lib/gcc/arm-none-eabi/6.3.1/../../../../arm-none-eabi/lib/thumb/v7e-m/fpv5/hard\libc_nano.a
LOAD d:/ac6/systemworkbench/plugins/fr.ac6.mcu.externaltools.arm-none.win32_1.15.0.201708311556/tools/compiler/bin/../lib/gcc/arm-none-eabi/6.3.1/../../../../arm-none-eabi/lib/thumb/v7e-m/fpv5/hard\libnosys.a
END GROUP
START GROUP
LOAD d:/ac6/systemworkbench/plugins/fr.ac6.mcu.externaltools.arm-none.win32_1.15.0.201708311556/tools/compiler/bin/../lib/gcc/arm-none-eabi/6.3.1/thumb/v7e-m/fpv5/hard\libgcc.a
LOAD d:/ac6/systemworkbench/plugins/fr.ac6.mcu.externaltools.arm-none.win32_1.15.0.201708311556/tools/compiler/bin/../lib/gcc/arm-none-eabi/6.3.1/../../../../arm-none-eabi/lib/thumb/v7e-m/fpv5/hard\libc_nano.a
LOAD d:/ac6/systemworkbench/plugins/fr.ac6.mcu.externaltools.arm-none.win32_1.15.0.201708311556/tools/compiler/bin/../lib/gcc/arm-none-eabi/6.3.1/../../../../arm-none-eabi/lib/thumb/v7e-m/fpv5/hard\libnosys.a
END GROUP
LOAD d:/ac6/systemworkbench/plugins/fr.ac6.mcu.externaltools.arm-none.win32_1.15.0.201708311556/tools/compiler/bin/../lib/gcc/arm-none-eabi/6.3.1/thumb/v7e-m/fpv5/hard/crtend.o
LOAD d:/ac6/systemworkbench/plugins/fr.ac6.mcu.externaltools.arm-none.win32_1.15.0.201708311556/tools/compiler/bin/../lib/gcc/arm-none-eabi/6.3.1/thumb/v7e-m/fpv5/hard/crtn.o
                0x20020000                _estack = 0x20020000
                0x00000200                _Min_Heap_Size = 0x200
                0x00000400                _Min_Stack_Size = 0x400

.isr_vector     0x08000000      0x298
                0x08000000                . = ALIGN (0x4)
 *(.isr_vector)
 .isr_vector    0x08000000      0x298 startup/startup_stm32h743xx.o
                0x08000000                g_pfnVectors
                0x08000298                . = ALIGN (0x4)

.text           0x08000298     0x2344
                0x08000298                . = ALIGN (0x4)
 *(.text)
 .text          0x08000298       0x6c d:/ac6/systemworkbench/plugins/fr.ac6.mcu.externaltools.arm-none.win32_1.15.0.201708311556/tools/compiler/bin/../lib/gcc/arm-none-eabi/6.3.1/thumb/v7e-m/fpv5/hard/crtbegin.o
 *(.text*)
 .text.HAL_InitTick
                0x08000304       0x48 Drivers/STM32H7xx_HAL_Driver/Src/stm32h7xx_hal.o
                0x08000304                HAL_InitTick
 .text.HAL_Init
                0x0800034c       0x1e Drivers/STM32H7xx_HAL_Driver/Src/stm32h7xx_hal.o
                0x0800034c                HAL_Init
 *fill*         0x0800036a        0x2 
 .text.HAL_IncTick
                0x0800036c       0x18 Drivers/STM32H7xx_HAL_Driver/Src/stm32h7xx_hal.o
                0x0800036c                HAL_IncTick
 .text.HAL_GetTick
                0x08000384        0xc Drivers/STM32H7xx_HAL_Driver/Src/stm32h7xx_hal.o
                0x08000384                HAL_GetTick
 .text.HAL_NVIC_SetPriorityGrouping
                0x08000390       0x24 Drivers/STM32H7xx_HAL_Driver/Src/stm32h7xx_hal_cortex.o
                0x08000390                HAL_NVIC_SetPriorityGrouping
 .text.HAL_NVIC_SetPriority
                0x080003b4       0x60 Drivers/STM32H7xx_HAL_Driver/Src/stm32h7xx_hal_cortex.o
                0x080003b4                HAL_NVIC_SetPriority
 .text.HAL_SYSTICK_Config
                0x08000414       0x2c Drivers/STM32H7xx_HAL_Driver/Src/stm32h7xx_hal_cortex.o
                0x08000414                HAL_SYSTICK_Config
 .text.HAL_SYSTICK_CLKSourceConfig
                0x08000440       0x20 Drivers/STM32H7xx_HAL_Driver/Src/stm32h7xx_hal_cortex.o
                0x08000440                HAL_SYSTICK_CLKSourceConfig
 .text.HAL_SYSTICK_Callback
                0x08000460        0x2 Drivers/STM32H7xx_HAL_Driver/Src/stm32h7xx_hal_cortex.o
                0x08000460                HAL_SYSTICK_Callback
 .text.HAL_SYSTICK_IRQHandler
                0x08000462        0x8 Drivers/STM32H7xx_HAL_Driver/Src/stm32h7xx_hal_cortex.o
                0x08000462                HAL_SYSTICK_IRQHandler
 *fill*         0x0800046a        0x2 
 .text.HAL_GPIO_Init
                0x0800046c      0x1ec Drivers/STM32H7xx_HAL_Driver/Src/stm32h7xx_hal_gpio.o
                0x0800046c                HAL_GPIO_Init
 .text.HAL_GPIO_WritePin
                0x08000658        0xa Drivers/STM32H7xx_HAL_Driver/Src/stm32h7xx_hal_gpio.o
                0x08000658                HAL_GPIO_WritePin
 *fill*         0x08000662        0x2 
 .text.LTDC_SetConfig
                0x08000664      0x190 Drivers/STM32H7xx_HAL_Driver/Src/stm32h7xx_hal_ltdc.o
 .text.HAL_LTDC_Init
                0x080007f4       0xf4 Drivers/STM32H7xx_HAL_Driver/Src/stm32h7xx_hal_ltdc.o
                0x080007f4                HAL_LTDC_Init
 .text.HAL_LTDC_ConfigLayer
                0x080008e8       0x5c Drivers/STM32H7xx_HAL_Driver/Src/stm32h7xx_hal_ltdc.o
                0x080008e8                HAL_LTDC_ConfigLayer
 .text.HAL_RCC_OscConfig
                0x08000944      0x58c Drivers/STM32H7xx_HAL_Driver/Src/stm32h7xx_hal_rcc.o
                0x08000944                HAL_RCC_OscConfig
 .text.HAL_RCC_GetSysClockFreq
                0x08000ed0      0x1cc Drivers/STM32H7xx_HAL_Driver/Src/stm32h7xx_hal_rcc.o
                0x08000ed0                HAL_RCC_GetSysClockFreq
 .text.HAL_RCC_ClockConfig
                0x0800109c      0x1f0 Drivers/STM32H7xx_HAL_Driver/Src/stm32h7xx_hal_rcc.o
                0x0800109c                HAL_RCC_ClockConfig
 .text.RCCEx_PLL2_Config
                0x0800128c       0xc0 Drivers/STM32H7xx_HAL_Driver/Src/stm32h7xx_hal_rcc_ex.o
 .text.RCCEx_PLL3_Config
                0x0800134c       0xc0 Drivers/STM32H7xx_HAL_Driver/Src/stm32h7xx_hal_rcc_ex.o
 .text.HAL_RCCEx_PeriphCLKConfig
                0x0800140c      0xab0 Drivers/STM32H7xx_HAL_Driver/Src/stm32h7xx_hal_rcc_ex.o
                0x0800140c                HAL_RCCEx_PeriphCLKConfig
 .text.MX_GPIO_Init
                0x08001ebc      0x1ac Src/main.o
 .text._Error_Handler
                0x08002068        0x2 Src/main.o
                0x08002068                _Error_Handler
 *fill*         0x0800206a        0x2 
 .text.MX_LTDC_Init
                0x0800206c       0xf0 Src/main.o
 .text.SystemClock_Config
                0x0800215c      0x114 Src/main.o
                0x0800215c                SystemClock_Config
 .text.main     0x08002270       0x40 Src/main.o
                0x08002270                main
 .text.HAL_MspInit
                0x080022b0       0x84 Src/stm32h7xx_hal_msp.o
                0x080022b0                HAL_MspInit
 .text.HAL_LTDC_MspInit
                0x08002334      0x170 Src/stm32h7xx_hal_msp.o
                0x08002334                HAL_LTDC_MspInit
 .text.NMI_Handler
                0x080024a4        0x2 Src/stm32h7xx_it.o
                0x080024a4                NMI_Handler
 .text.HardFault_Handler
                0x080024a6        0x2 Src/stm32h7xx_it.o
                0x080024a6                HardFault_Handler
 .text.MemManage_Handler
                0x080024a8        0x2 Src/stm32h7xx_it.o
                0x080024a8                MemManage_Handler
 .text.BusFault_Handler
                0x080024aa        0x2 Src/stm32h7xx_it.o
                0x080024aa                BusFault_Handler
 .text.UsageFault_Handler
                0x080024ac        0x2 Src/stm32h7xx_it.o
                0x080024ac                UsageFault_Handler
 .text.SVC_Handler
                0x080024ae        0x2 Src/stm32h7xx_it.o
                0x080024ae                SVC_Handler
 .text.DebugMon_Handler
                0x080024b0        0x2 Src/stm32h7xx_it.o
                0x080024b0                DebugMon_Handler
 .text.PendSV_Handler
                0x080024b2        0x2 Src/stm32h7xx_it.o
                0x080024b2                PendSV_Handler
 .text.SysTick_Handler
                0x080024b4        0xc Src/stm32h7xx_it.o
                0x080024b4                SysTick_Handler
 .text.SystemInit
                0x080024c0       0x68 Src/system_stm32h7xx.o
                0x080024c0                SystemInit
 .text.Reset_Handler
                0x08002528       0x50 startup/startup_stm32h743xx.o
                0x08002528                Reset_Handler
 .text.Default_Handler
                0x08002578        0x2 startup/startup_stm32h743xx.o
                0x08002578                RTC_Alarm_IRQHandler
                0x08002578                EXTI2_IRQHandler
                0x08002578                TIM8_CC_IRQHandler
                0x08002578                HRTIM1_Master_IRQHandler
                0x08002578                UART8_IRQHandler
                0x08002578                SPI4_IRQHandler
                0x08002578                TIM1_CC_IRQHandler
                0x08002578                BDMA_Channel6_IRQHandler
                0x08002578                DMA2_Stream5_IRQHandler
                0x08002578                HRTIM1_FLT_IRQHandler
                0x08002578                JPEG_IRQHandler
                0x08002578                DMA1_Stream5_IRQHandler
                0x08002578                BDMA_Channel1_IRQHandler
                0x08002578                HRTIM1_TIMD_IRQHandler
                0x08002578                TAMP_STAMP_IRQHandler
                0x08002578                EXTI3_IRQHandler
                0x08002578                LPTIM4_IRQHandler
                0x08002578                TIM8_TRG_COM_TIM14_IRQHandler
                0x08002578                LPTIM2_IRQHandler
                0x08002578                DFSDM1_FLT1_IRQHandler
                0x08002578                DMAMUX2_OVR_IRQHandler
                0x08002578                TIM8_UP_TIM13_IRQHandler
                0x08002578                I2C3_ER_IRQHandler
                0x08002578                DFSDM1_FLT2_IRQHandler
                0x08002578                MDMA_IRQHandler
                0x08002578                LPTIM3_IRQHandler
                0x08002578                HSEM1_IRQHandler
                0x08002578                EXTI0_IRQHandler
                0x08002578                I2C2_EV_IRQHandler
                0x08002578                DMA1_Stream2_IRQHandler
                0x08002578                FPU_IRQHandler
                0x08002578                OTG_HS_WKUP_IRQHandler
                0x08002578                FDCAN1_IT1_IRQHandler
                0x08002578                LTDC_ER_IRQHandler
                0x08002578                DMA2_Stream2_IRQHandler
                0x08002578                HRTIM1_TIME_IRQHandler
                0x08002578                SPI1_IRQHandler
                0x08002578                TIM6_DAC_IRQHandler
                0x08002578                DCMI_IRQHandler
                0x08002578                HRTIM1_TIMC_IRQHandler
                0x08002578                DMA2_Stream3_IRQHandler
                0x08002578                SAI2_IRQHandler
                0x08002578                DFSDM1_FLT3_IRQHandler
                0x08002578                USART6_IRQHandler
                0x08002578                TIM17_IRQHandler
                0x08002578                USART3_IRQHandler
                0x08002578                BDMA_Channel7_IRQHandler
                0x08002578                LPTIM5_IRQHandler
                0x08002578                UART5_IRQHandler
                0x08002578                ADC3_IRQHandler
                0x08002578                DMA2_Stream0_IRQHandler
                0x08002578                TIM4_IRQHandler
                0x08002578                BDMA_Channel2_IRQHandler
                0x08002578                QUADSPI_IRQHandler
                0x08002578                I2C1_EV_IRQHandler
                0x08002578                DMA1_Stream6_IRQHandler
                0x08002578                DMAMUX1_OVR_IRQHandler
                0x08002578                DMA1_Stream1_IRQHandler
                0x08002578                TIM16_IRQHandler
                0x08002578                UART4_IRQHandler
                0x08002578                BDMA_Channel5_IRQHandler
                0x08002578                TIM3_IRQHandler
                0x08002578                RCC_IRQHandler
                0x08002578                TIM8_BRK_TIM12_IRQHandler
                0x08002578                TIM1_TRG_COM_IRQHandler
                0x08002578                Default_Handler
                0x08002578                CEC_IRQHandler
                0x08002578                EXTI15_10_IRQHandler
                0x08002578                BDMA_Channel0_IRQHandler
                0x08002578                ADC_IRQHandler
                0x08002578                DMA1_Stream7_IRQHandler
                0x08002578                HRTIM1_TIMA_IRQHandler
                0x08002578                SPI5_IRQHandler
                0x08002578                TIM7_IRQHandler
                0x08002578                SDMMC1_IRQHandler
                0x08002578                TIM5_IRQHandler
                0x08002578                DMA2_Stream7_IRQHandler
                0x08002578                TIM15_IRQHandler
                0x08002578                PVD_AVD_IRQHandler
                0x08002578                I2C3_EV_IRQHandler
                0x08002578                EXTI9_5_IRQHandler
                0x08002578                RTC_WKUP_IRQHandler
                0x08002578                LTDC_IRQHandler
                0x08002578                SAI3_IRQHandler
                0x08002578                ETH_WKUP_IRQHandler
                0x08002578                SPDIF_RX_IRQHandler
                0x08002578                SPI2_IRQHandler
                0x08002578                OTG_HS_EP1_IN_IRQHandler
                0x08002578                DMA1_Stream0_IRQHandler
                0x08002578                CRS_IRQHandler
                0x08002578                EXTI4_IRQHandler
                0x08002578                RNG_IRQHandler
                0x08002578                HRTIM1_TIMB_IRQHandler
                0x08002578                FDCAN2_IT1_IRQHandler
                0x08002578                ETH_IRQHandler
                0x08002578                TIM1_UP_IRQHandler
                0x08002578                BDMA_Channel4_IRQHandler
                0x08002578                OTG_HS_EP1_OUT_IRQHandler
                0x08002578                WWDG_IRQHandler
                0x08002578                SPI6_IRQHandler
                0x08002578                MDIOS_IRQHandler
                0x08002578                I2C4_EV_IRQHandler
                0x08002578                FDCAN2_IT0_IRQHandler
                0x08002578                LPUART1_IRQHandler
                0x08002578                FDCAN1_IT0_IRQHandler
                0x08002578                TIM2_IRQHandler
                0x08002578                OTG_FS_WKUP_IRQHandler
                0x08002578                OTG_HS_IRQHandler
                0x08002578                DMA2D_IRQHandler
                0x08002578                TIM1_BRK_IRQHandler
                0x08002578                EXTI1_IRQHandler
                0x08002578                SDMMC2_IRQHandler
                0x08002578                OTG_FS_EP1_OUT_IRQHandler
                0x08002578                BDMA_Channel3_IRQHandler
                0x08002578                UART7_IRQHandler
                0x08002578                MDIOS_WKUP_IRQHandler
                0x08002578                USART2_IRQHandler
                0x08002578                DFSDM1_FLT0_IRQHandler
                0x08002578                SAI4_IRQHandler
                0x08002578                I2C2_ER_IRQHandler
                0x08002578                DMA2_Stream1_IRQHandler
                0x08002578                FLASH_IRQHandler
                0x08002578                DMA2_Stream4_IRQHandler
                0x08002578                USART1_IRQHandler
                0x08002578                OTG_FS_IRQHandler
                0x08002578                SPI3_IRQHandler
                0x08002578                WAKEUP_PIN_IRQHandler
                0x08002578                DMA1_Stream4_IRQHandler
                0x08002578                OTG_FS_EP1_IN_IRQHandler
                0x08002578                I2C1_ER_IRQHandler
                0x08002578                FMC_IRQHandler
                0x08002578                FDCAN_CAL_IRQHandler
                0x08002578                SWPMI1_IRQHandler
                0x08002578                COMP1_IRQHandler
                0x08002578                LPTIM1_IRQHandler
                0x08002578                I2C4_ER_IRQHandler
                0x08002578                DMA2_Stream6_IRQHandler
                0x08002578                SAI1_IRQHandler
                0x08002578                DMA1_Stream3_IRQHandler
 *fill*         0x0800257a        0x2 
 .text.__libc_init_array
                0x0800257c       0x48 d:/ac6/systemworkbench/plugins/fr.ac6.mcu.externaltools.arm-none.win32_1.15.0.201708311556/tools/compiler/bin/../lib/gcc/arm-none-eabi/6.3.1/../../../../arm-none-eabi/lib/thumb/v7e-m/fpv5/hard\libc_nano.a(lib_a-init.o)
                0x0800257c                __libc_init_array
 *(.glue_7)
 .glue_7        0x080025c4        0x0 linker stubs
 *(.glue_7t)
 .glue_7t       0x080025c4        0x0 linker stubs
 *(.eh_frame)
 .eh_frame      0x080025c4        0x0 d:/ac6/systemworkbench/plugins/fr.ac6.mcu.externaltools.arm-none.win32_1.15.0.201708311556/tools/compiler/bin/../lib/gcc/arm-none-eabi/6.3.1/thumb/v7e-m/fpv5/hard/crtbegin.o
 *(.init)
 .init          0x080025c4        0x4 d:/ac6/systemworkbench/plugins/fr.ac6.mcu.externaltools.arm-none.win32_1.15.0.201708311556/tools/compiler/bin/../lib/gcc/arm-none-eabi/6.3.1/thumb/v7e-m/fpv5/hard/crti.o
                0x080025c4                _init
 .init          0x080025c8        0x8 d:/ac6/systemworkbench/plugins/fr.ac6.mcu.externaltools.arm-none.win32_1.15.0.201708311556/tools/compiler/bin/../lib/gcc/arm-none-eabi/6.3.1/thumb/v7e-m/fpv5/hard/crtn.o
 *(.fini)
 .fini          0x080025d0        0x4 d:/ac6/systemworkbench/plugins/fr.ac6.mcu.externaltools.arm-none.win32_1.15.0.201708311556/tools/compiler/bin/../lib/gcc/arm-none-eabi/6.3.1/thumb/v7e-m/fpv5/hard/crti.o
                0x080025d0                _fini
 .fini          0x080025d4        0x8 d:/ac6/systemworkbench/plugins/fr.ac6.mcu.externaltools.arm-none.win32_1.15.0.201708311556/tools/compiler/bin/../lib/gcc/arm-none-eabi/6.3.1/thumb/v7e-m/fpv5/hard/crtn.o
                0x080025dc                . = ALIGN (0x4)
                0x080025dc                _etext = .

.vfp11_veneer   0x080025dc        0x0
 .vfp11_veneer  0x080025dc        0x0 linker stubs

.v4_bx          0x080025dc        0x0
 .v4_bx         0x080025dc        0x0 linker stubs

.iplt           0x080025dc        0x0
 .iplt          0x080025dc        0x0 d:/ac6/systemworkbench/plugins/fr.ac6.mcu.externaltools.arm-none.win32_1.15.0.201708311556/tools/compiler/bin/../lib/gcc/arm-none-eabi/6.3.1/thumb/v7e-m/fpv5/hard/crtbegin.o

.rodata         0x080025dc       0x20
                0x080025dc                . = ALIGN (0x4)
 *(.rodata)
 .rodata        0x080025dc       0x10 Src/system_stm32h7xx.o
                0x080025dc                D1CorePrescTable
 *(.rodata*)
 .rodata.str1.4
                0x080025ec       0x10 Src/main.o
                                  0xe (size before relaxing)
                0x080025fc                . = ALIGN (0x4)

.rel.dyn        0x080025fc        0x0
 .rel.iplt      0x080025fc        0x0 d:/ac6/systemworkbench/plugins/fr.ac6.mcu.externaltools.arm-none.win32_1.15.0.201708311556/tools/compiler/bin/../lib/gcc/arm-none-eabi/6.3.1/thumb/v7e-m/fpv5/hard/crtbegin.o

.ARM.extab
 *(.ARM.extab* .gnu.linkonce.armextab.*)

.ARM            0x080025fc        0x0
                0x080025fc                __exidx_start = .
 *(.ARM.exidx*)
                0x080025fc                __exidx_end = .

.preinit_array  0x080025fc        0x0
                0x080025fc                PROVIDE (__preinit_array_start, .)
 *(.preinit_array*)
                0x080025fc                PROVIDE (__preinit_array_end, .)

.init_array     0x080025fc        0x4
                0x080025fc                PROVIDE (__init_array_start, .)
 *(SORT(.init_array.*))
 *(.init_array*)
 .init_array    0x080025fc        0x4 d:/ac6/systemworkbench/plugins/fr.ac6.mcu.externaltools.arm-none.win32_1.15.0.201708311556/tools/compiler/bin/../lib/gcc/arm-none-eabi/6.3.1/thumb/v7e-m/fpv5/hard/crtbegin.o
                0x08002600                PROVIDE (__init_array_end, .)

.fini_array     0x08002600        0x4
                [!provide]                PROVIDE (__fini_array_start, .)
 *(SORT(.fini_array.*))
 *(.fini_array*)
 .fini_array    0x08002600        0x4 d:/ac6/systemworkbench/plugins/fr.ac6.mcu.externaltools.arm-none.win32_1.15.0.201708311556/tools/compiler/bin/../lib/gcc/arm-none-eabi/6.3.1/thumb/v7e-m/fpv5/hard/crtbegin.o
                [!provide]                PROVIDE (__fini_array_end, .)
                0x08002604                _sidata = LOADADDR (.data)

.data           0x20000000       0x10 load address 0x08002604
                0x20000000                . = ALIGN (0x4)
                0x20000000                _sdata = .
 *(.data)
 .data          0x20000000        0x8 Drivers/STM32H7xx_HAL_Driver/Src/stm32h7xx_hal.o
 .data          0x20000008        0x8 Src/system_stm32h7xx.o
                0x20000008                SystemCoreClock
                0x2000000c                SystemD2Clock
 *(.data*)
                0x20000010                . = ALIGN (0x4)
                0x20000010                _edata = .

.jcr            0x20000010        0x0 load address 0x08002614
 .jcr           0x20000010        0x0 d:/ac6/systemworkbench/plugins/fr.ac6.mcu.externaltools.arm-none.win32_1.15.0.201708311556/tools/compiler/bin/../lib/gcc/arm-none-eabi/6.3.1/thumb/v7e-m/fpv5/hard/crtbegin.o

.igot.plt       0x20000010        0x0 load address 0x08002614
 .igot.plt      0x20000010        0x0 d:/ac6/systemworkbench/plugins/fr.ac6.mcu.externaltools.arm-none.win32_1.15.0.201708311556/tools/compiler/bin/../lib/gcc/arm-none-eabi/6.3.1/thumb/v7e-m/fpv5/hard/crtbegin.o
                0x20000010                . = ALIGN (0x4)

.bss            0x20000010       0xc8 load address 0x08002614
                0x20000010                _sbss = .
                0x20000010                __bss_start__ = _sbss
 *(.bss)
 .bss           0x20000010       0x1c d:/ac6/systemworkbench/plugins/fr.ac6.mcu.externaltools.arm-none.win32_1.15.0.201708311556/tools/compiler/bin/../lib/gcc/arm-none-eabi/6.3.1/thumb/v7e-m/fpv5/hard/crtbegin.o
 .bss           0x2000002c        0x4 Drivers/STM32H7xx_HAL_Driver/Src/stm32h7xx_hal.o
 *(.bss*)
 *(COMMON)
 COMMON         0x20000030       0xa8 Src/main.o
                0x20000030                hltdc
                0x200000d8                . = ALIGN (0x4)
                0x200000d8                _ebss = .
                0x200000d8                __bss_end__ = _ebss

._user_heap_stack
                0x200000d8      0x600 load address 0x08002614
                0x200000d8                . = ALIGN (0x8)
                [!provide]                PROVIDE (end, .)
                [!provide]                PROVIDE (_end, .)
                0x200002d8                . = (. + _Min_Heap_Size)
 *fill*         0x200000d8      0x200 
                0x200006d8                . = (. + _Min_Stack_Size)
 *fill*         0x200002d8      0x400 
                0x200006d8                . = ALIGN (0x8)

/DISCARD/
 libc.a(*)
 libm.a(*)
 libgcc.a(*)

.ARM.attributes
                0x00000000       0x2e
 *(.ARM.attributes)
 .ARM.attributes
                0x00000000       0x20 d:/ac6/systemworkbench/plugins/fr.ac6.mcu.externaltools.arm-none.win32_1.15.0.201708311556/tools/compiler/bin/../lib/gcc/arm-none-eabi/6.3.1/thumb/v7e-m/fpv5/hard/crti.o
 .ARM.attributes
                0x00000020       0x32 d:/ac6/systemworkbench/plugins/fr.ac6.mcu.externaltools.arm-none.win32_1.15.0.201708311556/tools/compiler/bin/../lib/gcc/arm-none-eabi/6.3.1/thumb/v7e-m/fpv5/hard/crtbegin.o
 .ARM.attributes
                0x00000052       0x37 Drivers/STM32H7xx_HAL_Driver/Src/stm32h7xx_hal.o
 .ARM.attributes
                0x00000089       0x37 Drivers/STM32H7xx_HAL_Driver/Src/stm32h7xx_hal_cortex.o
 .ARM.attributes
                0x000000c0       0x37 Drivers/STM32H7xx_HAL_Driver/Src/stm32h7xx_hal_gpio.o
 .ARM.attributes
                0x000000f7       0x37 Drivers/STM32H7xx_HAL_Driver/Src/stm32h7xx_hal_ltdc.o
 .ARM.attributes
                0x0000012e       0x37 Drivers/STM32H7xx_HAL_Driver/Src/stm32h7xx_hal_rcc.o
 .ARM.attributes
                0x00000165       0x37 Drivers/STM32H7xx_HAL_Driver/Src/stm32h7xx_hal_rcc_ex.o
 .ARM.attributes
                0x0000019c       0x37 Src/main.o
 .ARM.attributes
                0x000001d3       0x37 Src/stm32h7xx_hal_msp.o
 .ARM.attributes
                0x0000020a       0x37 Src/stm32h7xx_it.o
 .ARM.attributes
                0x00000241       0x37 Src/system_stm32h7xx.o
 .ARM.attributes
                0x00000278       0x21 startup/startup_stm32h743xx.o
 .ARM.attributes
                0x00000299       0x32 d:/ac6/systemworkbench/plugins/fr.ac6.mcu.externaltools.arm-none.win32_1.15.0.201708311556/tools/compiler/bin/../lib/gcc/arm-none-eabi/6.3.1/../../../../arm-none-eabi/lib/thumb/v7e-m/fpv5/hard\libc_nano.a(lib_a-init.o)
 .ARM.attributes
                0x000002cb       0x20 d:/ac6/systemworkbench/plugins/fr.ac6.mcu.externaltools.arm-none.win32_1.15.0.201708311556/tools/compiler/bin/../lib/gcc/arm-none-eabi/6.3.1/thumb/v7e-m/fpv5/hard/crtn.o
OUTPUT(Compute_Blink.elf elf32-littlearm)

.debug_info     0x00000000     0xf5ed
 .debug_info    0x00000000     0x1cf8 Drivers/STM32H7xx_HAL_Driver/Src/stm32h7xx_hal.o
 .debug_info    0x00001cf8     0x1a09 Drivers/STM32H7xx_HAL_Driver/Src/stm32h7xx_hal_cortex.o
 .debug_info    0x00003701     0x146e Drivers/STM32H7xx_HAL_Driver/Src/stm32h7xx_hal_gpio.o
 .debug_info    0x00004b6f     0x1b25 Drivers/STM32H7xx_HAL_Driver/Src/stm32h7xx_hal_ltdc.o
 .debug_info    0x00006694     0x1ad8 Drivers/STM32H7xx_HAL_Driver/Src/stm32h7xx_hal_rcc.o
 .debug_info    0x0000816c     0x205e Drivers/STM32H7xx_HAL_Driver/Src/stm32h7xx_hal_rcc_ex.o
 .debug_info    0x0000a1ca     0x1f7a Src/main.o
 .debug_info    0x0000c144     0x18e6 Src/stm32h7xx_hal_msp.o
 .debug_info    0x0000da2a      0x9f6 Src/stm32h7xx_it.o
 .debug_info    0x0000e420     0x114a Src/system_stm32h7xx.o
 .debug_info    0x0000f56a       0x83 startup/startup_stm32h743xx.o

.debug_abbrev   0x00000000     0x1d7f
 .debug_abbrev  0x00000000      0x36a Drivers/STM32H7xx_HAL_Driver/Src/stm32h7xx_hal.o
 .debug_abbrev  0x0000036a      0x3ee Drivers/STM32H7xx_HAL_Driver/Src/stm32h7xx_hal_cortex.o
 .debug_abbrev  0x00000758      0x2d0 Drivers/STM32H7xx_HAL_Driver/Src/stm32h7xx_hal_gpio.o
 .debug_abbrev  0x00000a28      0x2e9 Drivers/STM32H7xx_HAL_Driver/Src/stm32h7xx_hal_ltdc.o
 .debug_abbrev  0x00000d11      0x349 Drivers/STM32H7xx_HAL_Driver/Src/stm32h7xx_hal_rcc.o
 .debug_abbrev  0x0000105a      0x378 Drivers/STM32H7xx_HAL_Driver/Src/stm32h7xx_hal_rcc_ex.o
 .debug_abbrev  0x000013d2      0x2f0 Src/main.o
 .debug_abbrev  0x000016c2      0x25f Src/stm32h7xx_hal_msp.o
 .debug_abbrev  0x00001921      0x1e7 Src/stm32h7xx_it.o
 .debug_abbrev  0x00001b08      0x265 Src/system_stm32h7xx.o
 .debug_abbrev  0x00001d6d       0x12 startup/startup_stm32h743xx.o

.debug_loc      0x00000000     0x444b
 .debug_loc     0x00000000      0x426 Drivers/STM32H7xx_HAL_Driver/Src/stm32h7xx_hal.o
 .debug_loc     0x00000426      0x5e7 Drivers/STM32H7xx_HAL_Driver/Src/stm32h7xx_hal_cortex.o
 .debug_loc     0x00000a0d      0x3de Drivers/STM32H7xx_HAL_Driver/Src/stm32h7xx_hal_gpio.o
 .debug_loc     0x00000deb     0x15db Drivers/STM32H7xx_HAL_Driver/Src/stm32h7xx_hal_ltdc.o
 .debug_loc     0x000023c6      0x739 Drivers/STM32H7xx_HAL_Driver/Src/stm32h7xx_hal_rcc.o
 .debug_loc     0x00002aff     0x16c7 Drivers/STM32H7xx_HAL_Driver/Src/stm32h7xx_hal_rcc_ex.o
 .debug_loc     0x000041c6       0x5b Src/stm32h7xx_hal_msp.o
 .debug_loc     0x00004221      0x22a Src/system_stm32h7xx.o

.debug_aranges  0x00000000      0x670
 .debug_aranges
                0x00000000      0x1a0 Drivers/STM32H7xx_HAL_Driver/Src/stm32h7xx_hal.o
 .debug_aranges
                0x000001a0       0xa0 Drivers/STM32H7xx_HAL_Driver/Src/stm32h7xx_hal_cortex.o
 .debug_aranges
                0x00000240       0x58 Drivers/STM32H7xx_HAL_Driver/Src/stm32h7xx_hal_gpio.o
 .debug_aranges
                0x00000298      0x158 Drivers/STM32H7xx_HAL_Driver/Src/stm32h7xx_hal_ltdc.o
 .debug_aranges
                0x000003f0       0x80 Drivers/STM32H7xx_HAL_Driver/Src/stm32h7xx_hal_rcc.o
 .debug_aranges
                0x00000470       0xe0 Drivers/STM32H7xx_HAL_Driver/Src/stm32h7xx_hal_rcc_ex.o
 .debug_aranges
                0x00000550       0x40 Src/main.o
 .debug_aranges
                0x00000590       0x30 Src/stm32h7xx_hal_msp.o
 .debug_aranges
                0x000005c0       0x60 Src/stm32h7xx_it.o
 .debug_aranges
                0x00000620       0x28 Src/system_stm32h7xx.o
 .debug_aranges
                0x00000648       0x28 startup/startup_stm32h743xx.o

.debug_ranges   0x00000000      0x628
 .debug_ranges  0x00000000      0x190 Drivers/STM32H7xx_HAL_Driver/Src/stm32h7xx_hal.o
 .debug_ranges  0x00000190       0xf0 Drivers/STM32H7xx_HAL_Driver/Src/stm32h7xx_hal_cortex.o
 .debug_ranges  0x00000280       0x48 Drivers/STM32H7xx_HAL_Driver/Src/stm32h7xx_hal_gpio.o
 .debug_ranges  0x000002c8      0x148 Drivers/STM32H7xx_HAL_Driver/Src/stm32h7xx_hal_ltdc.o
 .debug_ranges  0x00000410       0x70 Drivers/STM32H7xx_HAL_Driver/Src/stm32h7xx_hal_rcc.o
 .debug_ranges  0x00000480       0xd0 Drivers/STM32H7xx_HAL_Driver/Src/stm32h7xx_hal_rcc_ex.o
 .debug_ranges  0x00000550       0x30 Src/main.o
 .debug_ranges  0x00000580       0x20 Src/stm32h7xx_hal_msp.o
 .debug_ranges  0x000005a0       0x50 Src/stm32h7xx_it.o
 .debug_ranges  0x000005f0       0x18 Src/system_stm32h7xx.o
 .debug_ranges  0x00000608       0x20 startup/startup_stm32h743xx.o

.debug_macro    0x00000000    0x31afe
 .debug_macro   0x00000000      0x33a Drivers/STM32H7xx_HAL_Driver/Src/stm32h7xx_hal.o
 .debug_macro   0x0000033a      0x8c8 Drivers/STM32H7xx_HAL_Driver/Src/stm32h7xx_hal.o
 .debug_macro   0x00000c02       0x58 Drivers/STM32H7xx_HAL_Driver/Src/stm32h7xx_hal.o
 .debug_macro   0x00000c5a       0x9f Drivers/STM32H7xx_HAL_Driver/Src/stm32h7xx_hal.o
 .debug_macro   0x00000cf9       0x2e Drivers/STM32H7xx_HAL_Driver/Src/stm32h7xx_hal.o
 .debug_macro   0x00000d27       0x3b Drivers/STM32H7xx_HAL_Driver/Src/stm32h7xx_hal.o
 .debug_macro   0x00000d62       0x22 Drivers/STM32H7xx_HAL_Driver/Src/stm32h7xx_hal.o
 .debug_macro   0x00000d84       0x87 Drivers/STM32H7xx_HAL_Driver/Src/stm32h7xx_hal.o
 .debug_macro   0x00000e0b       0x51 Drivers/STM32H7xx_HAL_Driver/Src/stm32h7xx_hal.o
 .debug_macro   0x00000e5c       0xef Drivers/STM32H7xx_HAL_Driver/Src/stm32h7xx_hal.o
 .debug_macro   0x00000f4b       0x6a Drivers/STM32H7xx_HAL_Driver/Src/stm32h7xx_hal.o
 .debug_macro   0x00000fb5      0x1df Drivers/STM32H7xx_HAL_Driver/Src/stm32h7xx_hal.o
 .debug_macro   0x00001194       0x22 Drivers/STM32H7xx_HAL_Driver/Src/stm32h7xx_hal.o
 .debug_macro   0x000011b6       0xaf Drivers/STM32H7xx_HAL_Driver/Src/stm32h7xx_hal.o
 .debug_macro   0x00001265     0x128e Drivers/STM32H7xx_HAL_Driver/Src/stm32h7xx_hal.o
 .debug_macro   0x000024f3    0x243b2 Drivers/STM32H7xx_HAL_Driver/Src/stm32h7xx_hal.o
 .debug_macro   0x000268a5       0x43 Drivers/STM32H7xx_HAL_Driver/Src/stm32h7xx_hal.o
 .debug_macro   0x000268e8     0x3631 Drivers/STM32H7xx_HAL_Driver/Src/stm32h7xx_hal.o
 .debug_macro   0x00029f19       0x58 Drivers/STM32H7xx_HAL_Driver/Src/stm32h7xx_hal.o
 .debug_macro   0x00029f71       0x35 Drivers/STM32H7xx_HAL_Driver/Src/stm32h7xx_hal.o
 .debug_macro   0x00029fa6       0x9c Drivers/STM32H7xx_HAL_Driver/Src/stm32h7xx_hal.o
 .debug_macro   0x0002a042       0x16 Drivers/STM32H7xx_HAL_Driver/Src/stm32h7xx_hal.o
 .debug_macro   0x0002a058       0x97 Drivers/STM32H7xx_HAL_Driver/Src/stm32h7xx_hal.o
 .debug_macro   0x0002a0ef      0x330 Drivers/STM32H7xx_HAL_Driver/Src/stm32h7xx_hal.o
 .debug_macro   0x0002a41f       0xfd Drivers/STM32H7xx_HAL_Driver/Src/stm32h7xx_hal.o
 .debug_macro   0x0002a51c       0x10 Drivers/STM32H7xx_HAL_Driver/Src/stm32h7xx_hal.o
 .debug_macro   0x0002a52c       0x58 Drivers/STM32H7xx_HAL_Driver/Src/stm32h7xx_hal.o
 .debug_macro   0x0002a584       0x1f Drivers/STM32H7xx_HAL_Driver/Src/stm32h7xx_hal.o
 .debug_macro   0x0002a5a3       0x43 Drivers/STM32H7xx_HAL_Driver/Src/stm32h7xx_hal.o
 .debug_macro   0x0002a5e6       0x20 Drivers/STM32H7xx_HAL_Driver/Src/stm32h7xx_hal.o
 .debug_macro   0x0002a606      0x187 Drivers/STM32H7xx_HAL_Driver/Src/stm32h7xx_hal.o
 .debug_macro   0x0002a78d       0x10 Drivers/STM32H7xx_HAL_Driver/Src/stm32h7xx_hal.o
 .debug_macro   0x0002a79d       0x1c Drivers/STM32H7xx_HAL_Driver/Src/stm32h7xx_hal.o
 .debug_macro   0x0002a7b9       0x52 Drivers/STM32H7xx_HAL_Driver/Src/stm32h7xx_hal.o
 .debug_macro   0x0002a80b       0x40 Drivers/STM32H7xx_HAL_Driver/Src/stm32h7xx_hal.o
 .debug_macro   0x0002a84b       0x10 Drivers/STM32H7xx_HAL_Driver/Src/stm32h7xx_hal.o
 .debug_macro   0x0002a85b       0x40 Drivers/STM32H7xx_HAL_Driver/Src/stm32h7xx_hal.o
 .debug_macro   0x0002a89b       0xd7 Drivers/STM32H7xx_HAL_Driver/Src/stm32h7xx_hal.o
 .debug_macro   0x0002a972       0x16 Drivers/STM32H7xx_HAL_Driver/Src/stm32h7xx_hal.o
 .debug_macro   0x0002a988      0x18b Drivers/STM32H7xx_HAL_Driver/Src/stm32h7xx_hal.o
 .debug_macro   0x0002ab13       0x50 Drivers/STM32H7xx_HAL_Driver/Src/stm32h7xx_hal.o
 .debug_macro   0x0002ab63     0x18d8 Drivers/STM32H7xx_HAL_Driver/Src/stm32h7xx_hal.o
 .debug_macro   0x0002c43b      0xf30 Drivers/STM32H7xx_HAL_Driver/Src/stm32h7xx_hal.o
 .debug_macro   0x0002d36b      0x12a Drivers/STM32H7xx_HAL_Driver/Src/stm32h7xx_hal.o
 .debug_macro   0x0002d495      0x11e Drivers/STM32H7xx_HAL_Driver/Src/stm32h7xx_hal.o
 .debug_macro   0x0002d5b3      0x34f Drivers/STM32H7xx_HAL_Driver/Src/stm32h7xx_hal.o
 .debug_macro   0x0002d902       0x27 Drivers/STM32H7xx_HAL_Driver/Src/stm32h7xx_hal.o
 .debug_macro   0x0002d929      0x71f Drivers/STM32H7xx_HAL_Driver/Src/stm32h7xx_hal.o
 .debug_macro   0x0002e048      0x23a Drivers/STM32H7xx_HAL_Driver/Src/stm32h7xx_hal.o
 .debug_macro   0x0002e282       0x74 Drivers/STM32H7xx_HAL_Driver/Src/stm32h7xx_hal.o
 .debug_macro   0x0002e2f6      0x241 Drivers/STM32H7xx_HAL_Driver/Src/stm32h7xx_hal.o
 .debug_macro   0x0002e537      0x3a7 Drivers/STM32H7xx_HAL_Driver/Src/stm32h7xx_hal.o
 .debug_macro   0x0002e8de      0x359 Drivers/STM32H7xx_HAL_Driver/Src/stm32h7xx_hal.o
 .debug_macro   0x0002ec37       0x51 Drivers/STM32H7xx_HAL_Driver/Src/stm32h7xx_hal.o
 .debug_macro   0x0002ec88       0x4a Drivers/STM32H7xx_HAL_Driver/Src/stm32h7xx_hal.o
 .debug_macro   0x0002ecd2      0x209 Drivers/STM32H7xx_HAL_Driver/Src/stm32h7xx_hal.o
 .debug_macro   0x0002eedb       0x5a Drivers/STM32H7xx_HAL_Driver/Src/stm32h7xx_hal.o
 .debug_macro   0x0002ef35       0x90 Drivers/STM32H7xx_HAL_Driver/Src/stm32h7xx_hal.o
 .debug_macro   0x0002efc5      0x39f Drivers/STM32H7xx_HAL_Driver/Src/stm32h7xx_hal.o
 .debug_macro   0x0002f364      0x26a Drivers/STM32H7xx_HAL_Driver/Src/stm32h7xx_hal.o
 .debug_macro   0x0002f5ce      0x163 Drivers/STM32H7xx_HAL_Driver/Src/stm32h7xx_hal.o
 .debug_macro   0x0002f731      0x265 Drivers/STM32H7xx_HAL_Driver/Src/stm32h7xx_hal.o
 .debug_macro   0x0002f996       0x35 Drivers/STM32H7xx_HAL_Driver/Src/stm32h7xx_hal.o
 .debug_macro   0x0002f9cb      0x51a Drivers/STM32H7xx_HAL_Driver/Src/stm32h7xx_hal.o
 .debug_macro   0x0002fee5      0x310 Drivers/STM32H7xx_HAL_Driver/Src/stm32h7xx_hal_cortex.o
 .debug_macro   0x000301f5      0x34f Drivers/STM32H7xx_HAL_Driver/Src/stm32h7xx_hal_gpio.o
 .debug_macro   0x00030544      0x310 Drivers/STM32H7xx_HAL_Driver/Src/stm32h7xx_hal_ltdc.o
 .debug_macro   0x00030854      0x334 Drivers/STM32H7xx_HAL_Driver/Src/stm32h7xx_hal_rcc.o
 .debug_macro   0x00030b88      0x322 Drivers/STM32H7xx_HAL_Driver/Src/stm32h7xx_hal_rcc_ex.o
 .debug_macro   0x00030eaa      0x314 Src/main.o
 .debug_macro   0x000311be      0x310 Src/stm32h7xx_hal_msp.o
 .debug_macro   0x000314ce      0x31a Src/stm32h7xx_it.o
 .debug_macro   0x000317e8      0x316 Src/system_stm32h7xx.o

.debug_line     0x00000000     0x6cbf
 .debug_line    0x00000000      0xb93 Drivers/STM32H7xx_HAL_Driver/Src/stm32h7xx_hal.o
 .debug_line    0x00000b93      0x9f6 Drivers/STM32H7xx_HAL_Driver/Src/stm32h7xx_hal_cortex.o
 .debug_line    0x00001589      0x97c Drivers/STM32H7xx_HAL_Driver/Src/stm32h7xx_hal_gpio.o
 .debug_line    0x00001f05     0x109e Drivers/STM32H7xx_HAL_Driver/Src/stm32h7xx_hal_ltdc.o
 .debug_line    0x00002fa3      0xbc3 Drivers/STM32H7xx_HAL_Driver/Src/stm32h7xx_hal_rcc.o
 .debug_line    0x00003b66      0xefe Drivers/STM32H7xx_HAL_Driver/Src/stm32h7xx_hal_rcc_ex.o
 .debug_line    0x00004a64      0x8b8 Src/main.o
 .debug_line    0x0000531c      0x86c Src/stm32h7xx_hal_msp.o
 .debug_line    0x00005b88      0x874 Src/stm32h7xx_it.o
 .debug_line    0x000063fc      0x844 Src/system_stm32h7xx.o
 .debug_line    0x00006c40       0x7f startup/startup_stm32h743xx.o

.debug_str      0x00000000   0x134b39
 .debug_str     0x00000000   0x132d90 Drivers/STM32H7xx_HAL_Driver/Src/stm32h7xx_hal.o
                             0x133371 (size before relaxing)
 .debug_str     0x00132d90      0x448 Drivers/STM32H7xx_HAL_Driver/Src/stm32h7xx_hal_cortex.o
                             0x132d48 (size before relaxing)
 .debug_str     0x001331d8      0x296 Drivers/STM32H7xx_HAL_Driver/Src/stm32h7xx_hal_gpio.o
                             0x132570 (size before relaxing)
 .debug_str     0x0013346e      0x72b Drivers/STM32H7xx_HAL_Driver/Src/stm32h7xx_hal_ltdc.o
                             0x1326fd (size before relaxing)
 .debug_str     0x00133b99      0x54c Drivers/STM32H7xx_HAL_Driver/Src/stm32h7xx_hal_rcc.o
                             0x132792 (size before relaxing)
 .debug_str     0x001340e5      0x8c3 Drivers/STM32H7xx_HAL_Driver/Src/stm32h7xx_hal_rcc_ex.o
                             0x132b3c (size before relaxing)
 .debug_str     0x001349a8       0x6e Src/main.o
                             0x1332d5 (size before relaxing)
 .debug_str     0x00134a16       0x1b Src/stm32h7xx_hal_msp.o
                             0x132cf8 (size before relaxing)
 .debug_str     0x00134a31       0xb8 Src/stm32h7xx_it.o
                             0x131fd2 (size before relaxing)
 .debug_str     0x00134ae9       0x50 Src/system_stm32h7xx.o
                             0x1322c0 (size before relaxing)

.comment        0x00000000       0x7f
 .comment       0x00000000       0x7f Drivers/STM32H7xx_HAL_Driver/Src/stm32h7xx_hal.o
                                 0x80 (size before relaxing)
 .comment       0x0000007f       0x80 Drivers/STM32H7xx_HAL_Driver/Src/stm32h7xx_hal_cortex.o
 .comment       0x0000007f       0x80 Drivers/STM32H7xx_HAL_Driver/Src/stm32h7xx_hal_gpio.o
 .comment       0x0000007f       0x80 Drivers/STM32H7xx_HAL_Driver/Src/stm32h7xx_hal_ltdc.o
 .comment       0x0000007f       0x80 Drivers/STM32H7xx_HAL_Driver/Src/stm32h7xx_hal_rcc.o
 .comment       0x0000007f       0x80 Drivers/STM32H7xx_HAL_Driver/Src/stm32h7xx_hal_rcc_ex.o
 .comment       0x0000007f       0x80 Src/main.o
 .comment       0x0000007f       0x80 Src/stm32h7xx_hal_msp.o
 .comment       0x0000007f       0x80 Src/stm32h7xx_it.o
 .comment       0x0000007f       0x80 Src/system_stm32h7xx.o

.debug_frame    0x00000000      0xf6c
 .debug_frame   0x00000000      0x3a4 Drivers/STM32H7xx_HAL_Driver/Src/stm32h7xx_hal.o
 .debug_frame   0x000003a4      0x14c Drivers/STM32H7xx_HAL_Driver/Src/stm32h7xx_hal_cortex.o
 .debug_frame   0x000004f0       0xd0 Drivers/STM32H7xx_HAL_Driver/Src/stm32h7xx_hal_gpio.o
 .debug_frame   0x000005c0      0x3e0 Drivers/STM32H7xx_HAL_Driver/Src/stm32h7xx_hal_ltdc.o
 .debug_frame   0x000009a0      0x14c Drivers/STM32H7xx_HAL_Driver/Src/stm32h7xx_hal_rcc.o
 .debug_frame   0x00000aec      0x24c Drivers/STM32H7xx_HAL_Driver/Src/stm32h7xx_hal_rcc_ex.o
 .debug_frame   0x00000d38       0xa4 Src/main.o
 .debug_frame   0x00000ddc       0x6c Src/stm32h7xx_hal_msp.o
 .debug_frame   0x00000e48       0xa8 Src/stm32h7xx_it.o
 .debug_frame   0x00000ef0       0x50 Src/system_stm32h7xx.o
 .debug_frame   0x00000f40       0x2c d:/ac6/systemworkbench/plugins/fr.ac6.mcu.externaltools.arm-none.win32_1.15.0.201708311556/tools/compiler/bin/../lib/gcc/arm-none-eabi/6.3.1/../../../../arm-none-eabi/lib/thumb/v7e-m/fpv5/hard\libc_nano.a(lib_a-init.o)
