stm32h7xx_hal_spi.c:2871:13:SPI_RxISR_16BIT	0	static
stm32h7xx_hal_spi.c:2740:13:SPI_2linesRxISR_16BIT	0	static
stm32h7xx_hal_spi.c:2892:13:SPI_RxISR_32BIT	4	static
stm32h7xx_hal_spi.c:2762:13:SPI_2linesRxISR_32BIT	0	static
stm32h7xx_hal_spi.c:2933:13:SPI_TxISR_16BIT	0	static
stm32h7xx_hal_spi.c:2806:13:SPI_2linesTxISR_16BIT	0	static
stm32h7xx_hal_spi.c:2954:13:SPI_TxISR_32BIT	0	static
stm32h7xx_hal_spi.c:2828:13:SPI_2linesTxISR_32BIT	0	static
stm32h7xx_hal_spi.c:2975:13:SPI_AbortTransfer	4	static
stm32h7xx_hal_spi.c:3013:13:SPI_CloseTransfer	4	static
stm32h7xx_hal_spi.c:2850:13:SPI_RxISR_8BIT	0	static
stm32h7xx_hal_spi.c:2913:13:SPI_TxISR_8BIT	0	static
stm32h7xx_hal_spi.c:2718:13:SPI_2linesRxISR_8BIT	0	static
stm32h7xx_hal_spi.c:2784:13:SPI_2linesTxISR_8BIT	0	static
stm32h7xx_hal_spi.c:913:19:HAL_SPI_TransmitReceive.part.4	32	static
stm32h7xx_hal_spi.c:413:13:HAL_SPI_MspInit	0	static
stm32h7xx_hal_spi.c:199:19:HAL_SPI_Init	24	static
stm32h7xx_hal_spi.c:429:13:HAL_SPI_MspDeInit	0	static
stm32h7xx_hal_spi.c:379:19:HAL_SPI_DeInit	8	static
stm32h7xx_hal_spi.c:485:19:HAL_SPI_Transmit	24	static
stm32h7xx_hal_spi.c:692:19:HAL_SPI_Receive	32	static
stm32h7xx_hal_spi.c:913:19:HAL_SPI_TransmitReceive	8	static
stm32h7xx_hal_spi.c:1156:19:HAL_SPI_Transmit_IT	12	static
stm32h7xx_hal_spi.c:1337:19:HAL_SPI_TransmitReceive_IT	12	static
stm32h7xx_hal_spi.c:1240:19:HAL_SPI_Receive_IT	12	static
stm32h7xx_hal_spi.c:1422:19:HAL_SPI_Transmit_DMA	24	static
stm32h7xx_hal_spi.c:1693:19:HAL_SPI_TransmitReceive_DMA	24	static
stm32h7xx_hal_spi.c:1554:19:HAL_SPI_Receive_DMA	24	static
stm32h7xx_hal_spi.c:1863:19:HAL_SPI_Abort	24	static
stm32h7xx_hal_spi.c:2084:19:HAL_SPI_DMAPause	0	static
stm32h7xx_hal_spi.c:2099:19:HAL_SPI_DMAResume	0	static
stm32h7xx_hal_spi.c:2114:19:HAL_SPI_DMAStop	0	static
stm32h7xx_hal_spi.c:2315:13:HAL_SPI_TxCpltCallback	0	static
stm32h7xx_hal_spi.c:2501:13:SPI_DMATransmitCplt	8	static
stm32h7xx_hal_spi.c:2331:13:HAL_SPI_RxCpltCallback	0	static
stm32h7xx_hal_spi.c:2525:13:SPI_DMAReceiveCplt	8	static
stm32h7xx_hal_spi.c:2347:13:HAL_SPI_TxRxCpltCallback	0	static
stm32h7xx_hal_spi.c:2549:13:SPI_DMATransmitReceiveCplt	8	static
stm32h7xx_hal_spi.c:2363:13:HAL_SPI_TxHalfCpltCallback	0	static
stm32h7xx_hal_spi.c:2573:13:SPI_DMAHalfTransmitCplt	8	static
stm32h7xx_hal_spi.c:2379:13:HAL_SPI_RxHalfCpltCallback	0	static
stm32h7xx_hal_spi.c:2586:13:SPI_DMAHalfReceiveCplt	8	static
stm32h7xx_hal_spi.c:2395:13:HAL_SPI_TxRxHalfCpltCallback	0	static
stm32h7xx_hal_spi.c:2599:13:SPI_DMAHalfTransmitReceiveCplt	8	static
stm32h7xx_hal_spi.c:2411:13:HAL_SPI_ErrorCallback	0	static
stm32h7xx_hal_spi.c:2612:13:SPI_DMAError	8	static
stm32h7xx_hal_spi.c:2128:6:HAL_SPI_IRQHandler	24	static
stm32h7xx_hal_spi.c:2634:13:SPI_DMAAbortOnError	8	static
stm32h7xx_hal_spi.c:2429:13:HAL_SPI_AbortCpltCallback	0	static
stm32h7xx_hal_spi.c:1970:19:HAL_SPI_Abort_IT	24	static
stm32h7xx_hal_spi.c:2687:13:SPI_DMARxAbortCallback	8	static
stm32h7xx_hal_spi.c:2654:13:SPI_DMATxAbortCallback	8	static
stm32h7xx_hal_spi.c:2464:22:HAL_SPI_GetState	0	static
stm32h7xx_hal_spi.c:2476:10:HAL_SPI_GetError	0	static
