stm32h7xx_it.c:58:6:NMI_Handler	0	static
stm32h7xx_it.c:71:6:HardFault_Handler	0	static
stm32h7xx_it.c:89:6:MemManage_Handler	0	static
stm32h7xx_it.c:107:6:BusFault_Handler	0	static
stm32h7xx_it.c:125:6:UsageFault_Handler	0	static
stm32h7xx_it.c:143:6:SVC_Handler	0	static
stm32h7xx_it.c:156:6:DebugMon_Handler	0	static
stm32h7xx_it.c:169:6:PendSV_Handler	0	static
stm32h7xx_it.c:182:6:SysTick_Handler	8	static
stm32h7xx_it.c:204:6:DMA1_Stream0_IRQHandler	0	static
stm32h7xx_it.c:218:6:DMA1_Stream1_IRQHandler	0	static
stm32h7xx_it.c:232:6:FMC_IRQHandler	0	static
stm32h7xx_it.c:246:6:SPI5_IRQHandler	0	static
stm32h7xx_it.c:260:6:SAI2_IRQHandler	8	static
stm32h7xx_it.c:275:6:LPTIM5_IRQHandler	0	static
