stm32h7xx_hal_sai.c:296:19:HAL_SAI_InitProtocol	32	static
stm32h7xx_hal_sai.c:335:19:HAL_SAI_Init	56	static
stm32h7xx_hal_sai.c:615:19:HAL_SAI_DeInit	24	static
stm32h7xx_hal_sai.c:671:13:HAL_SAI_MspInit	16	static
stm32h7xx_hal_sai.c:687:13:HAL_SAI_MspDeInit	16	static
stm32h7xx_hal_sai.c:752:19:HAL_SAI_Transmit	32	static
stm32h7xx_hal_sai.c:852:19:HAL_SAI_Receive	32	static
stm32h7xx_hal_sai.c:949:19:HAL_SAI_Transmit_IT	24	static
stm32h7xx_hal_sai.c:1011:19:HAL_SAI_Receive_IT	24	static
stm32h7xx_hal_sai.c:1069:19:HAL_SAI_DMAPause	16	static
stm32h7xx_hal_sai.c:1089:19:HAL_SAI_DMAResume	16	static
stm32h7xx_hal_sai.c:1116:19:HAL_SAI_DMAStop	24	static
stm32h7xx_hal_sai.c:1170:19:HAL_SAI_Abort	16	static
stm32h7xx_hal_sai.c:1225:19:HAL_SAI_Transmit_DMA	32	static
stm32h7xx_hal_sai.c:1312:19:HAL_SAI_Receive_DMA	24	static
stm32h7xx_hal_sai.c:1381:19:HAL_SAI_EnableTxMuteMode	16	static
stm32h7xx_hal_sai.c:1400:19:HAL_SAI_DisableTxMuteMode	16	static
stm32h7xx_hal_sai.c:1418:19:HAL_SAI_EnableRxMuteMode	32	static
stm32h7xx_hal_sai.c:1441:19:HAL_SAI_DisableRxMuteMode	16	static
stm32h7xx_hal_sai.c:1460:6:HAL_SAI_IRQHandler	32	static
stm32h7xx_hal_sai.c:1636:13:HAL_SAI_TxCpltCallback	16	static
stm32h7xx_hal_sai.c:1652:13:HAL_SAI_TxHalfCpltCallback	16	static
stm32h7xx_hal_sai.c:1668:13:HAL_SAI_RxCpltCallback	16	static
stm32h7xx_hal_sai.c:1684:13:HAL_SAI_RxHalfCpltCallback	16	static
stm32h7xx_hal_sai.c:1700:13:HAL_SAI_ErrorCallback	16	static
stm32h7xx_hal_sai.c:1736:22:HAL_SAI_GetState	16	static
stm32h7xx_hal_sai.c:1747:10:HAL_SAI_GetError	16	static
stm32h7xx_hal_sai.c:1775:26:SAI_InitI2S	24	static
stm32h7xx_hal_sai.c:1868:26:SAI_InitPCM	24	static
stm32h7xx_hal_sai.c:1935:13:SAI_FillFifo	16	static
stm32h7xx_hal_sai.c:1965:17:SAI_InterruptFlag	24	static
stm32h7xx_hal_sai.c:1998:26:SAI_Disable	24	static
stm32h7xx_hal_sai.c:2027:13:SAI_Transmit_IT8Bit	16	static
stm32h7xx_hal_sai.c:2051:13:SAI_Transmit_IT16Bit	16	static
stm32h7xx_hal_sai.c:2076:13:SAI_Transmit_IT32Bit	16	static
stm32h7xx_hal_sai.c:2101:13:SAI_Receive_IT8Bit	16	static
stm32h7xx_hal_sai.c:2127:13:SAI_Receive_IT16Bit	16	static
stm32h7xx_hal_sai.c:2153:13:SAI_Receive_IT32Bit	16	static
stm32h7xx_hal_sai.c:2180:13:SAI_DMATxCplt	24	static
stm32h7xx_hal_sai.c:2205:13:SAI_DMATxHalfCplt	24	static
stm32h7xx_hal_sai.c:2218:13:SAI_DMARxCplt	24	static
stm32h7xx_hal_sai.c:2242:13:SAI_DMARxHalfCplt	24	static
stm32h7xx_hal_sai.c:2254:13:SAI_DMAError	24	static
stm32h7xx_hal_sai.c:2290:13:SAI_DMAAbort	24	static
