stm32h7xx_it.c:67:6:NMI_Handler	4	static
stm32h7xx_it.c:80:6:HardFault_Handler	4	static
stm32h7xx_it.c:102:6:MemManage_Handler	4	static
stm32h7xx_it.c:120:6:BusFault_Handler	4	static
stm32h7xx_it.c:138:6:UsageFault_Handler	4	static
stm32h7xx_it.c:156:6:SVC_Handler	4	static
stm32h7xx_it.c:169:6:DebugMon_Handler	4	static
stm32h7xx_it.c:182:6:PendSV_Handler	4	static
stm32h7xx_it.c:195:6:SysTick_Handler	8	static
stm32h7xx_it.c:217:6:DMA1_Stream0_IRQHandler	8	static
stm32h7xx_it.c:232:6:DMA1_Stream1_IRQHandler	8	static
stm32h7xx_it.c:247:6:FMC_IRQHandler	8	static
stm32h7xx_it.c:261:6:SPI5_IRQHandler	8	static
stm32h7xx_it.c:275:6:SAI2_IRQHandler	8	static
stm32h7xx_it.c:290:6:LPTIM5_IRQHandler	8	static
