stm32h7xx_hal_msp.c:49:6:HAL_MspInit	16	static
stm32h7xx_hal_msp.c:80:6:HAL_LPTIM_MspInit	24	static
stm32h7xx_hal_msp.c:111:6:HAL_LPTIM_MspDeInit	16	static
stm32h7xx_hal_msp.c:142:6:HAL_SPI_MspInit	40	static
stm32h7xx_hal_msp.c:176:6:HAL_SPI_MspDeInit	16	static
stm32h7xx_hal_msp.c:205:13:HAL_FMC_MspInit	32	static
stm32h7xx_hal_msp.c:308:6:HAL_SDRAM_MspInit	16	static
stm32h7xx_hal_msp.c:320:13:HAL_FMC_MspDeInit	8	static
stm32h7xx_hal_msp.c:386:6:HAL_SDRAM_MspDeInit	16	static
stm32h7xx_hal_msp.c:402:6:HAL_SAI_MspInit	48	static
stm32h7xx_hal_msp.c:526:6:HAL_SAI_MspDeInit	16	static
