Archive member included to satisfy reference by file (symbol)

c:/program files (x86)/atollic/truestudio for stm32 9.3.0/armtools/bin/../lib/gcc/arm-atollic-eabi/6.3.1/../../../../arm-atollic-eabi/lib/armv7e-m/fpu/fpv5-d16\libc_nano.a(lib_a-init.o)
                              startup\startup_stm32h743xx.o (__libc_init_array)
c:/program files (x86)/atollic/truestudio for stm32 9.3.0/armtools/bin/../lib/gcc/arm-atollic-eabi/6.3.1/../../../../arm-atollic-eabi/lib/armv7e-m/fpu/fpv5-d16\libc_nano.a(lib_a-memcpy-stub.o)
                              Src\CODEC.o (memcpy)

Allocating common symbols
Common symbol       size              file

hsai_BlockB2        0x94              Src\main.o
hdma_sai2_b         0x78              Src\main.o
MemSize             0x4               Src\main.o
hspi5               0x88              Src\main.o
hsai_BlockA2        0x94              Src\main.o
pIn                 0x4               Src\main.o
pFlash              0x1c              Drivers\STM32H7xx_HAL_Driver\Src\stm32h7xx_hal_flash.o
hlptim3             0x38              Src\main.o
hlptim5             0x38              Src\main.o
pEdit               0x4               Src\main.o
Block1              0x4               Src\main.o
hdma_sai2_a         0x78              Src\main.o
pSwitch             0x4               Src\main.o
Block3              0x4               Src\main.o
hdma_memtomem_dma1_stream2
                    0x78              Src\main.o
pOut                0x4               Src\main.o
hsdram1             0x34              Src\main.o
hdma_memtomem_bdma_channel0
                    0x78              Src\main.o
Block2              0x4               Src\main.o
GetSize             0x4               Src\main.o

Discarded input sections

 .text          0x00000000        0x0 c:/program files (x86)/atollic/truestudio for stm32 9.3.0/armtools/bin/../lib/gcc/arm-atollic-eabi/6.3.1/armv7e-m/fpu/fpv5-d16/crti.o
 .data          0x00000000        0x0 c:/program files (x86)/atollic/truestudio for stm32 9.3.0/armtools/bin/../lib/gcc/arm-atollic-eabi/6.3.1/armv7e-m/fpu/fpv5-d16/crti.o
 .bss           0x00000000        0x0 c:/program files (x86)/atollic/truestudio for stm32 9.3.0/armtools/bin/../lib/gcc/arm-atollic-eabi/6.3.1/armv7e-m/fpu/fpv5-d16/crti.o
 .data          0x00000000        0x4 c:/program files (x86)/atollic/truestudio for stm32 9.3.0/armtools/bin/../lib/gcc/arm-atollic-eabi/6.3.1/armv7e-m/fpu/fpv5-d16/crtbegin.o
 .group         0x00000000        0x8 Drivers\STM32H7xx_HAL_Driver\Src\stm32h7xx_hal.o
 .group         0x00000000        0x8 Drivers\STM32H7xx_HAL_Driver\Src\stm32h7xx_hal.o
 .group         0x00000000        0x8 Drivers\STM32H7xx_HAL_Driver\Src\stm32h7xx_hal.o
 .group         0x00000000        0x8 Drivers\STM32H7xx_HAL_Driver\Src\stm32h7xx_hal.o
 .group         0x00000000        0x8 Drivers\STM32H7xx_HAL_Driver\Src\stm32h7xx_hal.o
 .group         0x00000000        0x8 Drivers\STM32H7xx_HAL_Driver\Src\stm32h7xx_hal.o
 .group         0x00000000        0x8 Drivers\STM32H7xx_HAL_Driver\Src\stm32h7xx_hal.o
 .group         0x00000000        0x8 Drivers\STM32H7xx_HAL_Driver\Src\stm32h7xx_hal.o
 .group         0x00000000        0x8 Drivers\STM32H7xx_HAL_Driver\Src\stm32h7xx_hal.o
 .group         0x00000000        0x8 Drivers\STM32H7xx_HAL_Driver\Src\stm32h7xx_hal.o
 .group         0x00000000        0x8 Drivers\STM32H7xx_HAL_Driver\Src\stm32h7xx_hal.o
 .group         0x00000000        0x8 Drivers\STM32H7xx_HAL_Driver\Src\stm32h7xx_hal.o
 .group         0x00000000        0x8 Drivers\STM32H7xx_HAL_Driver\Src\stm32h7xx_hal.o
 .group         0x00000000        0x8 Drivers\STM32H7xx_HAL_Driver\Src\stm32h7xx_hal.o
 .group         0x00000000        0x8 Drivers\STM32H7xx_HAL_Driver\Src\stm32h7xx_hal.o
 .group         0x00000000        0x8 Drivers\STM32H7xx_HAL_Driver\Src\stm32h7xx_hal.o
 .group         0x00000000        0x8 Drivers\STM32H7xx_HAL_Driver\Src\stm32h7xx_hal.o
 .group         0x00000000        0x8 Drivers\STM32H7xx_HAL_Driver\Src\stm32h7xx_hal.o
 .group         0x00000000        0x8 Drivers\STM32H7xx_HAL_Driver\Src\stm32h7xx_hal.o
 .group         0x00000000        0x8 Drivers\STM32H7xx_HAL_Driver\Src\stm32h7xx_hal.o
 .group         0x00000000        0x8 Drivers\STM32H7xx_HAL_Driver\Src\stm32h7xx_hal.o
 .group         0x00000000        0x8 Drivers\STM32H7xx_HAL_Driver\Src\stm32h7xx_hal.o
 .group         0x00000000        0x8 Drivers\STM32H7xx_HAL_Driver\Src\stm32h7xx_hal.o
 .group         0x00000000        0x8 Drivers\STM32H7xx_HAL_Driver\Src\stm32h7xx_hal.o
 .group         0x00000000        0x8 Drivers\STM32H7xx_HAL_Driver\Src\stm32h7xx_hal.o
 .group         0x00000000        0x8 Drivers\STM32H7xx_HAL_Driver\Src\stm32h7xx_hal.o
 .group         0x00000000        0x8 Drivers\STM32H7xx_HAL_Driver\Src\stm32h7xx_hal.o
 .group         0x00000000        0x8 Drivers\STM32H7xx_HAL_Driver\Src\stm32h7xx_hal.o
 .group         0x00000000        0x8 Drivers\STM32H7xx_HAL_Driver\Src\stm32h7xx_hal.o
[...]
Memory Configuration

Name             Origin             Length             Attributes
DTCMRAM          0x20000000         0x00020000         xrw
RAM_D1           0x24000000         0x00080000         xrw
RAM_D2           0x30000000         0x00048000         xrw
RAM_D3           0x38000000         0x00010000         xrw
ITCMRAM          0x00000000         0x00010000         xrw
FLASH            0x08000000         0x00200000         xr
*default*        0x00000000         0xffffffff

Linker script and memory map

LOAD c:/program files (x86)/atollic/truestudio for stm32 9.3.0/armtools/bin/../lib/gcc/arm-atollic-eabi/6.3.1/armv7e-m/fpu/fpv5-d16/crti.o
LOAD c:/program files (x86)/atollic/truestudio for stm32 9.3.0/armtools/bin/../lib/gcc/arm-atollic-eabi/6.3.1/armv7e-m/fpu/fpv5-d16/crtbegin.o
LOAD Drivers\STM32H7xx_HAL_Driver\Src\stm32h7xx_hal.o
LOAD Drivers\STM32H7xx_HAL_Driver\Src\stm32h7xx_hal_cortex.o
LOAD Drivers\STM32H7xx_HAL_Driver\Src\stm32h7xx_hal_dma.o
LOAD Drivers\STM32H7xx_HAL_Driver\Src\stm32h7xx_hal_dma_ex.o
LOAD Drivers\STM32H7xx_HAL_Driver\Src\stm32h7xx_hal_flash.o
LOAD Drivers\STM32H7xx_HAL_Driver\Src\stm32h7xx_hal_flash_ex.o
LOAD Drivers\STM32H7xx_HAL_Driver\Src\stm32h7xx_hal_gpio.o
LOAD Drivers\STM32H7xx_HAL_Driver\Src\stm32h7xx_hal_hsem.o
LOAD Drivers\STM32H7xx_HAL_Driver\Src\stm32h7xx_hal_i2c.o
LOAD Drivers\STM32H7xx_HAL_Driver\Src\stm32h7xx_hal_i2c_ex.o
LOAD Drivers\STM32H7xx_HAL_Driver\Src\stm32h7xx_hal_lptim.o
LOAD Drivers\STM32H7xx_HAL_Driver\Src\stm32h7xx_hal_mdma.o
LOAD Drivers\STM32H7xx_HAL_Driver\Src\stm32h7xx_hal_pwr.o
LOAD Drivers\STM32H7xx_HAL_Driver\Src\stm32h7xx_hal_pwr_ex.o
LOAD Drivers\STM32H7xx_HAL_Driver\Src\stm32h7xx_hal_rcc.o
LOAD Drivers\STM32H7xx_HAL_Driver\Src\stm32h7xx_hal_rcc_ex.o
LOAD Drivers\STM32H7xx_HAL_Driver\Src\stm32h7xx_hal_sai.o
LOAD Drivers\STM32H7xx_HAL_Driver\Src\stm32h7xx_hal_sai_ex.o
LOAD Drivers\STM32H7xx_HAL_Driver\Src\stm32h7xx_hal_sdram.o
LOAD Drivers\STM32H7xx_HAL_Driver\Src\stm32h7xx_hal_spi.o
LOAD Drivers\STM32H7xx_HAL_Driver\Src\stm32h7xx_hal_spi_ex.o
LOAD Drivers\STM32H7xx_HAL_Driver\Src\stm32h7xx_hal_tim.o
LOAD Drivers\STM32H7xx_HAL_Driver\Src\stm32h7xx_hal_tim_ex.o
LOAD Drivers\STM32H7xx_HAL_Driver\Src\stm32h7xx_ll_fmc.o
LOAD Src\CODEC.o
LOAD Src\SDRAM.o
LOAD Src\main.o
LOAD Src\stm32h7xx_hal_msp.o
LOAD Src\stm32h7xx_it.o
LOAD Src\system_stm32h7xx.o
LOAD startup\startup_stm32h743xx.o
                0x00000080                malloc_getpagesize_P = 0x80
START GROUP
LOAD c:/program files (x86)/atollic/truestudio for stm32 9.3.0/armtools/bin/../lib/gcc/arm-atollic-eabi/6.3.1/../../../../arm-atollic-eabi/lib/armv7e-m/fpu/fpv5-d16\libc_nano.a
LOAD c:/program files (x86)/atollic/truestudio for stm32 9.3.0/armtools/bin/../lib/gcc/arm-atollic-eabi/6.3.1/../../../../arm-atollic-eabi/lib/armv7e-m/fpu/fpv5-d16\libm.a
END GROUP
START GROUP
LOAD c:/program files (x86)/atollic/truestudio for stm32 9.3.0/armtools/bin/../lib/gcc/arm-atollic-eabi/6.3.1/armv7e-m/fpu/fpv5-d16\libgcc.a
LOAD c:/program files (x86)/atollic/truestudio for stm32 9.3.0/armtools/bin/../lib/gcc/arm-atollic-eabi/6.3.1/../../../../arm-atollic-eabi/lib/armv7e-m/fpu/fpv5-d16\libc_nano.a
END GROUP
START GROUP
LOAD c:/program files (x86)/atollic/truestudio for stm32 9.3.0/armtools/bin/../lib/gcc/arm-atollic-eabi/6.3.1/armv7e-m/fpu/fpv5-d16\libgcc.a
LOAD c:/program files (x86)/atollic/truestudio for stm32 9.3.0/armtools/bin/../lib/gcc/arm-atollic-eabi/6.3.1/../../../../arm-atollic-eabi/lib/armv7e-m/fpu/fpv5-d16\libc_nano.a
LOAD c:/program files (x86)/atollic/truestudio for stm32 9.3.0/armtools/bin/../lib/gcc/arm-atollic-eabi/6.3.1/../../../../arm-atollic-eabi/lib/armv7e-m/fpu/fpv5-d16\libnosys.a
END GROUP
START GROUP
LOAD c:/program files (x86)/atollic/truestudio for stm32 9.3.0/armtools/bin/../lib/gcc/arm-atollic-eabi/6.3.1/armv7e-m/fpu/fpv5-d16\libgcc.a
LOAD c:/program files (x86)/atollic/truestudio for stm32 9.3.0/armtools/bin/../lib/gcc/arm-atollic-eabi/6.3.1/../../../../arm-atollic-eabi/lib/armv7e-m/fpu/fpv5-d16\libc_nano.a
LOAD c:/program files (x86)/atollic/truestudio for stm32 9.3.0/armtools/bin/../lib/gcc/arm-atollic-eabi/6.3.1/../../../../arm-atollic-eabi/lib/armv7e-m/fpu/fpv5-d16\libnosys.a
END GROUP
LOAD c:/program files (x86)/atollic/truestudio for stm32 9.3.0/armtools/bin/../lib/gcc/arm-atollic-eabi/6.3.1/armv7e-m/fpu/fpv5-d16/crtend.o
LOAD c:/program files (x86)/atollic/truestudio for stm32 9.3.0/armtools/bin/../lib/gcc/arm-atollic-eabi/6.3.1/armv7e-m/fpu/fpv5-d16/crtn.o
                0x20020000                _estack = 0x20020000
                0x00000200                _Min_Heap_Size = 0x200
                0x00000400                _Min_Stack_Size = 0x400

.isr_vector     0x08000000      0x298
                0x08000000                . = ALIGN (0x4)
 *(.isr_vector)
 .isr_vector    0x08000000      0x298 startup\startup_stm32h743xx.o
                0x08000000                g_pfnVectors
                0x08000298                . = ALIGN (0x4)

.text           0x08000298     0x7404
                0x08000298                . = ALIGN (0x4)
 *(.text)
 .text          0x08000298       0x40 c:/program files (x86)/atollic/truestudio for stm32 9.3.0/armtools/bin/../lib/gcc/arm-atollic-eabi/6.3.1/armv7e-m/fpu/fpv5-d16/crtbegin.o
 *(.text*)
 .text.HAL_Init
                0x080002d8       0x24 Drivers\STM32H7xx_HAL_Driver\Src\stm32h7xx_hal.o
                0x080002d8                HAL_Init
 .text.HAL_InitTick
                0x080002fc       0x60 Drivers\STM32H7xx_HAL_Driver\Src\stm32h7xx_hal.o
                0x080002fc                HAL_InitTick
 .text.HAL_IncTick
                0x0800035c       0x28 Drivers\STM32H7xx_HAL_Driver\Src\stm32h7xx_hal.o
                0x0800035c                HAL_IncTick
 .text.HAL_GetTick
                0x08000384       0x18 Drivers\STM32H7xx_HAL_Driver\Src\stm32h7xx_hal.o
                0x08000384                HAL_GetTick
 .text.HAL_Delay
                0x0800039c       0x44 Drivers\STM32H7xx_HAL_Driver\Src\stm32h7xx_hal.o
                0x0800039c                HAL_Delay
 .text.__NVIC_SetPriorityGrouping
                0x080003e0       0x48 Drivers\STM32H7xx_HAL_Driver\Src\stm32h7xx_hal_cortex.o
 .text.__NVIC_GetPriorityGrouping
                0x08000428       0x1c Drivers\STM32H7xx_HAL_Driver\Src\stm32h7xx_hal_cortex.o
 .text.__NVIC_EnableIRQ
                0x08000444       0x3c Drivers\STM32H7xx_HAL_Driver\Src\stm32h7xx_hal_cortex.o
 .text.__NVIC_SetPriority
                0x08000480       0x54 Drivers\STM32H7xx_HAL_Driver\Src\stm32h7xx_hal_cortex.o
 .text.NVIC_EncodePriority
                0x080004d4       0x62 Drivers\STM32H7xx_HAL_Driver\Src\stm32h7xx_hal_cortex.o
 *fill*         0x08000536        0x2 
 .text.SysTick_Config
                0x08000538       0x44 Drivers\STM32H7xx_HAL_Driver\Src\stm32h7xx_hal_cortex.o
 .text.HAL_NVIC_SetPriorityGrouping
                0x0800057c       0x16 Drivers\STM32H7xx_HAL_Driver\Src\stm32h7xx_hal_cortex.o
                0x0800057c                HAL_NVIC_SetPriorityGrouping
 .text.HAL_NVIC_SetPriority
                0x08000592       0x38 Drivers\STM32H7xx_HAL_Driver\Src\stm32h7xx_hal_cortex.o
                0x08000592                HAL_NVIC_SetPriority
 .text.HAL_NVIC_EnableIRQ
                0x080005ca       0x1c Drivers\STM32H7xx_HAL_Driver\Src\stm32h7xx_hal_cortex.o
                0x080005ca                HAL_NVIC_EnableIRQ
 .text.HAL_SYSTICK_Config
                0x080005e6       0x18 Drivers\STM32H7xx_HAL_Driver\Src\stm32h7xx_hal_cortex.o
                0x080005e6                HAL_SYSTICK_Config
 *fill*         0x080005fe        0x2 
 .text.HAL_SYSTICK_CLKSourceConfig
                0x08000600       0x38 Drivers\STM32H7xx_HAL_Driver\Src\stm32h7xx_hal_cortex.o
                0x08000600                HAL_SYSTICK_CLKSourceConfig
 .text.HAL_SYSTICK_IRQHandler
                0x08000638        0xc Drivers\STM32H7xx_HAL_Driver\Src\stm32h7xx_hal_cortex.o
                0x08000638                HAL_SYSTICK_IRQHandler
 .text.HAL_SYSTICK_Callback
                0x08000644        0xe Drivers\STM32H7xx_HAL_Driver\Src\stm32h7xx_hal_cortex.o
                0x08000644                HAL_SYSTICK_Callback
 *fill*         0x08000652        0x2 
 .text.HAL_DMA_Init
                0x08000654      0x2fc Drivers\STM32H7xx_HAL_Driver\Src\stm32h7xx_hal_dma.o
                0x08000654                HAL_DMA_Init
 .text.HAL_DMA_Start
                0x08000950       0xf4 Drivers\STM32H7xx_HAL_Driver\Src\stm32h7xx_hal_dma.o
                0x08000950                HAL_DMA_Start
 .text.HAL_DMA_Start_IT
                0x08000a44      0x1b8 Drivers\STM32H7xx_HAL_Driver\Src\stm32h7xx_hal_dma.o
                0x08000a44                HAL_DMA_Start_IT
 .text.HAL_DMA_Abort
                0x08000bfc      0x1b4 Drivers\STM32H7xx_HAL_Driver\Src\stm32h7xx_hal_dma.o
                0x08000bfc                HAL_DMA_Abort
 .text.HAL_DMA_Abort_IT
                0x08000db0      0x158 Drivers\STM32H7xx_HAL_Driver\Src\stm32h7xx_hal_dma.o
                0x08000db0                HAL_DMA_Abort_IT
 .text.HAL_DMA_IRQHandler
                0x08000f08      0x60c Drivers\STM32H7xx_HAL_Driver\Src\stm32h7xx_hal_dma.o
                0x08000f08                HAL_DMA_IRQHandler
 .text.HAL_DMA_GetError
                0x08001514       0x18 Drivers\STM32H7xx_HAL_Driver\Src\stm32h7xx_hal_dma.o
                0x08001514                HAL_DMA_GetError
 .text.DMA_SetConfig
                0x0800152c      0x120 Drivers\STM32H7xx_HAL_Driver\Src\stm32h7xx_hal_dma.o
 .text.DMA_CalcBaseAndBitshift
                0x0800164c       0x6c Drivers\STM32H7xx_HAL_Driver\Src\stm32h7xx_hal_dma.o
 .text.DMA_CheckFifoParam
                0x080016b8       0xf8 Drivers\STM32H7xx_HAL_Driver\Src\stm32h7xx_hal_dma.o
 .text.DMA_CalcDMAMUXChannelBaseAndMask
                0x080017b0       0xd0 Drivers\STM32H7xx_HAL_Driver\Src\stm32h7xx_hal_dma.o
 .text.DMA_CalcDMAMUXRequestGenBaseAndMask
                0x08001880       0x8c Drivers\STM32H7xx_HAL_Driver\Src\stm32h7xx_hal_dma.o
 .text.HAL_GPIO_Init
                0x0800190c      0x36c Drivers\STM32H7xx_HAL_Driver\Src\stm32h7xx_hal_gpio.o
                0x0800190c                HAL_GPIO_Init
 .text.HAL_GPIO_WritePin
                0x08001c78       0x30 Drivers\STM32H7xx_HAL_Driver\Src\stm32h7xx_hal_gpio.o
                0x08001c78                HAL_GPIO_WritePin
 .text.HAL_LPTIM_Init
                0x08001ca8      0x130 Drivers\STM32H7xx_HAL_Driver\Src\stm32h7xx_hal_lptim.o
                0x08001ca8                HAL_LPTIM_Init
 .text.HAL_LPTIM_IRQHandler
                0x08001dd8      0x136 Drivers\STM32H7xx_HAL_Driver\Src\stm32h7xx_hal_lptim.o
                0x08001dd8                HAL_LPTIM_IRQHandler
 .text.HAL_LPTIM_CompareMatchCallback
                0x08001f0e       0x14 Drivers\STM32H7xx_HAL_Driver\Src\stm32h7xx_hal_lptim.o
                0x08001f0e                HAL_LPTIM_CompareMatchCallback
 .text.HAL_LPTIM_AutoReloadMatchCallback
                0x08001f22       0x14 Drivers\STM32H7xx_HAL_Driver\Src\stm32h7xx_hal_lptim.o
                0x08001f22                HAL_LPTIM_AutoReloadMatchCallback
 .text.HAL_LPTIM_TriggerCallback
                0x08001f36       0x14 Drivers\STM32H7xx_HAL_Driver\Src\stm32h7xx_hal_lptim.o
                0x08001f36                HAL_LPTIM_TriggerCallback
 .text.HAL_LPTIM_CompareWriteCallback
                0x08001f4a       0x14 Drivers\STM32H7xx_HAL_Driver\Src\stm32h7xx_hal_lptim.o
                0x08001f4a                HAL_LPTIM_CompareWriteCallback
 .text.HAL_LPTIM_AutoReloadWriteCallback
                0x08001f5e       0x14 Drivers\STM32H7xx_HAL_Driver\Src\stm32h7xx_hal_lptim.o
                0x08001f5e                HAL_LPTIM_AutoReloadWriteCallback
 .text.HAL_LPTIM_DirectionUpCallback
                0x08001f72       0x14 Drivers\STM32H7xx_HAL_Driver\Src\stm32h7xx_hal_lptim.o
                0x08001f72                HAL_LPTIM_DirectionUpCallback
 .text.HAL_LPTIM_DirectionDownCallback
                0x08001f86       0x14 Drivers\STM32H7xx_HAL_Driver\Src\stm32h7xx_hal_lptim.o
                0x08001f86                HAL_LPTIM_DirectionDownCallback
 *fill*         0x08001f9a        0x2 
 .text.HAL_RCC_OscConfig
                0x08001f9c      0x734 Drivers\STM32H7xx_HAL_Driver\Src\stm32h7xx_hal_rcc.o
                0x08001f9c                HAL_RCC_OscConfig
 .text.HAL_RCC_ClockConfig
                0x080026d0      0x294 Drivers\STM32H7xx_HAL_Driver\Src\stm32h7xx_hal_rcc.o
                0x080026d0                HAL_RCC_ClockConfig
 .text.HAL_RCC_GetSysClockFreq
                0x08002964      0x2e0 Drivers\STM32H7xx_HAL_Driver\Src\stm32h7xx_hal_rcc.o
                0x08002964                HAL_RCC_GetSysClockFreq
 .text.HAL_RCCEx_PeriphCLKConfig
                0x08002c44      0xfb8 Drivers\STM32H7xx_HAL_Driver\Src\stm32h7xx_hal_rcc_ex.o
                0x08002c44                HAL_RCCEx_PeriphCLKConfig
 .text.HAL_RCCEx_GetPeriphCLKFreq
                0x08003bfc      0x388 Drivers\STM32H7xx_HAL_Driver\Src\stm32h7xx_hal_rcc_ex.o
                0x08003bfc                HAL_RCCEx_GetPeriphCLKFreq
 .text.HAL_RCCEx_GetPLL2ClockFreq
                0x08003f84      0x270 Drivers\STM32H7xx_HAL_Driver\Src\stm32h7xx_hal_rcc_ex.o
                0x08003f84                HAL_RCCEx_GetPLL2ClockFreq
 .text.HAL_RCCEx_GetPLL3ClockFreq
                0x080041f4      0x270 Drivers\STM32H7xx_HAL_Driver\Src\stm32h7xx_hal_rcc_ex.o
                0x080041f4                HAL_RCCEx_GetPLL3ClockFreq
 .text.HAL_RCCEx_GetPLL1ClockFreq
                0x08004464      0x26c Drivers\STM32H7xx_HAL_Driver\Src\stm32h7xx_hal_rcc_ex.o
                0x08004464                HAL_RCCEx_GetPLL1ClockFreq
 .text.RCCEx_PLL2_Config
                0x080046d0      0x100 Drivers\STM32H7xx_HAL_Driver\Src\stm32h7xx_hal_rcc_ex.o
 .text.RCCEx_PLL3_Config
                0x080047d0      0x100 Drivers\STM32H7xx_HAL_Driver\Src\stm32h7xx_hal_rcc_ex.o
 .text.HAL_SAI_Init
                0x080048d0      0x450 Drivers\STM32H7xx_HAL_Driver\Src\stm32h7xx_hal_sai.o
                0x080048d0                HAL_SAI_Init
 .text.HAL_SAI_Abort
                0x08004d20       0xbc Drivers\STM32H7xx_HAL_Driver\Src\stm32h7xx_hal_sai.o
                0x08004d20                HAL_SAI_Abort
 .text.HAL_SAI_Transmit_DMA
                0x08004ddc      0x160 Drivers\STM32H7xx_HAL_Driver\Src\stm32h7xx_hal_sai.o
                0x08004ddc                HAL_SAI_Transmit_DMA
 .text.HAL_SAI_Receive_DMA
                0x08004f3c      0x128 Drivers\STM32H7xx_HAL_Driver\Src\stm32h7xx_hal_sai.o
                0x08004f3c                HAL_SAI_Receive_DMA
 .text.HAL_SAI_IRQHandler
                0x08005064      0x2a0 Drivers\STM32H7xx_HAL_Driver\Src\stm32h7xx_hal_sai.o
                0x08005064                HAL_SAI_IRQHandler
 .text.HAL_SAI_TxHalfCpltCallback
                0x08005304       0x14 Drivers\STM32H7xx_HAL_Driver\Src\stm32h7xx_hal_sai.o
                0x08005304                HAL_SAI_TxHalfCpltCallback
 .text.HAL_SAI_RxHalfCpltCallback
                0x08005318       0x14 Drivers\STM32H7xx_HAL_Driver\Src\stm32h7xx_hal_sai.o
                0x08005318                HAL_SAI_RxHalfCpltCallback
 .text.HAL_SAI_ErrorCallback
                0x0800532c       0x14 Drivers\STM32H7xx_HAL_Driver\Src\stm32h7xx_hal_sai.o
                0x0800532c                HAL_SAI_ErrorCallback
 .text.SAI_InterruptFlag
                0x08005340       0x6c Drivers\STM32H7xx_HAL_Driver\Src\stm32h7xx_hal_sai.o
 .text.SAI_Disable
                0x080053ac       0x6c Drivers\STM32H7xx_HAL_Driver\Src\stm32h7xx_hal_sai.o
 .text.SAI_DMATxCplt
                0x08005418       0x60 Drivers\STM32H7xx_HAL_Driver\Src\stm32h7xx_hal_sai.o
 .text.SAI_DMATxHalfCplt
                0x08005478       0x1c Drivers\STM32H7xx_HAL_Driver\Src\stm32h7xx_hal_sai.o
 .text.SAI_DMARxCplt
                0x08005494       0x60 Drivers\STM32H7xx_HAL_Driver\Src\stm32h7xx_hal_sai.o
 .text.SAI_DMARxHalfCplt
                0x080054f4       0x1c Drivers\STM32H7xx_HAL_Driver\Src\stm32h7xx_hal_sai.o
 .text.SAI_DMAError
                0x08005510       0x74 Drivers\STM32H7xx_HAL_Driver\Src\stm32h7xx_hal_sai.o
 .text.SAI_DMAAbort
                0x08005584       0x6e Drivers\STM32H7xx_HAL_Driver\Src\stm32h7xx_hal_sai.o
 *fill*         0x080055f2        0x2 
 .text.HAL_SDRAM_Init
                0x080055f4       0x78 Drivers\STM32H7xx_HAL_Driver\Src\stm32h7xx_hal_sdram.o
                0x080055f4                HAL_SDRAM_Init
 .text.HAL_SDRAM_IRQHandler
                0x0800566c       0x34 Drivers\STM32H7xx_HAL_Driver\Src\stm32h7xx_hal_sdram.o
                0x0800566c                HAL_SDRAM_IRQHandler
 .text.HAL_SDRAM_RefreshErrorCallback
                0x080056a0       0x14 Drivers\STM32H7xx_HAL_Driver\Src\stm32h7xx_hal_sdram.o
                0x080056a0                HAL_SDRAM_RefreshErrorCallback
 .text.HAL_SPI_Init
                0x080056b4      0x1f0 Drivers\STM32H7xx_HAL_Driver\Src\stm32h7xx_hal_spi.o
                0x080056b4                HAL_SPI_Init
 .text.HAL_SPI_Transmit
                0x080058a4      0x3e8 Drivers\STM32H7xx_HAL_Driver\Src\stm32h7xx_hal_spi.o
                0x080058a4                HAL_SPI_Transmit
 .text.HAL_SPI_IRQHandler
                0x08005c8c      0x348 Drivers\STM32H7xx_HAL_Driver\Src\stm32h7xx_hal_spi.o
                0x08005c8c                HAL_SPI_IRQHandler
 .text.HAL_SPI_TxCpltCallback
                0x08005fd4       0x14 Drivers\STM32H7xx_HAL_Driver\Src\stm32h7xx_hal_spi.o
                0x08005fd4                HAL_SPI_TxCpltCallback
 .text.HAL_SPI_RxCpltCallback
                0x08005fe8       0x14 Drivers\STM32H7xx_HAL_Driver\Src\stm32h7xx_hal_spi.o
                0x08005fe8                HAL_SPI_RxCpltCallback
 .text.HAL_SPI_TxRxCpltCallback
                0x08005ffc       0x14 Drivers\STM32H7xx_HAL_Driver\Src\stm32h7xx_hal_spi.o
                0x08005ffc                HAL_SPI_TxRxCpltCallback
 .text.HAL_SPI_ErrorCallback
                0x08006010       0x14 Drivers\STM32H7xx_HAL_Driver\Src\stm32h7xx_hal_spi.o
                0x08006010                HAL_SPI_ErrorCallback
 .text.SPI_DMAAbortOnError
                0x08006024       0x34 Drivers\STM32H7xx_HAL_Driver\Src\stm32h7xx_hal_spi.o
 .text.SPI_CloseTransfer
                0x08006058      0x140 Drivers\STM32H7xx_HAL_Driver\Src\stm32h7xx_hal_spi.o
 .text.SPI_WaitOnFlagUntilTimeout
                0x08006198       0x5c Drivers\STM32H7xx_HAL_Driver\Src\stm32h7xx_hal_spi.o
 .text.SPI_GetPacketSize
                0x080061f4       0x36 Drivers\STM32H7xx_HAL_Driver\Src\stm32h7xx_hal_spi.o
 *fill*         0x0800622a        0x2 
 .text.FMC_SDRAM_Init
                0x0800622c       0xe4 Drivers\STM32H7xx_HAL_Driver\Src\stm32h7xx_ll_fmc.o
                0x0800622c                FMC_SDRAM_Init
 .text.FMC_SDRAM_Timing_Init
                0x08006310      0x100 Drivers\STM32H7xx_HAL_Driver\Src\stm32h7xx_ll_fmc.o
                0x08006310                FMC_SDRAM_Timing_Init
 .text.CODEC_Init_TDM
                0x08006410       0xa4 Src\CODEC.o
                0x08006410                CODEC_Init_TDM
 .text.HAL_SAI_RxCpltCallback
                0x080064b4       0x20 Src\main.o
                0x080064b4                HAL_SAI_RxCpltCallback
 .text.HAL_SAI_TxCpltCallback
                0x080064d4       0x14 Src\main.o
                0x080064d4                HAL_SAI_TxCpltCallback
 .text.main     0x080064e8      0x180 Src\main.o
                0x080064e8                main
 .text.SystemClock_Config
                0x08006668      0x180 Src\main.o
                0x08006668                SystemClock_Config
 .text.MX_LPTIM3_Init
                0x080067e8       0x5c Src\main.o
 .text.MX_LPTIM5_Init
                0x08006844       0x58 Src\main.o
 .text.MX_SAI2_Init
                0x0800689c      0x1a0 Src\main.o
 .text.MX_SPI5_Init
                0x08006a3c       0xb8 Src\main.o
 .text.MX_BDMA_Init
                0x08006af4       0x90 Src\main.o
 .text.MX_DMA_Init
                0x08006b84       0xc4 Src\main.o
 .text.MX_FMC_Init
                0x08006c48       0x98 Src\main.o
 .text.MX_GPIO_Init
                0x08006ce0      0x1c4 Src\main.o
 .text._Error_Handler
                0x08006ea4       0x18 Src\main.o
                0x08006ea4                _Error_Handler
 .text.HAL_MspInit
                0x08006ebc       0x8c Src\stm32h7xx_hal_msp.o
                0x08006ebc                HAL_MspInit
 .text.HAL_LPTIM_MspInit
                0x08006f48       0x80 Src\stm32h7xx_hal_msp.o
                0x08006f48                HAL_LPTIM_MspInit
 .text.HAL_SPI_MspInit
                0x08006fc8       0x78 Src\stm32h7xx_hal_msp.o
                0x08006fc8                HAL_SPI_MspInit
 .text.HAL_FMC_MspInit
                0x08007040      0x14c Src\stm32h7xx_hal_msp.o
 .text.HAL_SDRAM_MspInit
                0x0800718c       0x14 Src\stm32h7xx_hal_msp.o
                0x0800718c                HAL_SDRAM_MspInit
 .text.HAL_SAI_MspInit
                0x080071a0      0x26c Src\stm32h7xx_hal_msp.o
                0x080071a0                HAL_SAI_MspInit
 .text.NMI_Handler
                0x0800740c        0xe Src\stm32h7xx_it.o
                0x0800740c                NMI_Handler
 *fill*         0x0800741a        0x2 
 .text.HardFault_Handler
                0x0800741c       0x10 Src\stm32h7xx_it.o
                0x0800741c                HardFault_Handler
 .text.MemManage_Handler
                0x0800742c        0x6 Src\stm32h7xx_it.o
                0x0800742c                MemManage_Handler
 .text.BusFault_Handler
                0x08007432        0x6 Src\stm32h7xx_it.o
                0x08007432                BusFault_Handler
 .text.UsageFault_Handler
                0x08007438        0x6 Src\stm32h7xx_it.o
                0x08007438                UsageFault_Handler
 .text.SVC_Handler
                0x0800743e        0xe Src\stm32h7xx_it.o
                0x0800743e                SVC_Handler
 .text.DebugMon_Handler
                0x0800744c        0xe Src\stm32h7xx_it.o
                0x0800744c                DebugMon_Handler
 .text.PendSV_Handler
                0x0800745a        0xe Src\stm32h7xx_it.o
                0x0800745a                PendSV_Handler
 .text.SysTick_Handler
                0x08007468       0x10 Src\stm32h7xx_it.o
                0x08007468                SysTick_Handler
 .text.DMA1_Stream0_IRQHandler
                0x08007478       0x28 Src\stm32h7xx_it.o
                0x08007478                DMA1_Stream0_IRQHandler
 .text.DMA1_Stream1_IRQHandler
                0x080074a0       0x28 Src\stm32h7xx_it.o
                0x080074a0                DMA1_Stream1_IRQHandler
 .text.FMC_IRQHandler
                0x080074c8       0x14 Src\stm32h7xx_it.o
                0x080074c8                FMC_IRQHandler
 .text.SPI5_IRQHandler
                0x080074dc       0x14 Src\stm32h7xx_it.o
                0x080074dc                SPI5_IRQHandler
 .text.SAI2_IRQHandler
                0x080074f0       0x1c Src\stm32h7xx_it.o
                0x080074f0                SAI2_IRQHandler
 .text.LPTIM5_IRQHandler
                0x0800750c       0x14 Src\stm32h7xx_it.o
                0x0800750c                LPTIM5_IRQHandler
 .text.SystemInit
                0x08007520       0xb0 Src\system_stm32h7xx.o
                0x08007520                SystemInit
 .text.Reset_Handler
                0x080075d0       0x50 startup\startup_stm32h743xx.o
                0x080075d0                Reset_Handler
 .text.Default_Handler
                0x08007620        0x2 startup\startup_stm32h743xx.o
                0x08007620                RTC_Alarm_IRQHandler
                0x08007620                EXTI2_IRQHandler
                0x08007620                TIM8_CC_IRQHandler
                0x08007620                HRTIM1_Master_IRQHandler
                0x08007620                UART8_IRQHandler
                0x08007620                SPI4_IRQHandler
                0x08007620                TIM1_CC_IRQHandler
                0x08007620                BDMA_Channel6_IRQHandler
                0x08007620                DMA2_Stream5_IRQHandler
                0x08007620                HRTIM1_FLT_IRQHandler
                0x08007620                JPEG_IRQHandler
                0x08007620                DMA1_Stream5_IRQHandler
                0x08007620                BDMA_Channel1_IRQHandler
                0x08007620                HRTIM1_TIMD_IRQHandler
                0x08007620                TAMP_STAMP_IRQHandler
                0x08007620                EXTI3_IRQHandler
                0x08007620                LPTIM4_IRQHandler
                0x08007620                TIM8_TRG_COM_TIM14_IRQHandler
                0x08007620                LPTIM2_IRQHandler
                0x08007620                DFSDM1_FLT1_IRQHandler
                0x08007620                DMAMUX2_OVR_IRQHandler
                0x08007620                TIM8_UP_TIM13_IRQHandler
                0x08007620                I2C3_ER_IRQHandler
                0x08007620                DFSDM1_FLT2_IRQHandler
                0x08007620                MDMA_IRQHandler
                0x08007620                LPTIM3_IRQHandler
                0x08007620                HSEM1_IRQHandler
                0x08007620                EXTI0_IRQHandler
                0x08007620                I2C2_EV_IRQHandler
                0x08007620                DMA1_Stream2_IRQHandler
                0x08007620                FPU_IRQHandler
                0x08007620                OTG_HS_WKUP_IRQHandler
                0x08007620                FDCAN1_IT1_IRQHandler
                0x08007620                LTDC_ER_IRQHandler
                0x08007620                DMA2_Stream2_IRQHandler
                0x08007620                HRTIM1_TIME_IRQHandler
                0x08007620                SPI1_IRQHandler
                0x08007620                TIM6_DAC_IRQHandler
                0x08007620                DCMI_IRQHandler
                0x08007620                HRTIM1_TIMC_IRQHandler
                0x08007620                DMA2_Stream3_IRQHandler
                0x08007620                DFSDM1_FLT3_IRQHandler
                0x08007620                USART6_IRQHandler
                0x08007620                TIM17_IRQHandler
                0x08007620                USART3_IRQHandler
                0x08007620                BDMA_Channel7_IRQHandler
                0x08007620                UART5_IRQHandler
                0x08007620                ADC3_IRQHandler
                0x08007620                DMA2_Stream0_IRQHandler
                0x08007620                TIM4_IRQHandler
                0x08007620                BDMA_Channel2_IRQHandler
                0x08007620                QUADSPI_IRQHandler
                0x08007620                I2C1_EV_IRQHandler
                0x08007620                DMA1_Stream6_IRQHandler
                0x08007620                DMAMUX1_OVR_IRQHandler
                0x08007620                TIM16_IRQHandler
                0x08007620                UART4_IRQHandler
                0x08007620                BDMA_Channel5_IRQHandler
                0x08007620                TIM3_IRQHandler
                0x08007620                RCC_IRQHandler
                0x08007620                TIM8_BRK_TIM12_IRQHandler
                0x08007620                TIM1_TRG_COM_IRQHandler
                0x08007620                Default_Handler
                0x08007620                CEC_IRQHandler
                0x08007620                EXTI15_10_IRQHandler
                0x08007620                BDMA_Channel0_IRQHandler
                0x08007620                ADC_IRQHandler
                0x08007620                DMA1_Stream7_IRQHandler
                0x08007620                HRTIM1_TIMA_IRQHandler
                0x08007620                TIM7_IRQHandler
                0x08007620                SDMMC1_IRQHandler
                0x08007620                TIM5_IRQHandler
                0x08007620                DMA2_Stream7_IRQHandler
                0x08007620                TIM15_IRQHandler
                0x08007620                PVD_AVD_IRQHandler
                0x08007620                I2C3_EV_IRQHandler
                0x08007620                EXTI9_5_IRQHandler
                0x08007620                RTC_WKUP_IRQHandler
                0x08007620                LTDC_IRQHandler
                0x08007620                SAI3_IRQHandler
                0x08007620                ETH_WKUP_IRQHandler
                0x08007620                SPDIF_RX_IRQHandler
                0x08007620                SPI2_IRQHandler
                0x08007620                OTG_HS_EP1_IN_IRQHandler
                0x08007620                CRS_IRQHandler
                0x08007620                EXTI4_IRQHandler
                0x08007620                RNG_IRQHandler
                0x08007620                HRTIM1_TIMB_IRQHandler
                0x08007620                FDCAN2_IT1_IRQHandler
                0x08007620                ETH_IRQHandler
                0x08007620                TIM1_UP_IRQHandler
                0x08007620                BDMA_Channel4_IRQHandler
                0x08007620                OTG_HS_EP1_OUT_IRQHandler
                0x08007620                WWDG_IRQHandler
                0x08007620                SPI6_IRQHandler
                0x08007620                MDIOS_IRQHandler
                0x08007620                I2C4_EV_IRQHandler
                0x08007620                FDCAN2_IT0_IRQHandler
                0x08007620                LPUART1_IRQHandler
                0x08007620                FDCAN1_IT0_IRQHandler
                0x08007620                TIM2_IRQHandler
                0x08007620                OTG_FS_WKUP_IRQHandler
                0x08007620                OTG_HS_IRQHandler
                0x08007620                DMA2D_IRQHandler
                0x08007620                TIM1_BRK_IRQHandler
                0x08007620                EXTI1_IRQHandler
                0x08007620                SDMMC2_IRQHandler
                0x08007620                OTG_FS_EP1_OUT_IRQHandler
                0x08007620                BDMA_Channel3_IRQHandler
                0x08007620                UART7_IRQHandler
                0x08007620                MDIOS_WKUP_IRQHandler
                0x08007620                USART2_IRQHandler
                0x08007620                DFSDM1_FLT0_IRQHandler
                0x08007620                SAI4_IRQHandler
                0x08007620                I2C2_ER_IRQHandler
                0x08007620                DMA2_Stream1_IRQHandler
                0x08007620                FLASH_IRQHandler
                0x08007620                DMA2_Stream4_IRQHandler
                0x08007620                USART1_IRQHandler
                0x08007620                OTG_FS_IRQHandler
                0x08007620                SPI3_IRQHandler
                0x08007620                WAKEUP_PIN_IRQHandler
                0x08007620                DMA1_Stream4_IRQHandler
                0x08007620                OTG_FS_EP1_IN_IRQHandler
                0x08007620                I2C1_ER_IRQHandler
                0x08007620                FDCAN_CAL_IRQHandler
                0x08007620                SWPMI1_IRQHandler
                0x08007620                COMP1_IRQHandler
                0x08007620                LPTIM1_IRQHandler
                0x08007620                I2C4_ER_IRQHandler
                0x08007620                DMA2_Stream6_IRQHandler
                0x08007620                SAI1_IRQHandler
                0x08007620                DMA1_Stream3_IRQHandler
 *fill*         0x08007622        0x2 
 .text.__libc_init_array
                0x08007624       0x48 c:/program files (x86)/atollic/truestudio for stm32 9.3.0/armtools/bin/../lib/gcc/arm-atollic-eabi/6.3.1/../../../../arm-atollic-eabi/lib/armv7e-m/fpu/fpv5-d16\libc_nano.a(lib_a-init.o)
                0x08007624                __libc_init_array
 .text.memcpy   0x0800766c       0x16 c:/program files (x86)/atollic/truestudio for stm32 9.3.0/armtools/bin/../lib/gcc/arm-atollic-eabi/6.3.1/../../../../arm-atollic-eabi/lib/armv7e-m/fpu/fpv5-d16\libc_nano.a(lib_a-memcpy-stub.o)
                0x0800766c                memcpy
 *(.glue_7)
 .glue_7        0x08007682        0x0 linker stubs
 *(.glue_7t)
 .glue_7t       0x08007682        0x0 linker stubs
 *(.eh_frame)
 *fill*         0x08007682        0x2 
 .eh_frame      0x08007684        0x0 c:/program files (x86)/atollic/truestudio for stm32 9.3.0/armtools/bin/../lib/gcc/arm-atollic-eabi/6.3.1/armv7e-m/fpu/fpv5-d16/crtbegin.o
 *(.init)
 .init          0x08007684        0x4 c:/program files (x86)/atollic/truestudio for stm32 9.3.0/armtools/bin/../lib/gcc/arm-atollic-eabi/6.3.1/armv7e-m/fpu/fpv5-d16/crti.o
                0x08007684                _init
 .init          0x08007688        0x8 c:/program files (x86)/atollic/truestudio for stm32 9.3.0/armtools/bin/../lib/gcc/arm-atollic-eabi/6.3.1/armv7e-m/fpu/fpv5-d16/crtn.o
 *(.fini)
 .fini          0x08007690        0x4 c:/program files (x86)/atollic/truestudio for stm32 9.3.0/armtools/bin/../lib/gcc/arm-atollic-eabi/6.3.1/armv7e-m/fpu/fpv5-d16/crti.o
                0x08007690                _fini
 .fini          0x08007694        0x8 c:/program files (x86)/atollic/truestudio for stm32 9.3.0/armtools/bin/../lib/gcc/arm-atollic-eabi/6.3.1/armv7e-m/fpu/fpv5-d16/crtn.o
                0x0800769c                . = ALIGN (0x4)
                0x0800769c                _etext = .

.vfp11_veneer   0x0800769c        0x0
 .vfp11_veneer  0x0800769c        0x0 linker stubs

.v4_bx          0x0800769c        0x0
 .v4_bx         0x0800769c        0x0 linker stubs

.iplt           0x0800769c        0x0
 .iplt          0x0800769c        0x0 c:/program files (x86)/atollic/truestudio for stm32 9.3.0/armtools/bin/../lib/gcc/arm-atollic-eabi/6.3.1/armv7e-m/fpu/fpv5-d16/crtbegin.o

.rodata         0x0800769c       0x44
                0x0800769c                . = ALIGN (0x4)
 *(.rodata)
 .rodata        0x0800769c        0x8 Drivers\STM32H7xx_HAL_Driver\Src\stm32h7xx_hal_dma.o
 .rodata        0x080076a4        0xe Src\main.o
 *fill*         0x080076b2        0x2 
 .rodata        0x080076b4       0x1b Src\stm32h7xx_hal_msp.o
 *fill*         0x080076cf        0x1 
 .rodata        0x080076d0       0x10 Src\system_stm32h7xx.o
                0x080076d0                D1CorePrescTable
 *(.rodata*)
                0x080076e0                . = ALIGN (0x4)

.rel.dyn        0x080076e0        0x0
 .rel.iplt      0x080076e0        0x0 c:/program files (x86)/atollic/truestudio for stm32 9.3.0/armtools/bin/../lib/gcc/arm-atollic-eabi/6.3.1/armv7e-m/fpu/fpv5-d16/crtbegin.o

.ARM.extab
 *(.ARM.extab* .gnu.linkonce.armextab.*)

.ARM            0x080076e0        0x0
                0x080076e0                __exidx_start = .
 *(.ARM.exidx*)
                0x080076e0                __exidx_end = .

.preinit_array  0x080076e0        0x0
                0x080076e0                PROVIDE (__preinit_array_start, .)
 *(.preinit_array*)
                0x080076e0                PROVIDE (__preinit_array_end, .)

.init_array     0x080076e0        0x4
                0x080076e0                PROVIDE (__init_array_start, .)
 *(SORT(.init_array.*))
 *(.init_array*)
 .init_array    0x080076e0        0x4 c:/program files (x86)/atollic/truestudio for stm32 9.3.0/armtools/bin/../lib/gcc/arm-atollic-eabi/6.3.1/armv7e-m/fpu/fpv5-d16/crtbegin.o
                0x080076e4                PROVIDE (__init_array_end, .)

.fini_array     0x080076e4        0x4
                [!provide]                PROVIDE (__fini_array_start, .)
 *(SORT(.fini_array.*))
 *(.fini_array*)
 .fini_array    0x080076e4        0x4 c:/program files (x86)/atollic/truestudio for stm32 9.3.0/armtools/bin/../lib/gcc/arm-atollic-eabi/6.3.1/armv7e-m/fpu/fpv5-d16/crtbegin.o
                [!provide]                PROVIDE (__fini_array_end, .)
                0x080076e8                _sidata = LOADADDR (.data)

.data           0x20000000       0x14 load address 0x080076e8
                0x20000000                . = ALIGN (0x4)
                0x20000000                _sdata = .
 *(.data)
 .data          0x20000000        0x5 Drivers\STM32H7xx_HAL_Driver\Src\stm32h7xx_hal.o
 *fill*         0x20000005        0x3 
 .data          0x20000008        0x4 Src\main.o
                0x20000008                BlockSize
 .data          0x2000000c        0x8 Src\system_stm32h7xx.o
                0x2000000c                SystemCoreClock
                0x20000010                SystemD2Clock
 *(.data*)
                0x20000014                . = ALIGN (0x4)
                0x20000014                _edata = .

.igot.plt       0x20000014        0x0 load address 0x080076fc
 .igot.plt      0x20000014        0x0 c:/program files (x86)/atollic/truestudio for stm32 9.3.0/armtools/bin/../lib/gcc/arm-atollic-eabi/6.3.1/armv7e-m/fpu/fpv5-d16/crtbegin.o
                0x20000014                . = ALIGN (0x4)

.bss            0x20000014      0x488 load address 0x080076fc
                0x20000014                _sbss = .
                0x20000014                __bss_start__ = _sbss
 *(.bss)
 .bss           0x20000014       0x1c c:/program files (x86)/atollic/truestudio for stm32 9.3.0/armtools/bin/../lib/gcc/arm-atollic-eabi/6.3.1/armv7e-m/fpu/fpv5-d16/crtbegin.o
 .bss           0x20000030        0x4 Drivers\STM32H7xx_HAL_Driver\Src\stm32h7xx_hal.o
 .bss           0x20000034        0x2 Src\main.o
                0x20000034                cntSample
                0x20000035                EditSR
 *fill*         0x20000036        0x2 
 .bss           0x20000038        0xc Src\stm32h7xx_hal_msp.o
 *(.bss*)
 *(COMMON)
 COMMON         0x20000044      0x458 Src\main.o
                0x20000044                hsai_BlockB2
                0x200000d8                hdma_sai2_b
                0x20000150                MemSize
                0x20000154                hspi5
                0x200001dc                hsai_BlockA2
                0x20000270                pIn
                0x20000274                hlptim3
                0x200002ac                hlptim5
                0x200002e4                pEdit
                0x200002e8                Block1
                0x200002ec                hdma_sai2_a
                0x20000364                pSwitch
                0x20000368                Block3
                0x2000036c                hdma_memtomem_dma1_stream2
                0x200003e4                pOut
                0x200003e8                hsdram1
                0x2000041c                hdma_memtomem_bdma_channel0
                0x20000494                Block2
                0x20000498                GetSize
                0x2000049c                . = ALIGN (0x4)
                0x2000049c                _ebss = .
                0x2000049c                __bss_end__ = _ebss

._user_heap_stack
                0x2000049c      0x604 load address 0x080076fc
                0x200004a0                . = ALIGN (0x8)
 *fill*         0x2000049c        0x4 
                [!provide]                PROVIDE (end, .)
                [!provide]                PROVIDE (_end, .)
                0x200006a0                . = (. + _Min_Heap_Size)
 *fill*         0x200004a0      0x200 
                0x20000aa0                . = (. + _Min_Stack_Size)
 *fill*         0x200006a0      0x400 
                0x20000aa0                . = ALIGN (0x8)

/DISCARD/
 libc.a(*)
 libm.a(*)
 libgcc.a(*)

.ARM.attributes
                0x00000000       0x2e
 *(.ARM.attributes)
 .ARM.attributes
                0x00000000       0x20 c:/program files (x86)/atollic/truestudio for stm32 9.3.0/armtools/bin/../lib/gcc/arm-atollic-eabi/6.3.1/armv7e-m/fpu/fpv5-d16/crti.o
 .ARM.attributes
                0x00000020       0x32 c:/program files (x86)/atollic/truestudio for stm32 9.3.0/armtools/bin/../lib/gcc/arm-atollic-eabi/6.3.1/armv7e-m/fpu/fpv5-d16/crtbegin.o
 .ARM.attributes
                0x00000052       0x37 Drivers\STM32H7xx_HAL_Driver\Src\stm32h7xx_hal.o
 .ARM.attributes
                0x00000089       0x37 Drivers\STM32H7xx_HAL_Driver\Src\stm32h7xx_hal_cortex.o
 .ARM.attributes
                0x000000c0       0x37 Drivers\STM32H7xx_HAL_Driver\Src\stm32h7xx_hal_dma.o
 .ARM.attributes
                0x000000f7       0x37 Drivers\STM32H7xx_HAL_Driver\Src\stm32h7xx_hal_gpio.o
 .ARM.attributes
                0x0000012e       0x37 Drivers\STM32H7xx_HAL_Driver\Src\stm32h7xx_hal_lptim.o
 .ARM.attributes
                0x00000165       0x37 Drivers\STM32H7xx_HAL_Driver\Src\stm32h7xx_hal_rcc.o
 .ARM.attributes
                0x0000019c       0x37 Drivers\STM32H7xx_HAL_Driver\Src\stm32h7xx_hal_rcc_ex.o
 .ARM.attributes
                0x000001d3       0x37 Drivers\STM32H7xx_HAL_Driver\Src\stm32h7xx_hal_sai.o
 .ARM.attributes
                0x0000020a       0x37 Drivers\STM32H7xx_HAL_Driver\Src\stm32h7xx_hal_sdram.o
 .ARM.attributes
                0x00000241       0x37 Drivers\STM32H7xx_HAL_Driver\Src\stm32h7xx_hal_spi.o
 .ARM.attributes
                0x00000278       0x37 Drivers\STM32H7xx_HAL_Driver\Src\stm32h7xx_ll_fmc.o
 .ARM.attributes
                0x000002af       0x37 Src\CODEC.o
 .ARM.attributes
                0x000002e6       0x37 Src\main.o
 .ARM.attributes
                0x0000031d       0x37 Src\stm32h7xx_hal_msp.o
 .ARM.attributes
                0x00000354       0x37 Src\stm32h7xx_it.o
 .ARM.attributes
                0x0000038b       0x37 Src\system_stm32h7xx.o
 .ARM.attributes
                0x000003c2       0x21 startup\startup_stm32h743xx.o
 .ARM.attributes
                0x000003e3       0x32 c:/program files (x86)/atollic/truestudio for stm32 9.3.0/armtools/bin/../lib/gcc/arm-atollic-eabi/6.3.1/../../../../arm-atollic-eabi/lib/armv7e-m/fpu/fpv5-d16\libc_nano.a(lib_a-init.o)
 .ARM.attributes
                0x00000415       0x32 c:/program files (x86)/atollic/truestudio for stm32 9.3.0/armtools/bin/../lib/gcc/arm-atollic-eabi/6.3.1/../../../../arm-atollic-eabi/lib/armv7e-m/fpu/fpv5-d16\libc_nano.a(lib_a-memcpy-stub.o)
 .ARM.attributes
                0x00000447       0x20 c:/program files (x86)/atollic/truestudio for stm32 9.3.0/armtools/bin/../lib/gcc/arm-atollic-eabi/6.3.1/armv7e-m/fpu/fpv5-d16/crtn.o
OUTPUT(Firmware_v0.0.elf elf32-littlearm)

.debug_info     0x00000000    0x19751
 .debug_info    0x00000000     0x1c1a Drivers\STM32H7xx_HAL_Driver\Src\stm32h7xx_hal.o
 .debug_info    0x00001c1a     0x1896 Drivers\STM32H7xx_HAL_Driver\Src\stm32h7xx_hal_cortex.o
 .debug_info    0x000034b0     0x1338 Drivers\STM32H7xx_HAL_Driver\Src\stm32h7xx_hal_dma.o
 .debug_info    0x000047e8     0x1452 Drivers\STM32H7xx_HAL_Driver\Src\stm32h7xx_hal_gpio.o
 .debug_info    0x00005c3a     0x13b4 Drivers\STM32H7xx_HAL_Driver\Src\stm32h7xx_hal_lptim.o
 .debug_info    0x00006fee     0x18c3 Drivers\STM32H7xx_HAL_Driver\Src\stm32h7xx_hal_rcc.o
 .debug_info    0x000088b1     0x1b5a Drivers\STM32H7xx_HAL_Driver\Src\stm32h7xx_hal_rcc_ex.o
 .debug_info    0x0000a40b     0x1af7 Drivers\STM32H7xx_HAL_Driver\Src\stm32h7xx_hal_sai.o
 .debug_info    0x0000bf02     0x159b Drivers\STM32H7xx_HAL_Driver\Src\stm32h7xx_hal_sdram.o
 .debug_info    0x0000d49d     0x1c43 Drivers\STM32H7xx_HAL_Driver\Src\stm32h7xx_hal_spi.o
 .debug_info    0x0000f0e0     0x1482 Drivers\STM32H7xx_HAL_Driver\Src\stm32h7xx_ll_fmc.o
 .debug_info    0x00010562     0x1289 Src\CODEC.o
 .debug_info    0x000117eb     0x2c53 Src\main.o
 .debug_info    0x0001443e     0x2538 Src\stm32h7xx_hal_msp.o
 .debug_info    0x00016976     0x1c25 Src\stm32h7xx_it.o
 .debug_info    0x0001859b     0x1134 Src\system_stm32h7xx.o
 .debug_info    0x000196cf       0x82 startup\startup_stm32h743xx.o

.debug_abbrev   0x00000000     0x2976
 .debug_abbrev  0x00000000      0x326 Drivers\STM32H7xx_HAL_Driver\Src\stm32h7xx_hal.o
 .debug_abbrev  0x00000326      0x38e Drivers\STM32H7xx_HAL_Driver\Src\stm32h7xx_hal_cortex.o
 .debug_abbrev  0x000006b4      0x26b Drivers\STM32H7xx_HAL_Driver\Src\stm32h7xx_hal_dma.o
 .debug_abbrev  0x0000091f      0x27a Drivers\STM32H7xx_HAL_Driver\Src\stm32h7xx_hal_gpio.o
 .debug_abbrev  0x00000b99      0x264 Drivers\STM32H7xx_HAL_Driver\Src\stm32h7xx_hal_lptim.o
 .debug_abbrev  0x00000dfd      0x2ff Drivers\STM32H7xx_HAL_Driver\Src\stm32h7xx_hal_rcc.o
 .debug_abbrev  0x000010fc      0x2fc Drivers\STM32H7xx_HAL_Driver\Src\stm32h7xx_hal_rcc_ex.o
 .debug_abbrev  0x000013f8      0x2db Drivers\STM32H7xx_HAL_Driver\Src\stm32h7xx_hal_sai.o
 .debug_abbrev  0x000016d3      0x266 Drivers\STM32H7xx_HAL_Driver\Src\stm32h7xx_hal_sdram.o
 .debug_abbrev  0x00001939      0x2b7 Drivers\STM32H7xx_HAL_Driver\Src\stm32h7xx_hal_spi.o
 .debug_abbrev  0x00001bf0      0x221 Drivers\STM32H7xx_HAL_Driver\Src\stm32h7xx_ll_fmc.o
 .debug_abbrev  0x00001e11      0x1ea Src\CODEC.o
 .debug_abbrev  0x00001ffb      0x2cf Src\main.o
 .debug_abbrev  0x000022ca      0x288 Src\stm32h7xx_hal_msp.o
 .debug_abbrev  0x00002552      0x1e1 Src\stm32h7xx_it.o
 .debug_abbrev  0x00002733      0x231 Src\system_stm32h7xx.o
 .debug_abbrev  0x00002964       0x12 startup\startup_stm32h743xx.o

.debug_aranges  0x00000000      0xd58
 .debug_aranges
                0x00000000      0x1a0 Drivers\STM32H7xx_HAL_Driver\Src\stm32h7xx_hal.o
 .debug_aranges
                0x000001a0      0x110 Drivers\STM32H7xx_HAL_Driver\Src\stm32h7xx_hal_cortex.o
 .debug_aranges
                0x000002b0       0xa0 Drivers\STM32H7xx_HAL_Driver\Src\stm32h7xx_hal_dma.o
 .debug_aranges
                0x00000350       0x58 Drivers\STM32H7xx_HAL_Driver\Src\stm32h7xx_hal_gpio.o
 .debug_aranges
                0x000003a8      0x158 Drivers\STM32H7xx_HAL_Driver\Src\stm32h7xx_hal_lptim.o
 .debug_aranges
                0x00000500       0x80 Drivers\STM32H7xx_HAL_Driver\Src\stm32h7xx_hal_rcc.o
 .debug_aranges
                0x00000580       0xe0 Drivers\STM32H7xx_HAL_Driver\Src\stm32h7xx_hal_rcc_ex.o
 .debug_aranges
                0x00000660      0x178 Drivers\STM32H7xx_HAL_Driver\Src\stm32h7xx_hal_sai.o
 .debug_aranges
                0x000007d8       0xd0 Drivers\STM32H7xx_HAL_Driver\Src\stm32h7xx_hal_sdram.o
 .debug_aranges
                0x000008a8      0x1d0 Drivers\STM32H7xx_HAL_Driver\Src\stm32h7xx_hal_spi.o
 .debug_aranges
                0x00000a78       0xc8 Drivers\STM32H7xx_HAL_Driver\Src\stm32h7xx_ll_fmc.o
 .debug_aranges
                0x00000b40       0x48 Src\CODEC.o
 .debug_aranges
                0x00000b88       0x80 Src\main.o
 .debug_aranges
                0x00000c08       0x70 Src\stm32h7xx_hal_msp.o
 .debug_aranges
                0x00000c78       0x90 Src\stm32h7xx_it.o
 .debug_aranges
                0x00000d08       0x28 Src\system_stm32h7xx.o
 .debug_aranges
                0x00000d30       0x28 startup\startup_stm32h743xx.o

.debug_ranges   0x00000000      0xc68
 .debug_ranges  0x00000000      0x190 Drivers\STM32H7xx_HAL_Driver\Src\stm32h7xx_hal.o
 .debug_ranges  0x00000190      0x100 Drivers\STM32H7xx_HAL_Driver\Src\stm32h7xx_hal_cortex.o
 .debug_ranges  0x00000290       0x90 Drivers\STM32H7xx_HAL_Driver\Src\stm32h7xx_hal_dma.o
 .debug_ranges  0x00000320       0x48 Drivers\STM32H7xx_HAL_Driver\Src\stm32h7xx_hal_gpio.o
 .debug_ranges  0x00000368      0x148 Drivers\STM32H7xx_HAL_Driver\Src\stm32h7xx_hal_lptim.o
 .debug_ranges  0x000004b0       0x70 Drivers\STM32H7xx_HAL_Driver\Src\stm32h7xx_hal_rcc.o
 .debug_ranges  0x00000520       0xd0 Drivers\STM32H7xx_HAL_Driver\Src\stm32h7xx_hal_rcc_ex.o
 .debug_ranges  0x000005f0      0x180 Drivers\STM32H7xx_HAL_Driver\Src\stm32h7xx_hal_sai.o
 .debug_ranges  0x00000770       0xc0 Drivers\STM32H7xx_HAL_Driver\Src\stm32h7xx_hal_sdram.o
 .debug_ranges  0x00000830      0x1c0 Drivers\STM32H7xx_HAL_Driver\Src\stm32h7xx_hal_spi.o
 .debug_ranges  0x000009f0       0xb8 Drivers\STM32H7xx_HAL_Driver\Src\stm32h7xx_ll_fmc.o
 .debug_ranges  0x00000aa8       0x38 Src\CODEC.o
 .debug_ranges  0x00000ae0       0x70 Src\main.o
 .debug_ranges  0x00000b50       0x60 Src\stm32h7xx_hal_msp.o
 .debug_ranges  0x00000bb0       0x80 Src\stm32h7xx_it.o
 .debug_ranges  0x00000c30       0x18 Src\system_stm32h7xx.o
 .debug_ranges  0x00000c48       0x20 startup\startup_stm32h743xx.o

.debug_macro    0x00000000    0x34476
 .debug_macro   0x00000000      0x38b Drivers\STM32H7xx_HAL_Driver\Src\stm32h7xx_hal.o
 .debug_macro   0x0000038b      0x8c2 Drivers\STM32H7xx_HAL_Driver\Src\stm32h7xx_hal.o
 .debug_macro   0x00000c4d       0x70 Drivers\STM32H7xx_HAL_Driver\Src\stm32h7xx_hal.o
 .debug_macro   0x00000cbd       0xb1 Drivers\STM32H7xx_HAL_Driver\Src\stm32h7xx_hal.o
 .debug_macro   0x00000d6e       0x2e Drivers\STM32H7xx_HAL_Driver\Src\stm32h7xx_hal.o
 .debug_macro   0x00000d9c       0x3b Drivers\STM32H7xx_HAL_Driver\Src\stm32h7xx_hal.o
 .debug_macro   0x00000dd7       0x22 Drivers\STM32H7xx_HAL_Driver\Src\stm32h7xx_hal.o
 .debug_macro   0x00000df9       0x87 Drivers\STM32H7xx_HAL_Driver\Src\stm32h7xx_hal.o
 .debug_macro   0x00000e80       0x51 Drivers\STM32H7xx_HAL_Driver\Src\stm32h7xx_hal.o
 .debug_macro   0x00000ed1       0xef Drivers\STM32H7xx_HAL_Driver\Src\stm32h7xx_hal.o
 .debug_macro   0x00000fc0       0x6a Drivers\STM32H7xx_HAL_Driver\Src\stm32h7xx_hal.o
 .debug_macro   0x0000102a      0x1df Drivers\STM32H7xx_HAL_Driver\Src\stm32h7xx_hal.o
 .debug_macro   0x00001209       0x22 Drivers\STM32H7xx_HAL_Driver\Src\stm32h7xx_hal.o
 .debug_macro   0x0000122b       0xaf Drivers\STM32H7xx_HAL_Driver\Src\stm32h7xx_hal.o
 .debug_macro   0x000012da     0x128e Drivers\STM32H7xx_HAL_Driver\Src\stm32h7xx_hal.o
 .debug_macro   0x00002568    0x243b2 Drivers\STM32H7xx_HAL_Driver\Src\stm32h7xx_hal.o
 .debug_macro   0x0002691a       0x43 Drivers\STM32H7xx_HAL_Driver\Src\stm32h7xx_hal.o
 .debug_macro   0x0002695d     0x3631 Drivers\STM32H7xx_HAL_Driver\Src\stm32h7xx_hal.o
 .debug_macro   0x00029f8e       0x46 Drivers\STM32H7xx_HAL_Driver\Src\stm32h7xx_hal.o
 .debug_macro   0x00029fd4       0x3c Drivers\STM32H7xx_HAL_Driver\Src\stm32h7xx_hal.o
 .debug_macro   0x0002a010       0x9c Drivers\STM32H7xx_HAL_Driver\Src\stm32h7xx_hal.o
 .debug_macro   0x0002a0ac       0x16 Drivers\STM32H7xx_HAL_Driver\Src\stm32h7xx_hal.o
 .debug_macro   0x0002a0c2       0x97 Drivers\STM32H7xx_HAL_Driver\Src\stm32h7xx_hal.o
 .debug_macro   0x0002a159      0x30d Drivers\STM32H7xx_HAL_Driver\Src\stm32h7xx_hal.o
 .debug_macro   0x0002a466       0xfd Drivers\STM32H7xx_HAL_Driver\Src\stm32h7xx_hal.o
 .debug_macro   0x0002a563       0x10 Drivers\STM32H7xx_HAL_Driver\Src\stm32h7xx_hal.o
 .debug_macro   0x0002a573       0x52 Drivers\STM32H7xx_HAL_Driver\Src\stm32h7xx_hal.o
 .debug_macro   0x0002a5c5       0x1f Drivers\STM32H7xx_HAL_Driver\Src\stm32h7xx_hal.o
 .debug_macro   0x0002a5e4       0x43 Drivers\STM32H7xx_HAL_Driver\Src\stm32h7xx_hal.o
 .debug_macro   0x0002a627       0x20 Drivers\STM32H7xx_HAL_Driver\Src\stm32h7xx_hal.o
 .debug_macro   0x0002a647      0x1a3 Drivers\STM32H7xx_HAL_Driver\Src\stm32h7xx_hal.o
 .debug_macro   0x0002a7ea       0x10 Drivers\STM32H7xx_HAL_Driver\Src\stm32h7xx_hal.o
 .debug_macro   0x0002a7fa       0x1c Drivers\STM32H7xx_HAL_Driver\Src\stm32h7xx_hal.o
 .debug_macro   0x0002a816       0x52 Drivers\STM32H7xx_HAL_Driver\Src\stm32h7xx_hal.o
 .debug_macro   0x0002a868       0x40 Drivers\STM32H7xx_HAL_Driver\Src\stm32h7xx_hal.o
 .debug_macro   0x0002a8a8       0x10 Drivers\STM32H7xx_HAL_Driver\Src\stm32h7xx_hal.o
 .debug_macro   0x0002a8b8       0x40 Drivers\STM32H7xx_HAL_Driver\Src\stm32h7xx_hal.o
 .debug_macro   0x0002a8f8       0xd7 Drivers\STM32H7xx_HAL_Driver\Src\stm32h7xx_hal.o
 .debug_macro   0x0002a9cf       0x16 Drivers\STM32H7xx_HAL_Driver\Src\stm32h7xx_hal.o
 .debug_macro   0x0002a9e5      0x161 Drivers\STM32H7xx_HAL_Driver\Src\stm32h7xx_hal.o
 .debug_macro   0x0002ab46       0x50 Drivers\STM32H7xx_HAL_Driver\Src\stm32h7xx_hal.o
 .debug_macro   0x0002ab96     0x18d8 Drivers\STM32H7xx_HAL_Driver\Src\stm32h7xx_hal.o
 .debug_macro   0x0002c46e      0xf30 Drivers\STM32H7xx_HAL_Driver\Src\stm32h7xx_hal.o
 .debug_macro   0x0002d39e      0x12a Drivers\STM32H7xx_HAL_Driver\Src\stm32h7xx_hal.o
 .debug_macro   0x0002d4c8      0x11e Drivers\STM32H7xx_HAL_Driver\Src\stm32h7xx_hal.o
 .debug_macro   0x0002d5e6      0x34f Drivers\STM32H7xx_HAL_Driver\Src\stm32h7xx_hal.o
 .debug_macro   0x0002d935       0x27 Drivers\STM32H7xx_HAL_Driver\Src\stm32h7xx_hal.o
 .debug_macro   0x0002d95c      0x71f Drivers\STM32H7xx_HAL_Driver\Src\stm32h7xx_hal.o
 .debug_macro   0x0002e07b      0x23a Drivers\STM32H7xx_HAL_Driver\Src\stm32h7xx_hal.o
 .debug_macro   0x0002e2b5       0x74 Drivers\STM32H7xx_HAL_Driver\Src\stm32h7xx_hal.o
 .debug_macro   0x0002e329      0x241 Drivers\STM32H7xx_HAL_Driver\Src\stm32h7xx_hal.o
 .debug_macro   0x0002e56a      0x3a7 Drivers\STM32H7xx_HAL_Driver\Src\stm32h7xx_hal.o
 .debug_macro   0x0002e911      0x359 Drivers\STM32H7xx_HAL_Driver\Src\stm32h7xx_hal.o
 .debug_macro   0x0002ec6a       0x51 Drivers\STM32H7xx_HAL_Driver\Src\stm32h7xx_hal.o
 .debug_macro   0x0002ecbb       0x4a Drivers\STM32H7xx_HAL_Driver\Src\stm32h7xx_hal.o
 .debug_macro   0x0002ed05      0x209 Drivers\STM32H7xx_HAL_Driver\Src\stm32h7xx_hal.o
 .debug_macro   0x0002ef0e       0x5a Drivers\STM32H7xx_HAL_Driver\Src\stm32h7xx_hal.o
 .debug_macro   0x0002ef68       0x90 Drivers\STM32H7xx_HAL_Driver\Src\stm32h7xx_hal.o
 .debug_macro   0x0002eff8      0x39f Drivers\STM32H7xx_HAL_Driver\Src\stm32h7xx_hal.o
 .debug_macro   0x0002f397      0x28e Drivers\STM32H7xx_HAL_Driver\Src\stm32h7xx_hal.o
 .debug_macro   0x0002f625      0x163 Drivers\STM32H7xx_HAL_Driver\Src\stm32h7xx_hal.o
 .debug_macro   0x0002f788      0x265 Drivers\STM32H7xx_HAL_Driver\Src\stm32h7xx_hal.o
 .debug_macro   0x0002f9ed       0x35 Drivers\STM32H7xx_HAL_Driver\Src\stm32h7xx_hal.o
 .debug_macro   0x0002fa22      0x3ad Drivers\STM32H7xx_HAL_Driver\Src\stm32h7xx_hal.o
 .debug_macro   0x0002fdcf       0x10 Drivers\STM32H7xx_HAL_Driver\Src\stm32h7xx_hal.o
 .debug_macro   0x0002fddf       0xdd Drivers\STM32H7xx_HAL_Driver\Src\stm32h7xx_hal.o
 .debug_macro   0x0002febc      0x51d Drivers\STM32H7xx_HAL_Driver\Src\stm32h7xx_hal.o
 .debug_macro   0x000303d9      0x5ac Drivers\STM32H7xx_HAL_Driver\Src\stm32h7xx_hal.o
 .debug_macro   0x00030985       0x9e Drivers\STM32H7xx_HAL_Driver\Src\stm32h7xx_hal.o
 .debug_macro   0x00030a23      0x51a Drivers\STM32H7xx_HAL_Driver\Src\stm32h7xx_hal.o
 .debug_macro   0x00030f3d      0x361 Drivers\STM32H7xx_HAL_Driver\Src\stm32h7xx_hal_cortex.o
 .debug_macro   0x0003129e      0x3ae Drivers\STM32H7xx_HAL_Driver\Src\stm32h7xx_hal_dma.o
 .debug_macro   0x0003164c      0x3a0 Drivers\STM32H7xx_HAL_Driver\Src\stm32h7xx_hal_gpio.o
 .debug_macro   0x000319ec      0x362 Drivers\STM32H7xx_HAL_Driver\Src\stm32h7xx_hal_lptim.o
 .debug_macro   0x00031d4e      0x385 Drivers\STM32H7xx_HAL_Driver\Src\stm32h7xx_hal_rcc.o
 .debug_macro   0x000320d3      0x373 Drivers\STM32H7xx_HAL_Driver\Src\stm32h7xx_hal_rcc_ex.o
 .debug_macro   0x00032446      0x385 Drivers\STM32H7xx_HAL_Driver\Src\stm32h7xx_hal_sai.o
 .debug_macro   0x000327cb      0x361 Drivers\STM32H7xx_HAL_Driver\Src\stm32h7xx_hal_sdram.o
 .debug_macro   0x00032b2c      0x367 Drivers\STM32H7xx_HAL_Driver\Src\stm32h7xx_hal_spi.o
 .debug_macro   0x00032e93      0x361 Drivers\STM32H7xx_HAL_Driver\Src\stm32h7xx_ll_fmc.o
 .debug_macro   0x000331f4      0x39b Src\CODEC.o
 .debug_macro   0x0003358f      0x400 Src\main.o
 .debug_macro   0x0003398f       0x16 Src\main.o
 .debug_macro   0x000339a5       0x35 Src\main.o
 .debug_macro   0x000339da       0x16 Src\main.o
 .debug_macro   0x000339f0       0x29 Src\main.o
 .debug_macro   0x00033a19      0x361 Src\stm32h7xx_hal_msp.o
 .debug_macro   0x00033d7a      0x395 Src\stm32h7xx_it.o
 .debug_macro   0x0003410f      0x367 Src\system_stm32h7xx.o

.debug_line     0x00000000     0xb331
 .debug_line    0x00000000      0xb28 Drivers\STM32H7xx_HAL_Driver\Src\stm32h7xx_hal.o
 .debug_line    0x00000b28      0xa51 Drivers\STM32H7xx_HAL_Driver\Src\stm32h7xx_hal_cortex.o
 .debug_line    0x00001579      0xdf2 Drivers\STM32H7xx_HAL_Driver\Src\stm32h7xx_hal_dma.o
 .debug_line    0x0000236b      0x964 Drivers\STM32H7xx_HAL_Driver\Src\stm32h7xx_hal_gpio.o
 .debug_line    0x00002ccf      0xb3e Drivers\STM32H7xx_HAL_Driver\Src\stm32h7xx_hal_lptim.o
 .debug_line    0x0000380d      0xb34 Drivers\STM32H7xx_HAL_Driver\Src\stm32h7xx_hal_rcc.o
 .debug_line    0x00004341      0xe69 Drivers\STM32H7xx_HAL_Driver\Src\stm32h7xx_hal_rcc_ex.o
 .debug_line    0x000051aa     0x1008 Drivers\STM32H7xx_HAL_Driver\Src\stm32h7xx_hal_sai.o
 .debug_line    0x000061b2      0xab1 Drivers\STM32H7xx_HAL_Driver\Src\stm32h7xx_hal_sdram.o
 .debug_line    0x00006c63     0x11c6 Drivers\STM32H7xx_HAL_Driver\Src\stm32h7xx_hal_spi.o
 .debug_line    0x00007e29      0xa05 Drivers\STM32H7xx_HAL_Driver\Src\stm32h7xx_ll_fmc.o
 .debug_line    0x0000882e      0x867 Src\CODEC.o
 .debug_line    0x00009095      0x95d Src\main.o
 .debug_line    0x000099f2      0x8c1 Src\stm32h7xx_hal_msp.o
 .debug_line    0x0000a2b3      0x860 Src\stm32h7xx_it.o
 .debug_line    0x0000ab13      0x79f Src\system_stm32h7xx.o
 .debug_line    0x0000b2b2       0x7f startup\startup_stm32h743xx.o

.debug_str      0x00000000   0x141890
 .debug_str     0x00000000   0x13cf46 Drivers\STM32H7xx_HAL_Driver\Src\stm32h7xx_hal.o
                             0x13d56a (size before relaxing)
 .debug_str     0x0013cf46      0x473 Drivers\STM32H7xx_HAL_Driver\Src\stm32h7xx_hal_cortex.o
                             0x13cf86 (size before relaxing)
 .debug_str     0x0013d3b9      0x9b1 Drivers\STM32H7xx_HAL_Driver\Src\stm32h7xx_hal_dma.o
                             0x13cbc4 (size before relaxing)
 .debug_str     0x0013dd6a      0x296 Drivers\STM32H7xx_HAL_Driver\Src\stm32h7xx_hal_gpio.o
                             0x13c7ae (size before relaxing)
 .debug_str     0x0013e000      0x5ad Drivers\STM32H7xx_HAL_Driver\Src\stm32h7xx_hal_lptim.o
                             0x13c7d8 (size before relaxing)
 .debug_str     0x0013e5ad      0x530 Drivers\STM32H7xx_HAL_Driver\Src\stm32h7xx_hal_rcc.o
                             0x13c98d (size before relaxing)
 .debug_str     0x0013eadd      0x8cd Drivers\STM32H7xx_HAL_Driver\Src\stm32h7xx_hal_rcc_ex.o
                             0x13cd42 (size before relaxing)
 .debug_str     0x0013f3aa      0x761 Drivers\STM32H7xx_HAL_Driver\Src\stm32h7xx_hal_sai.o
                             0x13ccb0 (size before relaxing)
 .debug_str     0x0013fb0b      0x729 Drivers\STM32H7xx_HAL_Driver\Src\stm32h7xx_hal_sdram.o
                             0x13c9d2 (size before relaxing)
 .debug_str     0x00140234      0x7e2 Drivers\STM32H7xx_HAL_Driver\Src\stm32h7xx_hal_spi.o
                             0x13cd01 (size before relaxing)
 .debug_str     0x00140a16      0x472 Drivers\STM32H7xx_HAL_Driver\Src\stm32h7xx_ll_fmc.o
                             0x13c838 (size before relaxing)
 .debug_str     0x00140e88      0x20f Src\CODEC.o
                             0x13c97c (size before relaxing)
 .debug_str     0x00141097      0x615 Src\main.o
                             0x13e6a7 (size before relaxing)
 .debug_str     0x001416ac       0x6b Src\stm32h7xx_hal_msp.o
                             0x13dbdc (size before relaxing)
 .debug_str     0x00141717      0x129 Src\stm32h7xx_it.o
                             0x13d290 (size before relaxing)
 .debug_str     0x00141840       0x50 Src\system_stm32h7xx.o
                             0x13c4fe (size before relaxing)

.comment        0x00000000       0x7c
 .comment       0x00000000       0x7c Drivers\STM32H7xx_HAL_Driver\Src\stm32h7xx_hal.o
                                 0x7d (size before relaxing)
 .comment       0x0000007c       0x7d Drivers\STM32H7xx_HAL_Driver\Src\stm32h7xx_hal_cortex.o
 .comment       0x0000007c       0x7d Drivers\STM32H7xx_HAL_Driver\Src\stm32h7xx_hal_dma.o
 .comment       0x0000007c       0x7d Drivers\STM32H7xx_HAL_Driver\Src\stm32h7xx_hal_gpio.o
 .comment       0x0000007c       0x7d Drivers\STM32H7xx_HAL_Driver\Src\stm32h7xx_hal_lptim.o
 .comment       0x0000007c       0x7d Drivers\STM32H7xx_HAL_Driver\Src\stm32h7xx_hal_rcc.o
 .comment       0x0000007c       0x7d Drivers\STM32H7xx_HAL_Driver\Src\stm32h7xx_hal_rcc_ex.o
 .comment       0x0000007c       0x7d Drivers\STM32H7xx_HAL_Driver\Src\stm32h7xx_hal_sai.o
 .comment       0x0000007c       0x7d Drivers\STM32H7xx_HAL_Driver\Src\stm32h7xx_hal_sdram.o
 .comment       0x0000007c       0x7d Drivers\STM32H7xx_HAL_Driver\Src\stm32h7xx_hal_spi.o
 .comment       0x0000007c       0x7d Drivers\STM32H7xx_HAL_Driver\Src\stm32h7xx_ll_fmc.o
 .comment       0x0000007c       0x7d Src\CODEC.o
 .comment       0x0000007c       0x7d Src\main.o
 .comment       0x0000007c       0x7d Src\stm32h7xx_hal_msp.o
 .comment       0x0000007c       0x7d Src\stm32h7xx_it.o
 .comment       0x0000007c       0x7d Src\system_stm32h7xx.o

.debug_frame    0x00000000     0x37d4
 .debug_frame   0x00000000      0x6a8 Drivers\STM32H7xx_HAL_Driver\Src\stm32h7xx_hal.o
 .debug_frame   0x000006a8      0x470 Drivers\STM32H7xx_HAL_Driver\Src\stm32h7xx_hal_cortex.o
 .debug_frame   0x00000b18      0x2a4 Drivers\STM32H7xx_HAL_Driver\Src\stm32h7xx_hal_dma.o
 .debug_frame   0x00000dbc      0x14c Drivers\STM32H7xx_HAL_Driver\Src\stm32h7xx_hal_gpio.o
 .debug_frame   0x00000f08      0x644 Drivers\STM32H7xx_HAL_Driver\Src\stm32h7xx_hal_lptim.o
 .debug_frame   0x0000154c      0x1e4 Drivers\STM32H7xx_HAL_Driver\Src\stm32h7xx_hal_rcc.o
 .debug_frame   0x00001730      0x3ac Drivers\STM32H7xx_HAL_Driver\Src\stm32h7xx_hal_rcc_ex.o
 .debug_frame   0x00001adc      0x698 Drivers\STM32H7xx_HAL_Driver\Src\stm32h7xx_hal_sai.o
 .debug_frame   0x00002174      0x384 Drivers\STM32H7xx_HAL_Driver\Src\stm32h7xx_hal_sdram.o
 .debug_frame   0x000024f8      0x868 Drivers\STM32H7xx_HAL_Driver\Src\stm32h7xx_hal_spi.o
 .debug_frame   0x00002d60      0x37c Drivers\STM32H7xx_HAL_Driver\Src\stm32h7xx_ll_fmc.o
 .debug_frame   0x000030dc      0x138 Src\CODEC.o
 .debug_frame   0x00003214      0x1c8 Src\main.o
 .debug_frame   0x000033dc      0x198 Src\stm32h7xx_hal_msp.o
 .debug_frame   0x00003574      0x1b4 Src\stm32h7xx_it.o
 .debug_frame   0x00003728       0x58 Src\system_stm32h7xx.o
 .debug_frame   0x00003780       0x2c c:/program files (x86)/atollic/truestudio for stm32 9.3.0/armtools/bin/../lib/gcc/arm-atollic-eabi/6.3.1/../../../../arm-atollic-eabi/lib/armv7e-m/fpu/fpv5-d16\libc_nano.a(lib_a-init.o)
 .debug_frame   0x000037ac       0x28 c:/program files (x86)/atollic/truestudio for stm32 9.3.0/armtools/bin/../lib/gcc/arm-atollic-eabi/6.3.1/../../../../arm-atollic-eabi/lib/armv7e-m/fpu/fpv5-d16\libc_nano.a(lib_a-memcpy-stub.o)
