Archive member included to satisfy reference by file (symbol)

d:/ac6/systemworkbench/plugins/fr.ac6.mcu.externaltools.arm-none.win32_1.15.0.201708311556/tools/compiler/bin/../lib/gcc/arm-none-eabi/6.3.1/../../../../arm-none-eabi/lib/thumb/v7e-m/fpv5/hard\libc_nano.a(lib_a-exit.o)
                              d:/ac6/systemworkbench/plugins/fr.ac6.mcu.externaltools.arm-none.win32_1.15.0.201708311556/tools/compiler/bin/../lib/gcc/arm-none-eabi/6.3.1/../../../../arm-none-eabi/lib/thumb/v7e-m/fpv5/hard/crt0.o (exit)
d:/ac6/systemworkbench/plugins/fr.ac6.mcu.externaltools.arm-none.win32_1.15.0.201708311556/tools/compiler/bin/../lib/gcc/arm-none-eabi/6.3.1/../../../../arm-none-eabi/lib/thumb/v7e-m/fpv5/hard\libc_nano.a(lib_a-impure.o)
                              d:/ac6/systemworkbench/plugins/fr.ac6.mcu.externaltools.arm-none.win32_1.15.0.201708311556/tools/compiler/bin/../lib/gcc/arm-none-eabi/6.3.1/../../../../arm-none-eabi/lib/thumb/v7e-m/fpv5/hard\libc_nano.a(lib_a-exit.o) (_global_impure_ptr)
d:/ac6/systemworkbench/plugins/fr.ac6.mcu.externaltools.arm-none.win32_1.15.0.201708311556/tools/compiler/bin/../lib/gcc/arm-none-eabi/6.3.1/../../../../arm-none-eabi/lib/thumb/v7e-m/fpv5/hard\libc_nano.a(lib_a-init.o)
                              d:/ac6/systemworkbench/plugins/fr.ac6.mcu.externaltools.arm-none.win32_1.15.0.201708311556/tools/compiler/bin/../lib/gcc/arm-none-eabi/6.3.1/../../../../arm-none-eabi/lib/thumb/v7e-m/fpv5/hard/crt0.o (__libc_init_array)
d:/ac6/systemworkbench/plugins/fr.ac6.mcu.externaltools.arm-none.win32_1.15.0.201708311556/tools/compiler/bin/../lib/gcc/arm-none-eabi/6.3.1/../../../../arm-none-eabi/lib/thumb/v7e-m/fpv5/hard\libc_nano.a(lib_a-memcpy-stub.o)
                              Src/CODEC.o (memcpy)
d:/ac6/systemworkbench/plugins/fr.ac6.mcu.externaltools.arm-none.win32_1.15.0.201708311556/tools/compiler/bin/../lib/gcc/arm-none-eabi/6.3.1/../../../../arm-none-eabi/lib/thumb/v7e-m/fpv5/hard\libc_nano.a(lib_a-memset.o)
                              d:/ac6/systemworkbench/plugins/fr.ac6.mcu.externaltools.arm-none.win32_1.15.0.201708311556/tools/compiler/bin/../lib/gcc/arm-none-eabi/6.3.1/../../../../arm-none-eabi/lib/thumb/v7e-m/fpv5/hard/crt0.o (memset)
d:/ac6/systemworkbench/plugins/fr.ac6.mcu.externaltools.arm-none.win32_1.15.0.201708311556/tools/compiler/bin/../lib/gcc/arm-none-eabi/6.3.1/../../../../arm-none-eabi/lib/thumb/v7e-m/fpv5/hard\libnosys.a(_exit.o)
                              d:/ac6/systemworkbench/plugins/fr.ac6.mcu.externaltools.arm-none.win32_1.15.0.201708311556/tools/compiler/bin/../lib/gcc/arm-none-eabi/6.3.1/../../../../arm-none-eabi/lib/thumb/v7e-m/fpv5/hard\libc_nano.a(lib_a-exit.o) (_exit)

Allocating common symbols
Common symbol       size              file

hsai_BlockB2        0x94              Src/main.o
hdma_sai2_b         0x78              Src/main.o
hspi5               0x88              Src/main.o
hsai_BlockA2        0x94              Src/main.o
pFlash              0x1c              Drivers/STM32H7xx_HAL_Driver/Src/stm32h7xx_hal_flash.o
hlptim3             0x38              Src/main.o
hlptim5             0x38              Src/main.o
SendSamples         0x20              Src/CODEC.o
hdma_sai2_a         0x78              Src/main.o
hsdram1             0x34              Src/main.o
ReceiveSamples      0x20              Src/main.o

Discarded input sections

 .text          0x00000000        0x0 d:/ac6/systemworkbench/plugins/fr.ac6.mcu.externaltools.arm-none.win32_1.15.0.201708311556/tools/compiler/bin/../lib/gcc/arm-none-eabi/6.3.1/thumb/v7e-m/fpv5/hard/crti.o
 .data          0x00000000        0x0 d:/ac6/systemworkbench/plugins/fr.ac6.mcu.externaltools.arm-none.win32_1.15.0.201708311556/tools/compiler/bin/../lib/gcc/arm-none-eabi/6.3.1/thumb/v7e-m/fpv5/hard/crti.o
 .bss           0x00000000        0x0 d:/ac6/systemworkbench/plugins/fr.ac6.mcu.externaltools.arm-none.win32_1.15.0.201708311556/tools/compiler/bin/../lib/gcc/arm-none-eabi/6.3.1/thumb/v7e-m/fpv5/hard/crti.o
 .data          0x00000000        0x4 d:/ac6/systemworkbench/plugins/fr.ac6.mcu.externaltools.arm-none.win32_1.15.0.201708311556/tools/compiler/bin/../lib/gcc/arm-none-eabi/6.3.1/thumb/v7e-m/fpv5/hard/crtbegin.o
 .text          0x00000000       0x74 d:/ac6/systemworkbench/plugins/fr.ac6.mcu.externaltools.arm-none.win32_1.15.0.201708311556/tools/compiler/bin/../lib/gcc/arm-none-eabi/6.3.1/../../../../arm-none-eabi/lib/thumb/v7e-m/fpv5/hard/crt0.o
 .data          0x00000000        0x0 d:/ac6/systemworkbench/plugins/fr.ac6.mcu.externaltools.arm-none.win32_1.15.0.201708311556/tools/compiler/bin/../lib/gcc/arm-none-eabi/6.3.1/../../../../arm-none-eabi/lib/thumb/v7e-m/fpv5/hard/crt0.o
 .bss           0x00000000        0x0 d:/ac6/systemworkbench/plugins/fr.ac6.mcu.externaltools.arm-none.win32_1.15.0.201708311556/tools/compiler/bin/../lib/gcc/arm-none-eabi/6.3.1/../../../../arm-none-eabi/lib/thumb/v7e-m/fpv5/hard/crt0.o
[...]
Memory Configuration

Name             Origin             Length             Attributes
DTCMRAM          0x20000000         0x00020000         xrw
RAM_D1           0x24000000         0x00080000         xrw
RAM_D2           0x30000000         0x00048000         xrw
RAM_D3           0x38000000         0x00010000         xrw
ITCMRAM          0x00000000         0x00010000         xrw
FLASH            0x08000000         0x00200000         xr
*default*        0x00000000         0xffffffff

Linker script and memory map

LOAD d:/ac6/systemworkbench/plugins/fr.ac6.mcu.externaltools.arm-none.win32_1.15.0.201708311556/tools/compiler/bin/../lib/gcc/arm-none-eabi/6.3.1/thumb/v7e-m/fpv5/hard/crti.o
LOAD d:/ac6/systemworkbench/plugins/fr.ac6.mcu.externaltools.arm-none.win32_1.15.0.201708311556/tools/compiler/bin/../lib/gcc/arm-none-eabi/6.3.1/thumb/v7e-m/fpv5/hard/crtbegin.o
LOAD d:/ac6/systemworkbench/plugins/fr.ac6.mcu.externaltools.arm-none.win32_1.15.0.201708311556/tools/compiler/bin/../lib/gcc/arm-none-eabi/6.3.1/../../../../arm-none-eabi/lib/thumb/v7e-m/fpv5/hard/crt0.o
LOAD Drivers/STM32H7xx_HAL_Driver/Src/stm32h7xx_hal.o
LOAD Drivers/STM32H7xx_HAL_Driver/Src/stm32h7xx_hal_cortex.o
LOAD Drivers/STM32H7xx_HAL_Driver/Src/stm32h7xx_hal_dma.o
LOAD Drivers/STM32H7xx_HAL_Driver/Src/stm32h7xx_hal_dma_ex.o
LOAD Drivers/STM32H7xx_HAL_Driver/Src/stm32h7xx_hal_flash.o
LOAD Drivers/STM32H7xx_HAL_Driver/Src/stm32h7xx_hal_flash_ex.o
LOAD Drivers/STM32H7xx_HAL_Driver/Src/stm32h7xx_hal_gpio.o
LOAD Drivers/STM32H7xx_HAL_Driver/Src/stm32h7xx_hal_hsem.o
LOAD Drivers/STM32H7xx_HAL_Driver/Src/stm32h7xx_hal_i2c.o
LOAD Drivers/STM32H7xx_HAL_Driver/Src/stm32h7xx_hal_i2c_ex.o
LOAD Drivers/STM32H7xx_HAL_Driver/Src/stm32h7xx_hal_lptim.o
LOAD Drivers/STM32H7xx_HAL_Driver/Src/stm32h7xx_hal_mdma.o
LOAD Drivers/STM32H7xx_HAL_Driver/Src/stm32h7xx_hal_pwr.o
LOAD Drivers/STM32H7xx_HAL_Driver/Src/stm32h7xx_hal_pwr_ex.o
LOAD Drivers/STM32H7xx_HAL_Driver/Src/stm32h7xx_hal_rcc.o
LOAD Drivers/STM32H7xx_HAL_Driver/Src/stm32h7xx_hal_rcc_ex.o
LOAD Drivers/STM32H7xx_HAL_Driver/Src/stm32h7xx_hal_sai.o
LOAD Drivers/STM32H7xx_HAL_Driver/Src/stm32h7xx_hal_sai_ex.o
LOAD Drivers/STM32H7xx_HAL_Driver/Src/stm32h7xx_hal_sdram.o
LOAD Drivers/STM32H7xx_HAL_Driver/Src/stm32h7xx_hal_spi.o
LOAD Drivers/STM32H7xx_HAL_Driver/Src/stm32h7xx_hal_spi_ex.o
LOAD Drivers/STM32H7xx_HAL_Driver/Src/stm32h7xx_hal_tim.o
LOAD Drivers/STM32H7xx_HAL_Driver/Src/stm32h7xx_hal_tim_ex.o
LOAD Drivers/STM32H7xx_HAL_Driver/Src/stm32h7xx_ll_fmc.o
LOAD Src/CODEC.o
LOAD Src/SDRAM.o
LOAD Src/main.o
LOAD Src/stm32h7xx_hal_msp.o
LOAD Src/stm32h7xx_it.o
LOAD Src/system_stm32h7xx.o
LOAD startup/startup_stm32h743xx.o
LOAD d:/ac6/systemworkbench/plugins/fr.ac6.mcu.externaltools.arm-none.win32_1.15.0.201708311556/tools/compiler/bin/../lib/gcc/arm-none-eabi/6.3.1/../../../../arm-none-eabi/lib/thumb/v7e-m/fpv5/hard\libm.a
START GROUP
LOAD d:/ac6/systemworkbench/plugins/fr.ac6.mcu.externaltools.arm-none.win32_1.15.0.201708311556/tools/compiler/bin/../lib/gcc/arm-none-eabi/6.3.1/thumb/v7e-m/fpv5/hard\libgcc.a
LOAD d:/ac6/systemworkbench/plugins/fr.ac6.mcu.externaltools.arm-none.win32_1.15.0.201708311556/tools/compiler/bin/../lib/gcc/arm-none-eabi/6.3.1/../../../../arm-none-eabi/lib/thumb/v7e-m/fpv5/hard\libc_nano.a
END GROUP
START GROUP
LOAD d:/ac6/systemworkbench/plugins/fr.ac6.mcu.externaltools.arm-none.win32_1.15.0.201708311556/tools/compiler/bin/../lib/gcc/arm-none-eabi/6.3.1/thumb/v7e-m/fpv5/hard\libgcc.a
LOAD d:/ac6/systemworkbench/plugins/fr.ac6.mcu.externaltools.arm-none.win32_1.15.0.201708311556/tools/compiler/bin/../lib/gcc/arm-none-eabi/6.3.1/../../../../arm-none-eabi/lib/thumb/v7e-m/fpv5/hard\libc_nano.a
LOAD d:/ac6/systemworkbench/plugins/fr.ac6.mcu.externaltools.arm-none.win32_1.15.0.201708311556/tools/compiler/bin/../lib/gcc/arm-none-eabi/6.3.1/../../../../arm-none-eabi/lib/thumb/v7e-m/fpv5/hard\libnosys.a
END GROUP
START GROUP
LOAD d:/ac6/systemworkbench/plugins/fr.ac6.mcu.externaltools.arm-none.win32_1.15.0.201708311556/tools/compiler/bin/../lib/gcc/arm-none-eabi/6.3.1/thumb/v7e-m/fpv5/hard\libgcc.a
LOAD d:/ac6/systemworkbench/plugins/fr.ac6.mcu.externaltools.arm-none.win32_1.15.0.201708311556/tools/compiler/bin/../lib/gcc/arm-none-eabi/6.3.1/../../../../arm-none-eabi/lib/thumb/v7e-m/fpv5/hard\libc_nano.a
LOAD d:/ac6/systemworkbench/plugins/fr.ac6.mcu.externaltools.arm-none.win32_1.15.0.201708311556/tools/compiler/bin/../lib/gcc/arm-none-eabi/6.3.1/../../../../arm-none-eabi/lib/thumb/v7e-m/fpv5/hard\libnosys.a
END GROUP
LOAD d:/ac6/systemworkbench/plugins/fr.ac6.mcu.externaltools.arm-none.win32_1.15.0.201708311556/tools/compiler/bin/../lib/gcc/arm-none-eabi/6.3.1/thumb/v7e-m/fpv5/hard/crtend.o
LOAD d:/ac6/systemworkbench/plugins/fr.ac6.mcu.externaltools.arm-none.win32_1.15.0.201708311556/tools/compiler/bin/../lib/gcc/arm-none-eabi/6.3.1/thumb/v7e-m/fpv5/hard/crtn.o
                0x20020000                _estack = 0x20020000
                0x00000200                _Min_Heap_Size = 0x200
                0x00000400                _Min_Stack_Size = 0x400

.isr_vector     0x08000000      0x298
                0x08000000                . = ALIGN (0x4)
 *(.isr_vector)
 .isr_vector    0x08000000      0x298 startup/startup_stm32h743xx.o
                0x08000000                g_pfnVectors
                0x08000298                . = ALIGN (0x4)

.text           0x08000298     0x47a8
                0x08000298                . = ALIGN (0x4)
 *(.text)
 .text          0x08000298       0x6c d:/ac6/systemworkbench/plugins/fr.ac6.mcu.externaltools.arm-none.win32_1.15.0.201708311556/tools/compiler/bin/../lib/gcc/arm-none-eabi/6.3.1/thumb/v7e-m/fpv5/hard/crtbegin.o
 *(.text*)
 .text.HAL_InitTick
                0x08000304       0x40 Drivers/STM32H7xx_HAL_Driver/Src/stm32h7xx_hal.o
                0x08000304                HAL_InitTick
 .text.HAL_Init
                0x08000344       0x28 Drivers/STM32H7xx_HAL_Driver/Src/stm32h7xx_hal.o
                0x08000344                HAL_Init
 .text.HAL_IncTick
                0x0800036c       0x18 Drivers/STM32H7xx_HAL_Driver/Src/stm32h7xx_hal.o
                0x0800036c                HAL_IncTick
 .text.HAL_GetTick
                0x08000384        0xc Drivers/STM32H7xx_HAL_Driver/Src/stm32h7xx_hal.o
                0x08000384                HAL_GetTick
 .text.HAL_Delay
                0x08000390       0x24 Drivers/STM32H7xx_HAL_Driver/Src/stm32h7xx_hal.o
                0x08000390                HAL_Delay
 .text.HAL_NVIC_SetPriorityGrouping
                0x080003b4       0x28 Drivers/STM32H7xx_HAL_Driver/Src/stm32h7xx_hal_cortex.o
                0x080003b4                HAL_NVIC_SetPriorityGrouping
 .text.HAL_NVIC_SetPriority
                0x080003dc       0x74 Drivers/STM32H7xx_HAL_Driver/Src/stm32h7xx_hal_cortex.o
                0x080003dc                HAL_NVIC_SetPriority
 .text.HAL_NVIC_EnableIRQ
                0x08000450       0x1c Drivers/STM32H7xx_HAL_Driver/Src/stm32h7xx_hal_cortex.o
                0x08000450                HAL_NVIC_EnableIRQ
 .text.HAL_SYSTICK_Config
                0x0800046c       0x30 Drivers/STM32H7xx_HAL_Driver/Src/stm32h7xx_hal_cortex.o
                0x0800046c                HAL_SYSTICK_Config
 .text.HAL_SYSTICK_CLKSourceConfig
                0x0800049c       0x18 Drivers/STM32H7xx_HAL_Driver/Src/stm32h7xx_hal_cortex.o
                0x0800049c                HAL_SYSTICK_CLKSourceConfig
 .text.HAL_SYSTICK_Callback
                0x080004b4        0x4 Drivers/STM32H7xx_HAL_Driver/Src/stm32h7xx_hal_cortex.o
                0x080004b4                HAL_SYSTICK_Callback
 .text.HAL_SYSTICK_IRQHandler
                0x080004b8        0x8 Drivers/STM32H7xx_HAL_Driver/Src/stm32h7xx_hal_cortex.o
                0x080004b8                HAL_SYSTICK_IRQHandler
 .text.DMA_SetConfig
                0x080004c0       0x78 Drivers/STM32H7xx_HAL_Driver/Src/stm32h7xx_hal_dma.o
 .text.DMA_CalcDMAMUXChannelBaseAndMask
                0x08000538       0x84 Drivers/STM32H7xx_HAL_Driver/Src/stm32h7xx_hal_dma.o
 .text.HAL_DMA_Init
                0x080005bc      0x270 Drivers/STM32H7xx_HAL_Driver/Src/stm32h7xx_hal_dma.o
                0x080005bc                HAL_DMA_Init
 .text.HAL_DMA_Start_IT
                0x0800082c       0xc0 Drivers/STM32H7xx_HAL_Driver/Src/stm32h7xx_hal_dma.o
                0x0800082c                HAL_DMA_Start_IT
 .text.HAL_DMA_Abort
                0x080008ec       0xd8 Drivers/STM32H7xx_HAL_Driver/Src/stm32h7xx_hal_dma.o
                0x080008ec                HAL_DMA_Abort
 .text.HAL_DMA_Abort_IT
                0x080009c4       0x9c Drivers/STM32H7xx_HAL_Driver/Src/stm32h7xx_hal_dma.o
                0x080009c4                HAL_DMA_Abort_IT
 .text.HAL_DMA_IRQHandler
                0x08000a60      0x2b0 Drivers/STM32H7xx_HAL_Driver/Src/stm32h7xx_hal_dma.o
                0x08000a60                HAL_DMA_IRQHandler
 .text.HAL_DMA_GetError
                0x08000d10        0x4 Drivers/STM32H7xx_HAL_Driver/Src/stm32h7xx_hal_dma.o
                0x08000d10                HAL_DMA_GetError
 .text.HAL_GPIO_Init
                0x08000d14      0x25c Drivers/STM32H7xx_HAL_Driver/Src/stm32h7xx_hal_gpio.o
                0x08000d14                HAL_GPIO_Init
 .text.HAL_GPIO_WritePin
                0x08000f70        0xc Drivers/STM32H7xx_HAL_Driver/Src/stm32h7xx_hal_gpio.o
                0x08000f70                HAL_GPIO_WritePin
 .text.HAL_LPTIM_Init
                0x08000f7c       0xd0 Drivers/STM32H7xx_HAL_Driver/Src/stm32h7xx_hal_lptim.o
                0x08000f7c                HAL_LPTIM_Init
 .text.HAL_LPTIM_PWM_Start
                0x0800104c       0x34 Drivers/STM32H7xx_HAL_Driver/Src/stm32h7xx_hal_lptim.o
                0x0800104c                HAL_LPTIM_PWM_Start
 .text.HAL_LPTIM_CompareMatchCallback
                0x08001080        0x4 Drivers/STM32H7xx_HAL_Driver/Src/stm32h7xx_hal_lptim.o
                0x08001080                HAL_LPTIM_CompareMatchCallback
 .text.HAL_LPTIM_AutoReloadMatchCallback
                0x08001084        0x4 Drivers/STM32H7xx_HAL_Driver/Src/stm32h7xx_hal_lptim.o
                0x08001084                HAL_LPTIM_AutoReloadMatchCallback
 .text.HAL_LPTIM_TriggerCallback
                0x08001088        0x4 Drivers/STM32H7xx_HAL_Driver/Src/stm32h7xx_hal_lptim.o
                0x08001088                HAL_LPTIM_TriggerCallback
 .text.HAL_LPTIM_CompareWriteCallback
                0x0800108c        0x4 Drivers/STM32H7xx_HAL_Driver/Src/stm32h7xx_hal_lptim.o
                0x0800108c                HAL_LPTIM_CompareWriteCallback
 .text.HAL_LPTIM_AutoReloadWriteCallback
                0x08001090        0x4 Drivers/STM32H7xx_HAL_Driver/Src/stm32h7xx_hal_lptim.o
                0x08001090                HAL_LPTIM_AutoReloadWriteCallback
 .text.HAL_LPTIM_DirectionUpCallback
                0x08001094        0x4 Drivers/STM32H7xx_HAL_Driver/Src/stm32h7xx_hal_lptim.o
                0x08001094                HAL_LPTIM_DirectionUpCallback
 .text.HAL_LPTIM_DirectionDownCallback
                0x08001098        0x4 Drivers/STM32H7xx_HAL_Driver/Src/stm32h7xx_hal_lptim.o
                0x08001098                HAL_LPTIM_DirectionDownCallback
 .text.HAL_LPTIM_IRQHandler
                0x0800109c       0xbc Drivers/STM32H7xx_HAL_Driver/Src/stm32h7xx_hal_lptim.o
                0x0800109c                HAL_LPTIM_IRQHandler
 .text.HAL_RCC_OscConfig
                0x08001158      0x510 Drivers/STM32H7xx_HAL_Driver/Src/stm32h7xx_hal_rcc.o
                0x08001158                HAL_RCC_OscConfig
 .text.HAL_RCC_GetSysClockFreq
                0x08001668      0x134 Drivers/STM32H7xx_HAL_Driver/Src/stm32h7xx_hal_rcc.o
                0x08001668                HAL_RCC_GetSysClockFreq
 .text.HAL_RCC_ClockConfig
                0x0800179c      0x1b8 Drivers/STM32H7xx_HAL_Driver/Src/stm32h7xx_hal_rcc.o
                0x0800179c                HAL_RCC_ClockConfig
 .text.RCCEx_PLL2_Config
                0x08001954       0xb8 Drivers/STM32H7xx_HAL_Driver/Src/stm32h7xx_hal_rcc_ex.o
 .text.RCCEx_PLL3_Config
                0x08001a0c       0xb8 Drivers/STM32H7xx_HAL_Driver/Src/stm32h7xx_hal_rcc_ex.o
 .text.HAL_RCCEx_PeriphCLKConfig
                0x08001ac4      0xbbc Drivers/STM32H7xx_HAL_Driver/Src/stm32h7xx_hal_rcc_ex.o
                0x08001ac4                HAL_RCCEx_PeriphCLKConfig
 .text.HAL_RCCEx_GetPLL2ClockFreq
                0x08002680      0x13c Drivers/STM32H7xx_HAL_Driver/Src/stm32h7xx_hal_rcc_ex.o
                0x08002680                HAL_RCCEx_GetPLL2ClockFreq
 .text.HAL_RCCEx_GetPLL3ClockFreq
                0x080027bc      0x13c Drivers/STM32H7xx_HAL_Driver/Src/stm32h7xx_hal_rcc_ex.o
                0x080027bc                HAL_RCCEx_GetPLL3ClockFreq
 .text.HAL_RCCEx_GetPLL1ClockFreq
                0x080028f8      0x13c Drivers/STM32H7xx_HAL_Driver/Src/stm32h7xx_hal_rcc_ex.o
                0x080028f8                HAL_RCCEx_GetPLL1ClockFreq
 .text.HAL_RCCEx_GetPeriphCLKFreq
                0x08002a34      0x160 Drivers/STM32H7xx_HAL_Driver/Src/stm32h7xx_hal_rcc_ex.o
                0x08002a34                HAL_RCCEx_GetPeriphCLKFreq
 .text.SAI_FillFifo
                0x08002b94       0x68 Drivers/STM32H7xx_HAL_Driver/Src/stm32h7xx_hal_sai.o
 .text.HAL_SAI_Init
                0x08002bfc      0x384 Drivers/STM32H7xx_HAL_Driver/Src/stm32h7xx_hal_sai.o
                0x08002bfc                HAL_SAI_Init
 .text.HAL_SAI_Transmit
                0x08002f80      0x150 Drivers/STM32H7xx_HAL_Driver/Src/stm32h7xx_hal_sai.o
                0x08002f80                HAL_SAI_Transmit
 .text.HAL_SAI_DMAResume
                0x080030d0       0x34 Drivers/STM32H7xx_HAL_Driver/Src/stm32h7xx_hal_sai.o
                0x080030d0                HAL_SAI_DMAResume
 .text.HAL_SAI_Abort
                0x08003104       0xa0 Drivers/STM32H7xx_HAL_Driver/Src/stm32h7xx_hal_sai.o
                0x08003104                HAL_SAI_Abort
 .text.HAL_SAI_Receive_DMA
                0x080031a4       0xd4 Drivers/STM32H7xx_HAL_Driver/Src/stm32h7xx_hal_sai.o
                0x080031a4                HAL_SAI_Receive_DMA
 .text.HAL_SAI_RxCpltCallback
                0x08003278        0x4 Drivers/STM32H7xx_HAL_Driver/Src/stm32h7xx_hal_sai.o
                0x08003278                HAL_SAI_RxCpltCallback
 .text.SAI_DMARxCplt
                0x0800327c       0x58 Drivers/STM32H7xx_HAL_Driver/Src/stm32h7xx_hal_sai.o
 .text.HAL_SAI_RxHalfCpltCallback
                0x080032d4        0x4 Drivers/STM32H7xx_HAL_Driver/Src/stm32h7xx_hal_sai.o
                0x080032d4                HAL_SAI_RxHalfCpltCallback
 .text.SAI_DMARxHalfCplt
                0x080032d8        0xc Drivers/STM32H7xx_HAL_Driver/Src/stm32h7xx_hal_sai.o
 .text.HAL_SAI_ErrorCallback
                0x080032e4        0x4 Drivers/STM32H7xx_HAL_Driver/Src/stm32h7xx_hal_sai.o
                0x080032e4                HAL_SAI_ErrorCallback
 .text.SAI_DMAError
                0x080032e8       0x84 Drivers/STM32H7xx_HAL_Driver/Src/stm32h7xx_hal_sai.o
 .text.HAL_SAI_IRQHandler
                0x0800336c      0x134 Drivers/STM32H7xx_HAL_Driver/Src/stm32h7xx_hal_sai.o
                0x0800336c                HAL_SAI_IRQHandler
 .text.SAI_DMAAbort
                0x080034a0       0x74 Drivers/STM32H7xx_HAL_Driver/Src/stm32h7xx_hal_sai.o
 .text.HAL_SDRAM_Init
                0x08003514       0x50 Drivers/STM32H7xx_HAL_Driver/Src/stm32h7xx_hal_sdram.o
                0x08003514                HAL_SDRAM_Init
 .text.HAL_SDRAM_RefreshErrorCallback
                0x08003564        0x4 Drivers/STM32H7xx_HAL_Driver/Src/stm32h7xx_hal_sdram.o
                0x08003564                HAL_SDRAM_RefreshErrorCallback
 .text.HAL_SDRAM_IRQHandler
                0x08003568       0x20 Drivers/STM32H7xx_HAL_Driver/Src/stm32h7xx_hal_sdram.o
                0x08003568                HAL_SDRAM_IRQHandler
 .text.SPI_CloseTransfer
                0x08003588       0xb8 Drivers/STM32H7xx_HAL_Driver/Src/stm32h7xx_hal_spi.o
 .text.HAL_SPI_Init
                0x08003640      0x164 Drivers/STM32H7xx_HAL_Driver/Src/stm32h7xx_hal_spi.o
                0x08003640                HAL_SPI_Init
 .text.HAL_SPI_Transmit
                0x080037a4      0x298 Drivers/STM32H7xx_HAL_Driver/Src/stm32h7xx_hal_spi.o
                0x080037a4                HAL_SPI_Transmit
 .text.HAL_SPI_TxCpltCallback
                0x08003a3c        0x4 Drivers/STM32H7xx_HAL_Driver/Src/stm32h7xx_hal_spi.o
                0x08003a3c                HAL_SPI_TxCpltCallback
 .text.HAL_SPI_RxCpltCallback
                0x08003a40        0x4 Drivers/STM32H7xx_HAL_Driver/Src/stm32h7xx_hal_spi.o
                0x08003a40                HAL_SPI_RxCpltCallback
 .text.HAL_SPI_TxRxCpltCallback
                0x08003a44        0x4 Drivers/STM32H7xx_HAL_Driver/Src/stm32h7xx_hal_spi.o
                0x08003a44                HAL_SPI_TxRxCpltCallback
 .text.HAL_SPI_ErrorCallback
                0x08003a48        0x4 Drivers/STM32H7xx_HAL_Driver/Src/stm32h7xx_hal_spi.o
                0x08003a48                HAL_SPI_ErrorCallback
 .text.HAL_SPI_IRQHandler
                0x08003a4c      0x218 Drivers/STM32H7xx_HAL_Driver/Src/stm32h7xx_hal_spi.o
                0x08003a4c                HAL_SPI_IRQHandler
 .text.SPI_DMAAbortOnError
                0x08003c64       0x1c Drivers/STM32H7xx_HAL_Driver/Src/stm32h7xx_hal_spi.o
 .text.FMC_SDRAM_Init
                0x08003c80       0x78 Drivers/STM32H7xx_HAL_Driver/Src/stm32h7xx_ll_fmc.o
                0x08003c80                FMC_SDRAM_Init
 .text.FMC_SDRAM_Timing_Init
                0x08003cf8       0x9c Drivers/STM32H7xx_HAL_Driver/Src/stm32h7xx_ll_fmc.o
                0x08003cf8                FMC_SDRAM_Timing_Init
 .text.CODEC_Write
                0x08003d94       0x60 Src/CODEC.o
                0x08003d94                CODEC_Write
 .text.CODEC_Init_OLM2_S
                0x08003df4       0x9c Src/CODEC.o
                0x08003df4                CODEC_Init_OLM2_S
 .text.SystemClock_Config
                0x08003e90       0xec Src/main.o
                0x08003e90                SystemClock_Config
 .text.startup.main
                0x08003f7c      0x478 Src/main.o
                0x08003f7c                main
 .text._Error_Handler
                0x080043f4        0xc Src/main.o
                0x080043f4                _Error_Handler
 .text.HAL_MspInit
                0x08004400       0x84 Src/stm32h7xx_hal_msp.o
                0x08004400                HAL_MspInit
 .text.HAL_LPTIM_MspInit
                0x08004484       0x88 Src/stm32h7xx_hal_msp.o
                0x08004484                HAL_LPTIM_MspInit
 .text.HAL_SPI_MspInit
                0x0800450c       0x64 Src/stm32h7xx_hal_msp.o
                0x0800450c                HAL_SPI_MspInit
 .text.HAL_SDRAM_MspInit
                0x08004570      0x100 Src/stm32h7xx_hal_msp.o
                0x08004570                HAL_SDRAM_MspInit
 .text.HAL_SAI_MspInit
                0x08004670      0x1d8 Src/stm32h7xx_hal_msp.o
                0x08004670                HAL_SAI_MspInit
 .text.NMI_Handler
                0x08004848        0x4 Src/stm32h7xx_it.o
                0x08004848                NMI_Handler
 .text.HardFault_Handler
                0x0800484c        0xc Src/stm32h7xx_it.o
                0x0800484c                HardFault_Handler
 .text.MemManage_Handler
                0x08004858        0x4 Src/stm32h7xx_it.o
                0x08004858                MemManage_Handler
 .text.BusFault_Handler
                0x0800485c        0x4 Src/stm32h7xx_it.o
                0x0800485c                BusFault_Handler
 .text.UsageFault_Handler
                0x08004860        0x4 Src/stm32h7xx_it.o
                0x08004860                UsageFault_Handler
 .text.SVC_Handler
                0x08004864        0x4 Src/stm32h7xx_it.o
                0x08004864                SVC_Handler
 .text.DebugMon_Handler
                0x08004868        0x4 Src/stm32h7xx_it.o
                0x08004868                DebugMon_Handler
 .text.PendSV_Handler
                0x0800486c        0x4 Src/stm32h7xx_it.o
                0x0800486c                PendSV_Handler
 .text.SysTick_Handler
                0x08004870       0x10 Src/stm32h7xx_it.o
                0x08004870                SysTick_Handler
 .text.DMA1_Stream0_IRQHandler
                0x08004880       0x2c Src/stm32h7xx_it.o
                0x08004880                DMA1_Stream0_IRQHandler
 .text.DMA1_Stream1_IRQHandler
                0x080048ac       0x1c Src/stm32h7xx_it.o
                0x080048ac                DMA1_Stream1_IRQHandler
 .text.FMC_IRQHandler
                0x080048c8        0xc Src/stm32h7xx_it.o
                0x080048c8                FMC_IRQHandler
 .text.SPI5_IRQHandler
                0x080048d4       0x14 Src/stm32h7xx_it.o
                0x080048d4                SPI5_IRQHandler
 .text.SAI2_IRQHandler
                0x080048e8       0x1c Src/stm32h7xx_it.o
                0x080048e8                SAI2_IRQHandler
 .text.LPTIM5_IRQHandler
                0x08004904        0xc Src/stm32h7xx_it.o
                0x08004904                LPTIM5_IRQHandler
 .text.SystemInit
                0x08004910       0x64 Src/system_stm32h7xx.o
                0x08004910                SystemInit
 .text.Reset_Handler
                0x08004974       0x50 startup/startup_stm32h743xx.o
                0x08004974                Reset_Handler
 .text.Default_Handler
                0x080049c4        0x2 startup/startup_stm32h743xx.o
                0x080049c4                RTC_Alarm_IRQHandler
                0x080049c4                EXTI2_IRQHandler
                0x080049c4                TIM8_CC_IRQHandler
                0x080049c4                HRTIM1_Master_IRQHandler
                0x080049c4                UART8_IRQHandler
                0x080049c4                SPI4_IRQHandler
                0x080049c4                TIM1_CC_IRQHandler
                0x080049c4                BDMA_Channel6_IRQHandler
                0x080049c4                DMA2_Stream5_IRQHandler
                0x080049c4                HRTIM1_FLT_IRQHandler
                0x080049c4                JPEG_IRQHandler
                0x080049c4                DMA1_Stream5_IRQHandler
                0x080049c4                BDMA_Channel1_IRQHandler
                0x080049c4                HRTIM1_TIMD_IRQHandler
                0x080049c4                TAMP_STAMP_IRQHandler
                0x080049c4                EXTI3_IRQHandler
                0x080049c4                LPTIM4_IRQHandler
                0x080049c4                TIM8_TRG_COM_TIM14_IRQHandler
                0x080049c4                LPTIM2_IRQHandler
                0x080049c4                DFSDM1_FLT1_IRQHandler
                0x080049c4                DMAMUX2_OVR_IRQHandler
                0x080049c4                TIM8_UP_TIM13_IRQHandler
                0x080049c4                I2C3_ER_IRQHandler
                0x080049c4                DFSDM1_FLT2_IRQHandler
                0x080049c4                MDMA_IRQHandler
                0x080049c4                LPTIM3_IRQHandler
                0x080049c4                HSEM1_IRQHandler
                0x080049c4                EXTI0_IRQHandler
                0x080049c4                I2C2_EV_IRQHandler
                0x080049c4                DMA1_Stream2_IRQHandler
                0x080049c4                FPU_IRQHandler
                0x080049c4                OTG_HS_WKUP_IRQHandler
                0x080049c4                FDCAN1_IT1_IRQHandler
                0x080049c4                LTDC_ER_IRQHandler
                0x080049c4                DMA2_Stream2_IRQHandler
                0x080049c4                HRTIM1_TIME_IRQHandler
                0x080049c4                SPI1_IRQHandler
                0x080049c4                TIM6_DAC_IRQHandler
                0x080049c4                DCMI_IRQHandler
                0x080049c4                HRTIM1_TIMC_IRQHandler
                0x080049c4                DMA2_Stream3_IRQHandler
                0x080049c4                DFSDM1_FLT3_IRQHandler
                0x080049c4                USART6_IRQHandler
                0x080049c4                TIM17_IRQHandler
                0x080049c4                USART3_IRQHandler
                0x080049c4                BDMA_Channel7_IRQHandler
                0x080049c4                UART5_IRQHandler
                0x080049c4                ADC3_IRQHandler
                0x080049c4                DMA2_Stream0_IRQHandler
                0x080049c4                TIM4_IRQHandler
                0x080049c4                BDMA_Channel2_IRQHandler
                0x080049c4                QUADSPI_IRQHandler
                0x080049c4                I2C1_EV_IRQHandler
                0x080049c4                DMA1_Stream6_IRQHandler
                0x080049c4                DMAMUX1_OVR_IRQHandler
                0x080049c4                TIM16_IRQHandler
                0x080049c4                UART4_IRQHandler
                0x080049c4                BDMA_Channel5_IRQHandler
                0x080049c4                TIM3_IRQHandler
                0x080049c4                RCC_IRQHandler
                0x080049c4                TIM8_BRK_TIM12_IRQHandler
                0x080049c4                TIM1_TRG_COM_IRQHandler
                0x080049c4                Default_Handler
                0x080049c4                CEC_IRQHandler
                0x080049c4                EXTI15_10_IRQHandler
                0x080049c4                BDMA_Channel0_IRQHandler
                0x080049c4                ADC_IRQHandler
                0x080049c4                DMA1_Stream7_IRQHandler
                0x080049c4                HRTIM1_TIMA_IRQHandler
                0x080049c4                TIM7_IRQHandler
                0x080049c4                SDMMC1_IRQHandler
                0x080049c4                TIM5_IRQHandler
                0x080049c4                DMA2_Stream7_IRQHandler
                0x080049c4                TIM15_IRQHandler
                0x080049c4                PVD_AVD_IRQHandler
                0x080049c4                I2C3_EV_IRQHandler
                0x080049c4                EXTI9_5_IRQHandler
                0x080049c4                RTC_WKUP_IRQHandler
                0x080049c4                LTDC_IRQHandler
                0x080049c4                SAI3_IRQHandler
                0x080049c4                ETH_WKUP_IRQHandler
                0x080049c4                SPDIF_RX_IRQHandler
                0x080049c4                SPI2_IRQHandler
                0x080049c4                OTG_HS_EP1_IN_IRQHandler
                0x080049c4                CRS_IRQHandler
                0x080049c4                EXTI4_IRQHandler
                0x080049c4                RNG_IRQHandler
                0x080049c4                HRTIM1_TIMB_IRQHandler
                0x080049c4                FDCAN2_IT1_IRQHandler
                0x080049c4                ETH_IRQHandler
                0x080049c4                TIM1_UP_IRQHandler
                0x080049c4                BDMA_Channel4_IRQHandler
                0x080049c4                OTG_HS_EP1_OUT_IRQHandler
                0x080049c4                WWDG_IRQHandler
                0x080049c4                SPI6_IRQHandler
                0x080049c4                MDIOS_IRQHandler
                0x080049c4                I2C4_EV_IRQHandler
                0x080049c4                FDCAN2_IT0_IRQHandler
                0x080049c4                LPUART1_IRQHandler
                0x080049c4                FDCAN1_IT0_IRQHandler
                0x080049c4                TIM2_IRQHandler
                0x080049c4                OTG_FS_WKUP_IRQHandler
                0x080049c4                OTG_HS_IRQHandler
                0x080049c4                DMA2D_IRQHandler
                0x080049c4                TIM1_BRK_IRQHandler
                0x080049c4                EXTI1_IRQHandler
                0x080049c4                SDMMC2_IRQHandler
                0x080049c4                OTG_FS_EP1_OUT_IRQHandler
                0x080049c4                BDMA_Channel3_IRQHandler
                0x080049c4                UART7_IRQHandler
                0x080049c4                MDIOS_WKUP_IRQHandler
                0x080049c4                USART2_IRQHandler
                0x080049c4                DFSDM1_FLT0_IRQHandler
                0x080049c4                SAI4_IRQHandler
                0x080049c4                I2C2_ER_IRQHandler
                0x080049c4                DMA2_Stream1_IRQHandler
                0x080049c4                FLASH_IRQHandler
                0x080049c4                DMA2_Stream4_IRQHandler
                0x080049c4                USART1_IRQHandler
                0x080049c4                OTG_FS_IRQHandler
                0x080049c4                SPI3_IRQHandler
                0x080049c4                WAKEUP_PIN_IRQHandler
                0x080049c4                DMA1_Stream4_IRQHandler
                0x080049c4                OTG_FS_EP1_IN_IRQHandler
                0x080049c4                I2C1_ER_IRQHandler
                0x080049c4                FDCAN_CAL_IRQHandler
                0x080049c4                SWPMI1_IRQHandler
                0x080049c4                COMP1_IRQHandler
                0x080049c4                LPTIM1_IRQHandler
                0x080049c4                I2C4_ER_IRQHandler
                0x080049c4                DMA2_Stream6_IRQHandler
                0x080049c4                SAI1_IRQHandler
                0x080049c4                DMA1_Stream3_IRQHandler
 *fill*         0x080049c6        0x2 
 .text.__libc_init_array
                0x080049c8       0x48 d:/ac6/systemworkbench/plugins/fr.ac6.mcu.externaltools.arm-none.win32_1.15.0.201708311556/tools/compiler/bin/../lib/gcc/arm-none-eabi/6.3.1/../../../../arm-none-eabi/lib/thumb/v7e-m/fpv5/hard\libc_nano.a(lib_a-init.o)
                0x080049c8                __libc_init_array
 .text.memcpy   0x08004a10       0x16 d:/ac6/systemworkbench/plugins/fr.ac6.mcu.externaltools.arm-none.win32_1.15.0.201708311556/tools/compiler/bin/../lib/gcc/arm-none-eabi/6.3.1/../../../../arm-none-eabi/lib/thumb/v7e-m/fpv5/hard\libc_nano.a(lib_a-memcpy-stub.o)
                0x08004a10                memcpy
 *(.glue_7)
 .glue_7        0x08004a26        0x0 linker stubs
 *(.glue_7t)
 .glue_7t       0x08004a26        0x0 linker stubs
 *(.eh_frame)
 *fill*         0x08004a26        0x2 
 .eh_frame      0x08004a28        0x0 d:/ac6/systemworkbench/plugins/fr.ac6.mcu.externaltools.arm-none.win32_1.15.0.201708311556/tools/compiler/bin/../lib/gcc/arm-none-eabi/6.3.1/thumb/v7e-m/fpv5/hard/crtbegin.o
 *(.init)
 .init          0x08004a28        0x4 d:/ac6/systemworkbench/plugins/fr.ac6.mcu.externaltools.arm-none.win32_1.15.0.201708311556/tools/compiler/bin/../lib/gcc/arm-none-eabi/6.3.1/thumb/v7e-m/fpv5/hard/crti.o
                0x08004a28                _init
 .init          0x08004a2c        0x8 d:/ac6/systemworkbench/plugins/fr.ac6.mcu.externaltools.arm-none.win32_1.15.0.201708311556/tools/compiler/bin/../lib/gcc/arm-none-eabi/6.3.1/thumb/v7e-m/fpv5/hard/crtn.o
 *(.fini)
 .fini          0x08004a34        0x4 d:/ac6/systemworkbench/plugins/fr.ac6.mcu.externaltools.arm-none.win32_1.15.0.201708311556/tools/compiler/bin/../lib/gcc/arm-none-eabi/6.3.1/thumb/v7e-m/fpv5/hard/crti.o
                0x08004a34                _fini
 .fini          0x08004a38        0x8 d:/ac6/systemworkbench/plugins/fr.ac6.mcu.externaltools.arm-none.win32_1.15.0.201708311556/tools/compiler/bin/../lib/gcc/arm-none-eabi/6.3.1/thumb/v7e-m/fpv5/hard/crtn.o
                0x08004a40                . = ALIGN (0x4)
                0x08004a40                _etext = .

.vfp11_veneer   0x08004a40        0x0
 .vfp11_veneer  0x08004a40        0x0 linker stubs

.v4_bx          0x08004a40        0x0
 .v4_bx         0x08004a40        0x0 linker stubs

.iplt           0x08004a40        0x0
 .iplt          0x08004a40        0x0 d:/ac6/systemworkbench/plugins/fr.ac6.mcu.externaltools.arm-none.win32_1.15.0.201708311556/tools/compiler/bin/../lib/gcc/arm-none-eabi/6.3.1/thumb/v7e-m/fpv5/hard/crtbegin.o

.rodata         0x08004a40       0x34
                0x08004a40                . = ALIGN (0x4)
 *(.rodata)
 .rodata        0x08004a40        0x8 Drivers/STM32H7xx_HAL_Driver/Src/stm32h7xx_hal_dma.o
 .rodata        0x08004a48       0x10 Src/system_stm32h7xx.o
                0x08004a48                D1CorePrescTable
 *(.rodata*)
 .rodata.str1.4
                0x08004a58       0x1c Src/stm32h7xx_hal_msp.o
                                 0x1b (size before relaxing)
                0x08004a74                . = ALIGN (0x4)

.rel.dyn        0x08004a74        0x0
 .rel.iplt      0x08004a74        0x0 d:/ac6/systemworkbench/plugins/fr.ac6.mcu.externaltools.arm-none.win32_1.15.0.201708311556/tools/compiler/bin/../lib/gcc/arm-none-eabi/6.3.1/thumb/v7e-m/fpv5/hard/crtbegin.o

.ARM.extab
 *(.ARM.extab* .gnu.linkonce.armextab.*)

.ARM            0x08004a74        0x0
                0x08004a74                __exidx_start = .
 *(.ARM.exidx*)
                0x08004a74                __exidx_end = .

.preinit_array  0x08004a74        0x0
                0x08004a74                PROVIDE (__preinit_array_start, .)
 *(.preinit_array*)
                0x08004a74                PROVIDE (__preinit_array_end, .)

.init_array     0x08004a74        0x4
                0x08004a74                PROVIDE (__init_array_start, .)
 *(SORT(.init_array.*))
 *(.init_array*)
 .init_array    0x08004a74        0x4 d:/ac6/systemworkbench/plugins/fr.ac6.mcu.externaltools.arm-none.win32_1.15.0.201708311556/tools/compiler/bin/../lib/gcc/arm-none-eabi/6.3.1/thumb/v7e-m/fpv5/hard/crtbegin.o
                0x08004a78                PROVIDE (__init_array_end, .)

.fini_array     0x08004a78        0x4
                [!provide]                PROVIDE (__fini_array_start, .)
 *(SORT(.fini_array.*))
 *(.fini_array*)
 .fini_array    0x08004a78        0x4 d:/ac6/systemworkbench/plugins/fr.ac6.mcu.externaltools.arm-none.win32_1.15.0.201708311556/tools/compiler/bin/../lib/gcc/arm-none-eabi/6.3.1/thumb/v7e-m/fpv5/hard/crtbegin.o
                [!provide]                PROVIDE (__fini_array_end, .)
                0x08004a7c                _sidata = LOADADDR (.data)

.data           0x20000000       0x10 load address 0x08004a7c
                0x20000000                . = ALIGN (0x4)
                0x20000000                _sdata = .
 *(.data)
 .data          0x20000000        0x8 Drivers/STM32H7xx_HAL_Driver/Src/stm32h7xx_hal.o
 .data          0x20000008        0x8 Src/system_stm32h7xx.o
                0x20000008                SystemCoreClock
                0x2000000c                SystemD2Clock
 *(.data*)
                0x20000010                . = ALIGN (0x4)
                0x20000010                _edata = .

.jcr            0x20000010        0x0 load address 0x08004a8c
 .jcr           0x20000010        0x0 d:/ac6/systemworkbench/plugins/fr.ac6.mcu.externaltools.arm-none.win32_1.15.0.201708311556/tools/compiler/bin/../lib/gcc/arm-none-eabi/6.3.1/thumb/v7e-m/fpv5/hard/crtbegin.o

.igot.plt       0x20000010        0x0 load address 0x08004a8c
 .igot.plt      0x20000010        0x0 d:/ac6/systemworkbench/plugins/fr.ac6.mcu.externaltools.arm-none.win32_1.15.0.201708311556/tools/compiler/bin/../lib/gcc/arm-none-eabi/6.3.1/thumb/v7e-m/fpv5/hard/crtbegin.o
                0x20000010                . = ALIGN (0x4)

.bss            0x20000010      0x3b0 load address 0x08004a8c
                0x20000010                _sbss = .
                0x20000010                __bss_start__ = _sbss
 *(.bss)
 .bss           0x20000010       0x1c d:/ac6/systemworkbench/plugins/fr.ac6.mcu.externaltools.arm-none.win32_1.15.0.201708311556/tools/compiler/bin/../lib/gcc/arm-none-eabi/6.3.1/thumb/v7e-m/fpv5/hard/crtbegin.o
 .bss           0x2000002c        0x4 Drivers/STM32H7xx_HAL_Driver/Src/stm32h7xx_hal.o
 .bss           0x20000030        0xc Src/stm32h7xx_hal_msp.o
 *(.bss*)
 *(COMMON)
 COMMON         0x2000003c       0x20 Src/CODEC.o
                0x2000003c                SendSamples
 COMMON         0x2000005c      0x364 Src/main.o
                0x2000005c                hsai_BlockB2
                0x200000f0                hdma_sai2_b
                0x20000168                hspi5
                0x200001f0                hsai_BlockA2
                0x20000284                hlptim3
                0x200002bc                hlptim5
                0x200002f4                hdma_sai2_a
                0x2000036c                hsdram1
                0x200003a0                ReceiveSamples
                0x200003c0                . = ALIGN (0x4)
                0x200003c0                _ebss = .
                0x200003c0                __bss_end__ = _ebss

._user_heap_stack
                0x200003c0      0x600 load address 0x08004a8c
                0x200003c0                . = ALIGN (0x8)
                [!provide]                PROVIDE (end, .)
                [!provide]                PROVIDE (_end, .)
                0x200005c0                . = (. + _Min_Heap_Size)
 *fill*         0x200003c0      0x200 
                0x200009c0                . = (. + _Min_Stack_Size)
 *fill*         0x200005c0      0x400 
                0x200009c0                . = ALIGN (0x8)

/DISCARD/
 libc.a(*)
 libm.a(*)
 libgcc.a(*)

.ARM.attributes
                0x00000000       0x2e
 *(.ARM.attributes)
 .ARM.attributes
                0x00000000       0x20 d:/ac6/systemworkbench/plugins/fr.ac6.mcu.externaltools.arm-none.win32_1.15.0.201708311556/tools/compiler/bin/../lib/gcc/arm-none-eabi/6.3.1/thumb/v7e-m/fpv5/hard/crti.o
 .ARM.attributes
                0x00000020       0x32 d:/ac6/systemworkbench/plugins/fr.ac6.mcu.externaltools.arm-none.win32_1.15.0.201708311556/tools/compiler/bin/../lib/gcc/arm-none-eabi/6.3.1/thumb/v7e-m/fpv5/hard/crtbegin.o
 .ARM.attributes
                0x00000052       0x37 Drivers/STM32H7xx_HAL_Driver/Src/stm32h7xx_hal.o
 .ARM.attributes
                0x00000089       0x37 Drivers/STM32H7xx_HAL_Driver/Src/stm32h7xx_hal_cortex.o
 .ARM.attributes
                0x000000c0       0x37 Drivers/STM32H7xx_HAL_Driver/Src/stm32h7xx_hal_dma.o
 .ARM.attributes
                0x000000f7       0x37 Drivers/STM32H7xx_HAL_Driver/Src/stm32h7xx_hal_gpio.o
 .ARM.attributes
                0x0000012e       0x37 Drivers/STM32H7xx_HAL_Driver/Src/stm32h7xx_hal_lptim.o
 .ARM.attributes
                0x00000165       0x37 Drivers/STM32H7xx_HAL_Driver/Src/stm32h7xx_hal_rcc.o
 .ARM.attributes
                0x0000019c       0x37 Drivers/STM32H7xx_HAL_Driver/Src/stm32h7xx_hal_rcc_ex.o
 .ARM.attributes
                0x000001d3       0x37 Drivers/STM32H7xx_HAL_Driver/Src/stm32h7xx_hal_sai.o
 .ARM.attributes
                0x0000020a       0x37 Drivers/STM32H7xx_HAL_Driver/Src/stm32h7xx_hal_sdram.o
 .ARM.attributes
                0x00000241       0x37 Drivers/STM32H7xx_HAL_Driver/Src/stm32h7xx_hal_spi.o
 .ARM.attributes
                0x00000278       0x37 Drivers/STM32H7xx_HAL_Driver/Src/stm32h7xx_ll_fmc.o
 .ARM.attributes
                0x000002af       0x37 Src/CODEC.o
 .ARM.attributes
                0x000002e6       0x37 Src/main.o
 .ARM.attributes
                0x0000031d       0x37 Src/stm32h7xx_hal_msp.o
 .ARM.attributes
                0x00000354       0x37 Src/stm32h7xx_it.o
 .ARM.attributes
                0x0000038b       0x37 Src/system_stm32h7xx.o
 .ARM.attributes
                0x000003c2       0x21 startup/startup_stm32h743xx.o
 .ARM.attributes
                0x000003e3       0x32 d:/ac6/systemworkbench/plugins/fr.ac6.mcu.externaltools.arm-none.win32_1.15.0.201708311556/tools/compiler/bin/../lib/gcc/arm-none-eabi/6.3.1/../../../../arm-none-eabi/lib/thumb/v7e-m/fpv5/hard\libc_nano.a(lib_a-init.o)
 .ARM.attributes
                0x00000415       0x32 d:/ac6/systemworkbench/plugins/fr.ac6.mcu.externaltools.arm-none.win32_1.15.0.201708311556/tools/compiler/bin/../lib/gcc/arm-none-eabi/6.3.1/../../../../arm-none-eabi/lib/thumb/v7e-m/fpv5/hard\libc_nano.a(lib_a-memcpy-stub.o)
 .ARM.attributes
                0x00000447       0x20 d:/ac6/systemworkbench/plugins/fr.ac6.mcu.externaltools.arm-none.win32_1.15.0.201708311556/tools/compiler/bin/../lib/gcc/arm-none-eabi/6.3.1/thumb/v7e-m/fpv5/hard/crtn.o
OUTPUT(Firmware_v0.0.elf elf32-littlearm)

.debug_info     0x00000000    0x1c017
 .debug_info    0x00000000     0x1d19 Drivers/STM32H7xx_HAL_Driver/Src/stm32h7xx_hal.o
 .debug_info    0x00001d19     0x1a09 Drivers/STM32H7xx_HAL_Driver/Src/stm32h7xx_hal_cortex.o
 .debug_info    0x00003722     0x1551 Drivers/STM32H7xx_HAL_Driver/Src/stm32h7xx_hal_dma.o
 .debug_info    0x00004c73     0x1475 Drivers/STM32H7xx_HAL_Driver/Src/stm32h7xx_hal_gpio.o
 .debug_info    0x000060e8     0x13ea Drivers/STM32H7xx_HAL_Driver/Src/stm32h7xx_hal_lptim.o
 .debug_info    0x000074d2     0x1abf Drivers/STM32H7xx_HAL_Driver/Src/stm32h7xx_hal_rcc.o
 .debug_info    0x00008f91     0x1faa Drivers/STM32H7xx_HAL_Driver/Src/stm32h7xx_hal_rcc_ex.o
 .debug_info    0x0000af3b     0x22a2 Drivers/STM32H7xx_HAL_Driver/Src/stm32h7xx_hal_sai.o
 .debug_info    0x0000d1dd     0x172f Drivers/STM32H7xx_HAL_Driver/Src/stm32h7xx_hal_sdram.o
 .debug_info    0x0000e90c     0x2268 Drivers/STM32H7xx_HAL_Driver/Src/stm32h7xx_hal_spi.o
 .debug_info    0x00010b74     0x14da Drivers/STM32H7xx_HAL_Driver/Src/stm32h7xx_ll_fmc.o
 .debug_info    0x0001204e     0x13cb Src/CODEC.o
 .debug_info    0x00013419     0x31b0 Src/main.o
 .debug_info    0x000165c9     0x2b39 Src/stm32h7xx_hal_msp.o
 .debug_info    0x00019102     0x1d4c Src/stm32h7xx_it.o
 .debug_info    0x0001ae4e     0x1146 Src/system_stm32h7xx.o
 .debug_info    0x0001bf94       0x83 startup/startup_stm32h743xx.o

.debug_abbrev   0x00000000     0x3442
 .debug_abbrev  0x00000000      0x3b0 Drivers/STM32H7xx_HAL_Driver/Src/stm32h7xx_hal.o
 .debug_abbrev  0x000003b0      0x3d6 Drivers/STM32H7xx_HAL_Driver/Src/stm32h7xx_hal_cortex.o
 .debug_abbrev  0x00000786      0x36e Drivers/STM32H7xx_HAL_Driver/Src/stm32h7xx_hal_dma.o
 .debug_abbrev  0x00000af4      0x2ce Drivers/STM32H7xx_HAL_Driver/Src/stm32h7xx_hal_gpio.o
 .debug_abbrev  0x00000dc2      0x303 Drivers/STM32H7xx_HAL_Driver/Src/stm32h7xx_hal_lptim.o
 .debug_abbrev  0x000010c5      0x3a1 Drivers/STM32H7xx_HAL_Driver/Src/stm32h7xx_hal_rcc.o
 .debug_abbrev  0x00001466      0x3c6 Drivers/STM32H7xx_HAL_Driver/Src/stm32h7xx_hal_rcc_ex.o
 .debug_abbrev  0x0000182c      0x3e3 Drivers/STM32H7xx_HAL_Driver/Src/stm32h7xx_hal_sai.o
 .debug_abbrev  0x00001c0f      0x315 Drivers/STM32H7xx_HAL_Driver/Src/stm32h7xx_hal_sdram.o
 .debug_abbrev  0x00001f24      0x431 Drivers/STM32H7xx_HAL_Driver/Src/stm32h7xx_hal_spi.o
 .debug_abbrev  0x00002355      0x286 Drivers/STM32H7xx_HAL_Driver/Src/stm32h7xx_ll_fmc.o
 .debug_abbrev  0x000025db      0x284 Src/CODEC.o
 .debug_abbrev  0x0000285f      0x392 Src/main.o
 .debug_abbrev  0x00002bf1      0x32e Src/stm32h7xx_hal_msp.o
 .debug_abbrev  0x00002f1f      0x2ae Src/stm32h7xx_it.o
 .debug_abbrev  0x000031cd      0x263 Src/system_stm32h7xx.o
 .debug_abbrev  0x00003430       0x12 startup/startup_stm32h743xx.o

.debug_loc      0x00000000     0x8c47
 .debug_loc     0x00000000      0x4f7 Drivers/STM32H7xx_HAL_Driver/Src/stm32h7xx_hal.o
 .debug_loc     0x000004f7      0x613 Drivers/STM32H7xx_HAL_Driver/Src/stm32h7xx_hal_cortex.o
 .debug_loc     0x00000b0a      0xdec Drivers/STM32H7xx_HAL_Driver/Src/stm32h7xx_hal_dma.o
 .debug_loc     0x000018f6      0x41a Drivers/STM32H7xx_HAL_Driver/Src/stm32h7xx_hal_gpio.o
 .debug_loc     0x00001d10      0x726 Drivers/STM32H7xx_HAL_Driver/Src/stm32h7xx_hal_lptim.o
 .debug_loc     0x00002436      0x5dd Drivers/STM32H7xx_HAL_Driver/Src/stm32h7xx_hal_rcc.o
 .debug_loc     0x00002a13     0x106a Drivers/STM32H7xx_HAL_Driver/Src/stm32h7xx_hal_rcc_ex.o
 .debug_loc     0x00003a7d     0x1cbf Drivers/STM32H7xx_HAL_Driver/Src/stm32h7xx_hal_sai.o
 .debug_loc     0x0000573c      0xb20 Drivers/STM32H7xx_HAL_Driver/Src/stm32h7xx_hal_sdram.o
 .debug_loc     0x0000625c     0x19aa Drivers/STM32H7xx_HAL_Driver/Src/stm32h7xx_hal_spi.o
 .debug_loc     0x00007c06      0x8c3 Drivers/STM32H7xx_HAL_Driver/Src/stm32h7xx_ll_fmc.o
 .debug_loc     0x000084c9      0x1ee Src/CODEC.o
 .debug_loc     0x000086b7      0x19d Src/main.o
 .debug_loc     0x00008854      0x1be Src/stm32h7xx_hal_msp.o
 .debug_loc     0x00008a12      0x235 Src/system_stm32h7xx.o

.debug_aranges  0x00000000      0xaf8
 .debug_aranges
                0x00000000      0x198 Drivers/STM32H7xx_HAL_Driver/Src/stm32h7xx_hal.o
 .debug_aranges
                0x00000198       0xa0 Drivers/STM32H7xx_HAL_Driver/Src/stm32h7xx_hal_cortex.o
 .debug_aranges
                0x00000238       0x88 Drivers/STM32H7xx_HAL_Driver/Src/stm32h7xx_hal_dma.o
 .debug_aranges
                0x000002c0       0x58 Drivers/STM32H7xx_HAL_Driver/Src/stm32h7xx_hal_gpio.o
 .debug_aranges
                0x00000318       0xf0 Drivers/STM32H7xx_HAL_Driver/Src/stm32h7xx_hal_lptim.o
 .debug_aranges
                0x00000408       0x80 Drivers/STM32H7xx_HAL_Driver/Src/stm32h7xx_hal_rcc.o
 .debug_aranges
                0x00000488       0xd0 Drivers/STM32H7xx_HAL_Driver/Src/stm32h7xx_hal_rcc_ex.o
 .debug_aranges
                0x00000558      0x130 Drivers/STM32H7xx_HAL_Driver/Src/stm32h7xx_hal_sai.o
 .debug_aranges
                0x00000688       0xb0 Drivers/STM32H7xx_HAL_Driver/Src/stm32h7xx_hal_sdram.o
 .debug_aranges
                0x00000738      0x150 Drivers/STM32H7xx_HAL_Driver/Src/stm32h7xx_hal_spi.o
 .debug_aranges
                0x00000888       0xc8 Drivers/STM32H7xx_HAL_Driver/Src/stm32h7xx_ll_fmc.o
 .debug_aranges
                0x00000950       0x48 Src/CODEC.o
 .debug_aranges
                0x00000998       0x38 Src/main.o
 .debug_aranges
                0x000009d0       0x60 Src/stm32h7xx_hal_msp.o
 .debug_aranges
                0x00000a30       0x78 Src/stm32h7xx_it.o
 .debug_aranges
                0x00000aa8       0x28 Src/system_stm32h7xx.o
 .debug_aranges
                0x00000ad0       0x28 startup/startup_stm32h743xx.o

.debug_ranges   0x00000000     0x1570
 .debug_ranges  0x00000000      0x1a0 Drivers/STM32H7xx_HAL_Driver/Src/stm32h7xx_hal.o
 .debug_ranges  0x000001a0      0x178 Drivers/STM32H7xx_HAL_Driver/Src/stm32h7xx_hal_cortex.o
 .debug_ranges  0x00000318      0x140 Drivers/STM32H7xx_HAL_Driver/Src/stm32h7xx_hal_dma.o
 .debug_ranges  0x00000458       0x78 Drivers/STM32H7xx_HAL_Driver/Src/stm32h7xx_hal_gpio.o
 .debug_ranges  0x000004d0       0xe0 Drivers/STM32H7xx_HAL_Driver/Src/stm32h7xx_hal_lptim.o
 .debug_ranges  0x000005b0      0x268 Drivers/STM32H7xx_HAL_Driver/Src/stm32h7xx_hal_rcc.o
 .debug_ranges  0x00000818      0x258 Drivers/STM32H7xx_HAL_Driver/Src/stm32h7xx_hal_rcc_ex.o
 .debug_ranges  0x00000a70      0x478 Drivers/STM32H7xx_HAL_Driver/Src/stm32h7xx_hal_sai.o
 .debug_ranges  0x00000ee8       0xa0 Drivers/STM32H7xx_HAL_Driver/Src/stm32h7xx_hal_sdram.o
 .debug_ranges  0x00000f88      0x1c8 Drivers/STM32H7xx_HAL_Driver/Src/stm32h7xx_hal_spi.o
 .debug_ranges  0x00001150       0xb8 Drivers/STM32H7xx_HAL_Driver/Src/stm32h7xx_ll_fmc.o
 .debug_ranges  0x00001208       0x38 Src/CODEC.o
 .debug_ranges  0x00001240       0xd8 Src/main.o
 .debug_ranges  0x00001318      0x1a0 Src/stm32h7xx_hal_msp.o
 .debug_ranges  0x000014b8       0x68 Src/stm32h7xx_it.o
 .debug_ranges  0x00001520       0x30 Src/system_stm32h7xx.o
 .debug_ranges  0x00001550       0x20 startup/startup_stm32h743xx.o

.debug_macro    0x00000000    0x343b0
 .debug_macro   0x00000000      0x38b Drivers/STM32H7xx_HAL_Driver/Src/stm32h7xx_hal.o
 .debug_macro   0x0000038b      0x8c8 Drivers/STM32H7xx_HAL_Driver/Src/stm32h7xx_hal.o
 .debug_macro   0x00000c53       0x64 Drivers/STM32H7xx_HAL_Driver/Src/stm32h7xx_hal.o
 .debug_macro   0x00000cb7       0xb1 Drivers/STM32H7xx_HAL_Driver/Src/stm32h7xx_hal.o
 .debug_macro   0x00000d68       0x2e Drivers/STM32H7xx_HAL_Driver/Src/stm32h7xx_hal.o
 .debug_macro   0x00000d96       0x3b Drivers/STM32H7xx_HAL_Driver/Src/stm32h7xx_hal.o
 .debug_macro   0x00000dd1       0x22 Drivers/STM32H7xx_HAL_Driver/Src/stm32h7xx_hal.o
 .debug_macro   0x00000df3       0x87 Drivers/STM32H7xx_HAL_Driver/Src/stm32h7xx_hal.o
 .debug_macro   0x00000e7a       0x51 Drivers/STM32H7xx_HAL_Driver/Src/stm32h7xx_hal.o
 .debug_macro   0x00000ecb       0xef Drivers/STM32H7xx_HAL_Driver/Src/stm32h7xx_hal.o
 .debug_macro   0x00000fba       0x6a Drivers/STM32H7xx_HAL_Driver/Src/stm32h7xx_hal.o
 .debug_macro   0x00001024      0x1df Drivers/STM32H7xx_HAL_Driver/Src/stm32h7xx_hal.o
 .debug_macro   0x00001203       0x22 Drivers/STM32H7xx_HAL_Driver/Src/stm32h7xx_hal.o
 .debug_macro   0x00001225       0xaf Drivers/STM32H7xx_HAL_Driver/Src/stm32h7xx_hal.o
 .debug_macro   0x000012d4     0x128e Drivers/STM32H7xx_HAL_Driver/Src/stm32h7xx_hal.o
 .debug_macro   0x00002562    0x243b2 Drivers/STM32H7xx_HAL_Driver/Src/stm32h7xx_hal.o
 .debug_macro   0x00026914       0x43 Drivers/STM32H7xx_HAL_Driver/Src/stm32h7xx_hal.o
 .debug_macro   0x00026957     0x3631 Drivers/STM32H7xx_HAL_Driver/Src/stm32h7xx_hal.o
 .debug_macro   0x00029f88       0x58 Drivers/STM32H7xx_HAL_Driver/Src/stm32h7xx_hal.o
 .debug_macro   0x00029fe0       0x35 Drivers/STM32H7xx_HAL_Driver/Src/stm32h7xx_hal.o
 .debug_macro   0x0002a015       0x9c Drivers/STM32H7xx_HAL_Driver/Src/stm32h7xx_hal.o
 .debug_macro   0x0002a0b1       0x16 Drivers/STM32H7xx_HAL_Driver/Src/stm32h7xx_hal.o
 .debug_macro   0x0002a0c7       0x97 Drivers/STM32H7xx_HAL_Driver/Src/stm32h7xx_hal.o
 .debug_macro   0x0002a15e      0x330 Drivers/STM32H7xx_HAL_Driver/Src/stm32h7xx_hal.o
 .debug_macro   0x0002a48e       0xfd Drivers/STM32H7xx_HAL_Driver/Src/stm32h7xx_hal.o
 .debug_macro   0x0002a58b       0x10 Drivers/STM32H7xx_HAL_Driver/Src/stm32h7xx_hal.o
 .debug_macro   0x0002a59b       0x58 Drivers/STM32H7xx_HAL_Driver/Src/stm32h7xx_hal.o
 .debug_macro   0x0002a5f3       0x1f Drivers/STM32H7xx_HAL_Driver/Src/stm32h7xx_hal.o
 .debug_macro   0x0002a612       0x43 Drivers/STM32H7xx_HAL_Driver/Src/stm32h7xx_hal.o
 .debug_macro   0x0002a655       0x20 Drivers/STM32H7xx_HAL_Driver/Src/stm32h7xx_hal.o
 .debug_macro   0x0002a675      0x187 Drivers/STM32H7xx_HAL_Driver/Src/stm32h7xx_hal.o
 .debug_macro   0x0002a7fc       0x10 Drivers/STM32H7xx_HAL_Driver/Src/stm32h7xx_hal.o
 .debug_macro   0x0002a80c       0x1c Drivers/STM32H7xx_HAL_Driver/Src/stm32h7xx_hal.o
 .debug_macro   0x0002a828       0x52 Drivers/STM32H7xx_HAL_Driver/Src/stm32h7xx_hal.o
 .debug_macro   0x0002a87a       0x40 Drivers/STM32H7xx_HAL_Driver/Src/stm32h7xx_hal.o
 .debug_macro   0x0002a8ba       0x10 Drivers/STM32H7xx_HAL_Driver/Src/stm32h7xx_hal.o
 .debug_macro   0x0002a8ca       0x40 Drivers/STM32H7xx_HAL_Driver/Src/stm32h7xx_hal.o
 .debug_macro   0x0002a90a       0xd7 Drivers/STM32H7xx_HAL_Driver/Src/stm32h7xx_hal.o
 .debug_macro   0x0002a9e1       0x16 Drivers/STM32H7xx_HAL_Driver/Src/stm32h7xx_hal.o
 .debug_macro   0x0002a9f7      0x18b Drivers/STM32H7xx_HAL_Driver/Src/stm32h7xx_hal.o
 .debug_macro   0x0002ab82       0x50 Drivers/STM32H7xx_HAL_Driver/Src/stm32h7xx_hal.o
 .debug_macro   0x0002abd2     0x18d8 Drivers/STM32H7xx_HAL_Driver/Src/stm32h7xx_hal.o
 .debug_macro   0x0002c4aa      0xf30 Drivers/STM32H7xx_HAL_Driver/Src/stm32h7xx_hal.o
 .debug_macro   0x0002d3da      0x12a Drivers/STM32H7xx_HAL_Driver/Src/stm32h7xx_hal.o
 .debug_macro   0x0002d504      0x11e Drivers/STM32H7xx_HAL_Driver/Src/stm32h7xx_hal.o
 .debug_macro   0x0002d622      0x34f Drivers/STM32H7xx_HAL_Driver/Src/stm32h7xx_hal.o
 .debug_macro   0x0002d971       0x27 Drivers/STM32H7xx_HAL_Driver/Src/stm32h7xx_hal.o
 .debug_macro   0x0002d998      0x71f Drivers/STM32H7xx_HAL_Driver/Src/stm32h7xx_hal.o
 .debug_macro   0x0002e0b7      0x23a Drivers/STM32H7xx_HAL_Driver/Src/stm32h7xx_hal.o
 .debug_macro   0x0002e2f1       0x74 Drivers/STM32H7xx_HAL_Driver/Src/stm32h7xx_hal.o
 .debug_macro   0x0002e365      0x241 Drivers/STM32H7xx_HAL_Driver/Src/stm32h7xx_hal.o
 .debug_macro   0x0002e5a6      0x3a7 Drivers/STM32H7xx_HAL_Driver/Src/stm32h7xx_hal.o
 .debug_macro   0x0002e94d      0x359 Drivers/STM32H7xx_HAL_Driver/Src/stm32h7xx_hal.o
 .debug_macro   0x0002eca6       0x51 Drivers/STM32H7xx_HAL_Driver/Src/stm32h7xx_hal.o
 .debug_macro   0x0002ecf7       0x4a Drivers/STM32H7xx_HAL_Driver/Src/stm32h7xx_hal.o
 .debug_macro   0x0002ed41      0x209 Drivers/STM32H7xx_HAL_Driver/Src/stm32h7xx_hal.o
 .debug_macro   0x0002ef4a       0x5a Drivers/STM32H7xx_HAL_Driver/Src/stm32h7xx_hal.o
 .debug_macro   0x0002efa4       0x90 Drivers/STM32H7xx_HAL_Driver/Src/stm32h7xx_hal.o
 .debug_macro   0x0002f034      0x39f Drivers/STM32H7xx_HAL_Driver/Src/stm32h7xx_hal.o
 .debug_macro   0x0002f3d3      0x28e Drivers/STM32H7xx_HAL_Driver/Src/stm32h7xx_hal.o
 .debug_macro   0x0002f661      0x163 Drivers/STM32H7xx_HAL_Driver/Src/stm32h7xx_hal.o
 .debug_macro   0x0002f7c4      0x265 Drivers/STM32H7xx_HAL_Driver/Src/stm32h7xx_hal.o
 .debug_macro   0x0002fa29       0x35 Drivers/STM32H7xx_HAL_Driver/Src/stm32h7xx_hal.o
 .debug_macro   0x0002fa5e      0x3ad Drivers/STM32H7xx_HAL_Driver/Src/stm32h7xx_hal.o
 .debug_macro   0x0002fe0b       0x10 Drivers/STM32H7xx_HAL_Driver/Src/stm32h7xx_hal.o
 .debug_macro   0x0002fe1b       0xdd Drivers/STM32H7xx_HAL_Driver/Src/stm32h7xx_hal.o
 .debug_macro   0x0002fef8      0x51d Drivers/STM32H7xx_HAL_Driver/Src/stm32h7xx_hal.o
 .debug_macro   0x00030415      0x5ac Drivers/STM32H7xx_HAL_Driver/Src/stm32h7xx_hal.o
 .debug_macro   0x000309c1       0x9e Drivers/STM32H7xx_HAL_Driver/Src/stm32h7xx_hal.o
 .debug_macro   0x00030a5f      0x51a Drivers/STM32H7xx_HAL_Driver/Src/stm32h7xx_hal.o
 .debug_macro   0x00030f79      0x361 Drivers/STM32H7xx_HAL_Driver/Src/stm32h7xx_hal_cortex.o
 .debug_macro   0x000312da      0x3ae Drivers/STM32H7xx_HAL_Driver/Src/stm32h7xx_hal_dma.o
 .debug_macro   0x00031688      0x3a0 Drivers/STM32H7xx_HAL_Driver/Src/stm32h7xx_hal_gpio.o
 .debug_macro   0x00031a28      0x362 Drivers/STM32H7xx_HAL_Driver/Src/stm32h7xx_hal_lptim.o
 .debug_macro   0x00031d8a      0x385 Drivers/STM32H7xx_HAL_Driver/Src/stm32h7xx_hal_rcc.o
 .debug_macro   0x0003210f      0x373 Drivers/STM32H7xx_HAL_Driver/Src/stm32h7xx_hal_rcc_ex.o
 .debug_macro   0x00032482      0x385 Drivers/STM32H7xx_HAL_Driver/Src/stm32h7xx_hal_sai.o
 .debug_macro   0x00032807      0x361 Drivers/STM32H7xx_HAL_Driver/Src/stm32h7xx_hal_sdram.o
 .debug_macro   0x00032b68      0x367 Drivers/STM32H7xx_HAL_Driver/Src/stm32h7xx_hal_spi.o
 .debug_macro   0x00032ecf      0x361 Drivers/STM32H7xx_HAL_Driver/Src/stm32h7xx_ll_fmc.o
 .debug_macro   0x00033230      0x39b Src/CODEC.o
 .debug_macro   0x000335cb      0x3a2 Src/main.o
 .debug_macro   0x0003396d      0x361 Src/stm32h7xx_hal_msp.o
 .debug_macro   0x00033cce      0x37b Src/stm32h7xx_it.o
 .debug_macro   0x00034049      0x367 Src/system_stm32h7xx.o

.debug_line     0x00000000     0xd039
 .debug_line    0x00000000      0xc47 Drivers/STM32H7xx_HAL_Driver/Src/stm32h7xx_hal.o
 .debug_line    0x00000c47      0xae3 Drivers/STM32H7xx_HAL_Driver/Src/stm32h7xx_hal_cortex.o
 .debug_line    0x0000172a      0xf92 Drivers/STM32H7xx_HAL_Driver/Src/stm32h7xx_hal_dma.o
 .debug_line    0x000026bc      0xada Drivers/STM32H7xx_HAL_Driver/Src/stm32h7xx_hal_gpio.o
 .debug_line    0x00003196      0xcf8 Drivers/STM32H7xx_HAL_Driver/Src/stm32h7xx_hal_lptim.o
 .debug_line    0x00003e8e      0xde9 Drivers/STM32H7xx_HAL_Driver/Src/stm32h7xx_hal_rcc.o
 .debug_line    0x00004c77     0x10c2 Drivers/STM32H7xx_HAL_Driver/Src/stm32h7xx_hal_rcc_ex.o
 .debug_line    0x00005d39     0x1492 Drivers/STM32H7xx_HAL_Driver/Src/stm32h7xx_hal_sai.o
 .debug_line    0x000071cb      0xc02 Drivers/STM32H7xx_HAL_Driver/Src/stm32h7xx_hal_sdram.o
 .debug_line    0x00007dcd     0x1430 Drivers/STM32H7xx_HAL_Driver/Src/stm32h7xx_hal_spi.o
 .debug_line    0x000091fd      0xc05 Drivers/STM32H7xx_HAL_Driver/Src/stm32h7xx_ll_fmc.o
 .debug_line    0x00009e02      0x9b1 Src/CODEC.o
 .debug_line    0x0000a7b3      0xad9 Src/main.o
 .debug_line    0x0000b28c      0xad7 Src/stm32h7xx_hal_msp.o
 .debug_line    0x0000bd63      0x95d Src/stm32h7xx_it.o
 .debug_line    0x0000c6c0      0x8fa Src/system_stm32h7xx.o
 .debug_line    0x0000cfba       0x7f startup/startup_stm32h743xx.o

.debug_str      0x00000000   0x141360
 .debug_str     0x00000000   0x13cbec Drivers/STM32H7xx_HAL_Driver/Src/stm32h7xx_hal.o
                             0x13d1e5 (size before relaxing)
 .debug_str     0x0013cbec      0x42e Drivers/STM32H7xx_HAL_Driver/Src/stm32h7xx_hal_cortex.o
                             0x13cbbc (size before relaxing)
 .debug_str     0x0013d01a      0x9b1 Drivers/STM32H7xx_HAL_Driver/Src/stm32h7xx_hal_dma.o
                             0x13c806 (size before relaxing)
 .debug_str     0x0013d9cb      0x296 Drivers/STM32H7xx_HAL_Driver/Src/stm32h7xx_hal_gpio.o
                             0x13c3e4 (size before relaxing)
 .debug_str     0x0013dc61      0x5ad Drivers/STM32H7xx_HAL_Driver/Src/stm32h7xx_hal_lptim.o
                             0x13c40e (size before relaxing)
 .debug_str     0x0013e20e      0x54c Drivers/STM32H7xx_HAL_Driver/Src/stm32h7xx_hal_rcc.o
                             0x13c606 (size before relaxing)
 .debug_str     0x0013e75a      0x8b1 Drivers/STM32H7xx_HAL_Driver/Src/stm32h7xx_hal_rcc_ex.o
                             0x13c9b0 (size before relaxing)
 .debug_str     0x0013f00b      0x761 Drivers/STM32H7xx_HAL_Driver/Src/stm32h7xx_hal_sai.o
                             0x13c94e (size before relaxing)
 .debug_str     0x0013f76c      0x81e Drivers/STM32H7xx_HAL_Driver/Src/stm32h7xx_hal_sdram.o
                             0x13c6fd (size before relaxing)
 .debug_str     0x0013ff8a      0x7e2 Drivers/STM32H7xx_HAL_Driver/Src/stm32h7xx_hal_spi.o
                             0x13c984 (size before relaxing)
 .debug_str     0x0014076c      0x38f Drivers/STM32H7xx_HAL_Driver/Src/stm32h7xx_ll_fmc.o
                             0x13c47a (size before relaxing)
 .debug_str     0x00140afb      0x222 Src/CODEC.o
                             0x13c5d6 (size before relaxing)
 .debug_str     0x00140d1d      0x45f Src/main.o
                             0x13e234 (size before relaxing)
 .debug_str     0x0014117c       0x6b Src/stm32h7xx_hal_msp.o
                             0x13d8b4 (size before relaxing)
 .debug_str     0x001411e7      0x129 Src/stm32h7xx_it.o
                             0x13cea1 (size before relaxing)
 .debug_str     0x00141310       0x50 Src/system_stm32h7xx.o
                             0x13c134 (size before relaxing)

.comment        0x00000000       0x7f
 .comment       0x00000000       0x7f Drivers/STM32H7xx_HAL_Driver/Src/stm32h7xx_hal.o
                                 0x80 (size before relaxing)
 .comment       0x0000007f       0x80 Drivers/STM32H7xx_HAL_Driver/Src/stm32h7xx_hal_cortex.o
 .comment       0x0000007f       0x80 Drivers/STM32H7xx_HAL_Driver/Src/stm32h7xx_hal_dma.o
 .comment       0x0000007f       0x80 Drivers/STM32H7xx_HAL_Driver/Src/stm32h7xx_hal_gpio.o
 .comment       0x0000007f       0x80 Drivers/STM32H7xx_HAL_Driver/Src/stm32h7xx_hal_lptim.o
 .comment       0x0000007f       0x80 Drivers/STM32H7xx_HAL_Driver/Src/stm32h7xx_hal_rcc.o
 .comment       0x0000007f       0x80 Drivers/STM32H7xx_HAL_Driver/Src/stm32h7xx_hal_rcc_ex.o
 .comment       0x0000007f       0x80 Drivers/STM32H7xx_HAL_Driver/Src/stm32h7xx_hal_sai.o
 .comment       0x0000007f       0x80 Drivers/STM32H7xx_HAL_Driver/Src/stm32h7xx_hal_sdram.o
 .comment       0x0000007f       0x80 Drivers/STM32H7xx_HAL_Driver/Src/stm32h7xx_hal_spi.o
 .comment       0x0000007f       0x80 Drivers/STM32H7xx_HAL_Driver/Src/stm32h7xx_ll_fmc.o
 .comment       0x0000007f       0x80 Src/CODEC.o
 .comment       0x0000007f       0x80 Src/main.o
 .comment       0x0000007f       0x80 Src/stm32h7xx_hal_msp.o
 .comment       0x0000007f       0x80 Src/stm32h7xx_it.o
 .comment       0x0000007f       0x80 Src/system_stm32h7xx.o

.debug_frame    0x00000000     0x2424
 .debug_frame   0x00000000      0x3b0 Drivers/STM32H7xx_HAL_Driver/Src/stm32h7xx_hal.o
 .debug_frame   0x000003b0      0x188 Drivers/STM32H7xx_HAL_Driver/Src/stm32h7xx_hal_cortex.o
 .debug_frame   0x00000538      0x204 Drivers/STM32H7xx_HAL_Driver/Src/stm32h7xx_hal_dma.o
 .debug_frame   0x0000073c       0xd8 Drivers/STM32H7xx_HAL_Driver/Src/stm32h7xx_hal_gpio.o
 .debug_frame   0x00000814      0x3f0 Drivers/STM32H7xx_HAL_Driver/Src/stm32h7xx_hal_lptim.o
 .debug_frame   0x00000c04      0x168 Drivers/STM32H7xx_HAL_Driver/Src/stm32h7xx_hal_rcc.o
 .debug_frame   0x00000d6c      0x28c Drivers/STM32H7xx_HAL_Driver/Src/stm32h7xx_hal_rcc_ex.o
 .debug_frame   0x00000ff8      0x4e0 Drivers/STM32H7xx_HAL_Driver/Src/stm32h7xx_hal_sai.o
 .debug_frame   0x000014d8      0x2a0 Drivers/STM32H7xx_HAL_Driver/Src/stm32h7xx_hal_sdram.o
 .debug_frame   0x00001778      0x570 Drivers/STM32H7xx_HAL_Driver/Src/stm32h7xx_hal_spi.o
 .debug_frame   0x00001ce8      0x25c Drivers/STM32H7xx_HAL_Driver/Src/stm32h7xx_ll_fmc.o
 .debug_frame   0x00001f44      0x14c Src/CODEC.o
 .debug_frame   0x00002090       0x78 Src/main.o
 .debug_frame   0x00002108      0x140 Src/stm32h7xx_hal_msp.o
 .debug_frame   0x00002248      0x138 Src/stm32h7xx_it.o
 .debug_frame   0x00002380       0x50 Src/system_stm32h7xx.o
 .debug_frame   0x000023d0       0x2c d:/ac6/systemworkbench/plugins/fr.ac6.mcu.externaltools.arm-none.win32_1.15.0.201708311556/tools/compiler/bin/../lib/gcc/arm-none-eabi/6.3.1/../../../../arm-none-eabi/lib/thumb/v7e-m/fpv5/hard\libc_nano.a(lib_a-init.o)
 .debug_frame   0x000023fc       0x28 d:/ac6/systemworkbench/plugins/fr.ac6.mcu.externaltools.arm-none.win32_1.15.0.201708311556/tools/compiler/bin/../lib/gcc/arm-none-eabi/6.3.1/../../../../arm-none-eabi/lib/thumb/v7e-m/fpv5/hard\libc_nano.a(lib_a-memcpy-stub.o)
